Archive member included to satisfy reference by file (symbol)

c:/ac6/systemworkbench/plugins/fr.ac6.mcu.externaltools.arm-none.win32_1.17.0.201812190825/tools/compiler/bin/../lib/gcc/arm-none-eabi/7.3.1/../../../../arm-none-eabi/lib/thumb/v7e-m/fpv4-sp/hard\libc_nano.a(lib_a-errno.o)
                              Src/syscalls.o (__errno)
c:/ac6/systemworkbench/plugins/fr.ac6.mcu.externaltools.arm-none.win32_1.17.0.201812190825/tools/compiler/bin/../lib/gcc/arm-none-eabi/7.3.1/../../../../arm-none-eabi/lib/thumb/v7e-m/fpv4-sp/hard\libc_nano.a(lib_a-exit.o)
                              c:/ac6/systemworkbench/plugins/fr.ac6.mcu.externaltools.arm-none.win32_1.17.0.201812190825/tools/compiler/bin/../lib/gcc/arm-none-eabi/7.3.1/../../../../arm-none-eabi/lib/thumb/v7e-m/fpv4-sp/hard/crt0.o (exit)
c:/ac6/systemworkbench/plugins/fr.ac6.mcu.externaltools.arm-none.win32_1.17.0.201812190825/tools/compiler/bin/../lib/gcc/arm-none-eabi/7.3.1/../../../../arm-none-eabi/lib/thumb/v7e-m/fpv4-sp/hard\libc_nano.a(lib_a-impure.o)
                              c:/ac6/systemworkbench/plugins/fr.ac6.mcu.externaltools.arm-none.win32_1.17.0.201812190825/tools/compiler/bin/../lib/gcc/arm-none-eabi/7.3.1/../../../../arm-none-eabi/lib/thumb/v7e-m/fpv4-sp/hard\libc_nano.a(lib_a-exit.o) (_global_impure_ptr)
c:/ac6/systemworkbench/plugins/fr.ac6.mcu.externaltools.arm-none.win32_1.17.0.201812190825/tools/compiler/bin/../lib/gcc/arm-none-eabi/7.3.1/../../../../arm-none-eabi/lib/thumb/v7e-m/fpv4-sp/hard\libc_nano.a(lib_a-init.o)
                              c:/ac6/systemworkbench/plugins/fr.ac6.mcu.externaltools.arm-none.win32_1.17.0.201812190825/tools/compiler/bin/../lib/gcc/arm-none-eabi/7.3.1/../../../../arm-none-eabi/lib/thumb/v7e-m/fpv4-sp/hard/crt0.o (__libc_init_array)
c:/ac6/systemworkbench/plugins/fr.ac6.mcu.externaltools.arm-none.win32_1.17.0.201812190825/tools/compiler/bin/../lib/gcc/arm-none-eabi/7.3.1/../../../../arm-none-eabi/lib/thumb/v7e-m/fpv4-sp/hard\libc_nano.a(lib_a-memset.o)
                              c:/ac6/systemworkbench/plugins/fr.ac6.mcu.externaltools.arm-none.win32_1.17.0.201812190825/tools/compiler/bin/../lib/gcc/arm-none-eabi/7.3.1/../../../../arm-none-eabi/lib/thumb/v7e-m/fpv4-sp/hard/crt0.o (memset)

Discarded input sections

 .text          0x00000000        0x0 c:/ac6/systemworkbench/plugins/fr.ac6.mcu.externaltools.arm-none.win32_1.17.0.201812190825/tools/compiler/bin/../lib/gcc/arm-none-eabi/7.3.1/thumb/v7e-m/fpv4-sp/hard/crti.o
 .data          0x00000000        0x0 c:/ac6/systemworkbench/plugins/fr.ac6.mcu.externaltools.arm-none.win32_1.17.0.201812190825/tools/compiler/bin/../lib/gcc/arm-none-eabi/7.3.1/thumb/v7e-m/fpv4-sp/hard/crti.o
 .bss           0x00000000        0x0 c:/ac6/systemworkbench/plugins/fr.ac6.mcu.externaltools.arm-none.win32_1.17.0.201812190825/tools/compiler/bin/../lib/gcc/arm-none-eabi/7.3.1/thumb/v7e-m/fpv4-sp/hard/crti.o
 .data          0x00000000        0x4 c:/ac6/systemworkbench/plugins/fr.ac6.mcu.externaltools.arm-none.win32_1.17.0.201812190825/tools/compiler/bin/../lib/gcc/arm-none-eabi/7.3.1/thumb/v7e-m/fpv4-sp/hard/crtbegin.o
 .text          0x00000000       0x74 c:/ac6/systemworkbench/plugins/fr.ac6.mcu.externaltools.arm-none.win32_1.17.0.201812190825/tools/compiler/bin/../lib/gcc/arm-none-eabi/7.3.1/../../../../arm-none-eabi/lib/thumb/v7e-m/fpv4-sp/hard/crt0.o
 .data          0x00000000        0x0 c:/ac6/systemworkbench/plugins/fr.ac6.mcu.externaltools.arm-none.win32_1.17.0.201812190825/tools/compiler/bin/../lib/gcc/arm-none-eabi/7.3.1/../../../../arm-none-eabi/lib/thumb/v7e-m/fpv4-sp/hard/crt0.o
 .bss           0x00000000        0x0 c:/ac6/systemworkbench/plugins/fr.ac6.mcu.externaltools.arm-none.win32_1.17.0.201812190825/tools/compiler/bin/../lib/gcc/arm-none-eabi/7.3.1/../../../../arm-none-eabi/lib/thumb/v7e-m/fpv4-sp/hard/crt0.o
 .ARM.extab     0x00000000        0x0 c:/ac6/systemworkbench/plugins/fr.ac6.mcu.externaltools.arm-none.win32_1.17.0.201812190825/tools/compiler/bin/../lib/gcc/arm-none-eabi/7.3.1/../../../../arm-none-eabi/lib/thumb/v7e-m/fpv4-sp/hard/crt0.o
 .ARM.exidx     0x00000000        0x8 c:/ac6/systemworkbench/plugins/fr.ac6.mcu.externaltools.arm-none.win32_1.17.0.201812190825/tools/compiler/bin/../lib/gcc/arm-none-eabi/7.3.1/../../../../arm-none-eabi/lib/thumb/v7e-m/fpv4-sp/hard/crt0.o
 .ARM.attributes
                0x00000000       0x20 c:/ac6/systemworkbench/plugins/fr.ac6.mcu.externaltools.arm-none.win32_1.17.0.201812190825/tools/compiler/bin/../lib/gcc/arm-none-eabi/7.3.1/../../../../arm-none-eabi/lib/thumb/v7e-m/fpv4-sp/hard/crt0.o
 .group         0x00000000        0xc Drivers/STM32F4xx_HAL_Driver/Src/stm32f4xx_ll_dma.o
 .group         0x00000000        0xc Drivers/STM32F4xx_HAL_Driver/Src/stm32f4xx_ll_dma.o
 .group         0x00000000        0xc Drivers/STM32F4xx_HAL_Driver/Src/stm32f4xx_ll_dma.o
 .group         0x00000000        0xc Drivers/STM32F4xx_HAL_Driver/Src/stm32f4xx_ll_dma.o
 .group         0x00000000        0xc Drivers/STM32F4xx_HAL_Driver/Src/stm32f4xx_ll_dma.o
 .group         0x00000000        0xc Drivers/STM32F4xx_HAL_Driver/Src/stm32f4xx_ll_dma.o
 .group         0x00000000        0xc Drivers/STM32F4xx_HAL_Driver/Src/stm32f4xx_ll_dma.o
 .group         0x00000000        0xc Drivers/STM32F4xx_HAL_Driver/Src/stm32f4xx_ll_dma.o
 .group         0x00000000        0xc Drivers/STM32F4xx_HAL_Driver/Src/stm32f4xx_ll_dma.o
 .group         0x00000000        0xc Drivers/STM32F4xx_HAL_Driver/Src/stm32f4xx_ll_dma.o
 .group         0x00000000        0xc Drivers/STM32F4xx_HAL_Driver/Src/stm32f4xx_ll_dma.o
 .group         0x00000000        0xc Drivers/STM32F4xx_HAL_Driver/Src/stm32f4xx_ll_dma.o
 .group         0x00000000        0xc Drivers/STM32F4xx_HAL_Driver/Src/stm32f4xx_ll_dma.o
 .group         0x00000000        0xc Drivers/STM32F4xx_HAL_Driver/Src/stm32f4xx_ll_dma.o
 .group         0x00000000        0xc Drivers/STM32F4xx_HAL_Driver/Src/stm32f4xx_ll_dma.o
 .group         0x00000000        0xc Drivers/STM32F4xx_HAL_Driver/Src/stm32f4xx_ll_dma.o
 .group         0x00000000        0xc Drivers/STM32F4xx_HAL_Driver/Src/stm32f4xx_ll_dma.o
 .group         0x00000000        0xc Drivers/STM32F4xx_HAL_Driver/Src/stm32f4xx_ll_dma.o
 .text          0x00000000        0x0 Drivers/STM32F4xx_HAL_Driver/Src/stm32f4xx_ll_dma.o
 .data          0x00000000        0x0 Drivers/STM32F4xx_HAL_Driver/Src/stm32f4xx_ll_dma.o
 .bss           0x00000000        0x0 Drivers/STM32F4xx_HAL_Driver/Src/stm32f4xx_ll_dma.o
 .text.LL_DMA_DeInit
                0x00000000      0x208 Drivers/STM32F4xx_HAL_Driver/Src/stm32f4xx_ll_dma.o
 .text.LL_DMA_Init
                0x00000000       0x84 Drivers/STM32F4xx_HAL_Driver/Src/stm32f4xx_ll_dma.o
 .text.LL_DMA_StructInit
                0x00000000       0x22 Drivers/STM32F4xx_HAL_Driver/Src/stm32f4xx_ll_dma.o
 .rodata        0x00000000        0x8 Drivers/STM32F4xx_HAL_Driver/Src/stm32f4xx_ll_dma.o
 .debug_info    0x00000000      0x99c Drivers/STM32F4xx_HAL_Driver/Src/stm32f4xx_ll_dma.o
 .debug_abbrev  0x00000000      0x233 Drivers/STM32F4xx_HAL_Driver/Src/stm32f4xx_ll_dma.o
 .debug_loc     0x00000000      0x51b Drivers/STM32F4xx_HAL_Driver/Src/stm32f4xx_ll_dma.o
 .debug_aranges
                0x00000000       0x30 Drivers/STM32F4xx_HAL_Driver/Src/stm32f4xx_ll_dma.o
 .debug_ranges  0x00000000       0x20 Drivers/STM32F4xx_HAL_Driver/Src/stm32f4xx_ll_dma.o
 .debug_macro   0x00000000      0x140 Drivers/STM32F4xx_HAL_Driver/Src/stm32f4xx_ll_dma.o
 .debug_macro   0x00000000      0xaa2 Drivers/STM32F4xx_HAL_Driver/Src/stm32f4xx_ll_dma.o
 .debug_macro   0x00000000       0x32 Drivers/STM32F4xx_HAL_Driver/Src/stm32f4xx_ll_dma.o
 .debug_macro   0x00000000       0x28 Drivers/STM32F4xx_HAL_Driver/Src/stm32f4xx_ll_dma.o
 .debug_macro   0x00000000       0x22 Drivers/STM32F4xx_HAL_Driver/Src/stm32f4xx_ll_dma.o
 .debug_macro   0x00000000       0x8e Drivers/STM32F4xx_HAL_Driver/Src/stm32f4xx_ll_dma.o
 .debug_macro   0x00000000       0x51 Drivers/STM32F4xx_HAL_Driver/Src/stm32f4xx_ll_dma.o
 .debug_macro   0x00000000       0xef Drivers/STM32F4xx_HAL_Driver/Src/stm32f4xx_ll_dma.o
 .debug_macro   0x00000000       0x6a Drivers/STM32F4xx_HAL_Driver/Src/stm32f4xx_ll_dma.o
 .debug_macro   0x00000000      0x1df Drivers/STM32F4xx_HAL_Driver/Src/stm32f4xx_ll_dma.o
 .debug_macro   0x00000000       0x1c Drivers/STM32F4xx_HAL_Driver/Src/stm32f4xx_ll_dma.o
 .debug_macro   0x00000000       0x22 Drivers/STM32F4xx_HAL_Driver/Src/stm32f4xx_ll_dma.o
 .debug_macro   0x00000000       0xdf Drivers/STM32F4xx_HAL_Driver/Src/stm32f4xx_ll_dma.o
 .debug_macro   0x00000000     0x102d Drivers/STM32F4xx_HAL_Driver/Src/stm32f4xx_ll_dma.o
 .debug_macro   0x00000000      0x11f Drivers/STM32F4xx_HAL_Driver/Src/stm32f4xx_ll_dma.o
 .debug_macro   0x00000000     0xb857 Drivers/STM32F4xx_HAL_Driver/Src/stm32f4xx_ll_dma.o
 .debug_macro   0x00000000       0x43 Drivers/STM32F4xx_HAL_Driver/Src/stm32f4xx_ll_dma.o
 .debug_macro   0x00000000      0x1e0 Drivers/STM32F4xx_HAL_Driver/Src/stm32f4xx_ll_dma.o
 .debug_macro   0x00000000      0x116 Drivers/STM32F4xx_HAL_Driver/Src/stm32f4xx_ll_dma.o
 .debug_line    0x00000000      0x68c Drivers/STM32F4xx_HAL_Driver/Src/stm32f4xx_ll_dma.o
 .debug_str     0x00000000    0x51eba Drivers/STM32F4xx_HAL_Driver/Src/stm32f4xx_ll_dma.o
 .comment       0x00000000       0x80 Drivers/STM32F4xx_HAL_Driver/Src/stm32f4xx_ll_dma.o
 .debug_frame   0x00000000       0x68 Drivers/STM32F4xx_HAL_Driver/Src/stm32f4xx_ll_dma.o
 .ARM.attributes
                0x00000000       0x39 Drivers/STM32F4xx_HAL_Driver/Src/stm32f4xx_ll_dma.o
 .group         0x00000000        0xc Drivers/STM32F4xx_HAL_Driver/Src/stm32f4xx_ll_exti.o
 .group         0x00000000        0xc Drivers/STM32F4xx_HAL_Driver/Src/stm32f4xx_ll_exti.o
 .group         0x00000000        0xc Drivers/STM32F4xx_HAL_Driver/Src/stm32f4xx_ll_exti.o
 .group         0x00000000        0xc Drivers/STM32F4xx_HAL_Driver/Src/stm32f4xx_ll_exti.o
 .group         0x00000000        0xc Drivers/STM32F4xx_HAL_Driver/Src/stm32f4xx_ll_exti.o
 .group         0x00000000        0xc Drivers/STM32F4xx_HAL_Driver/Src/stm32f4xx_ll_exti.o
 .group         0x00000000        0xc Drivers/STM32F4xx_HAL_Driver/Src/stm32f4xx_ll_exti.o
 .group         0x00000000        0xc Drivers/STM32F4xx_HAL_Driver/Src/stm32f4xx_ll_exti.o
 .group         0x00000000        0xc Drivers/STM32F4xx_HAL_Driver/Src/stm32f4xx_ll_exti.o
 .group         0x00000000        0xc Drivers/STM32F4xx_HAL_Driver/Src/stm32f4xx_ll_exti.o
 .group         0x00000000        0xc Drivers/STM32F4xx_HAL_Driver/Src/stm32f4xx_ll_exti.o
 .group         0x00000000        0xc Drivers/STM32F4xx_HAL_Driver/Src/stm32f4xx_ll_exti.o
 .group         0x00000000        0xc Drivers/STM32F4xx_HAL_Driver/Src/stm32f4xx_ll_exti.o
 .group         0x00000000        0xc Drivers/STM32F4xx_HAL_Driver/Src/stm32f4xx_ll_exti.o
 .group         0x00000000        0xc Drivers/STM32F4xx_HAL_Driver/Src/stm32f4xx_ll_exti.o
 .group         0x00000000        0xc Drivers/STM32F4xx_HAL_Driver/Src/stm32f4xx_ll_exti.o
 .group         0x00000000        0xc Drivers/STM32F4xx_HAL_Driver/Src/stm32f4xx_ll_exti.o
 .text          0x00000000        0x0 Drivers/STM32F4xx_HAL_Driver/Src/stm32f4xx_ll_exti.o
 .data          0x00000000        0x0 Drivers/STM32F4xx_HAL_Driver/Src/stm32f4xx_ll_exti.o
 .bss           0x00000000        0x0 Drivers/STM32F4xx_HAL_Driver/Src/stm32f4xx_ll_exti.o
 .text.LL_EXTI_DeInit
                0x00000000       0x1c Drivers/STM32F4xx_HAL_Driver/Src/stm32f4xx_ll_exti.o
 .text.LL_EXTI_StructInit
                0x00000000        0xe Drivers/STM32F4xx_HAL_Driver/Src/stm32f4xx_ll_exti.o
 .debug_macro   0x00000000      0xaa2 Drivers/STM32F4xx_HAL_Driver/Src/stm32f4xx_ll_exti.o
 .debug_macro   0x00000000       0x32 Drivers/STM32F4xx_HAL_Driver/Src/stm32f4xx_ll_exti.o
 .debug_macro   0x00000000       0x28 Drivers/STM32F4xx_HAL_Driver/Src/stm32f4xx_ll_exti.o
 .debug_macro   0x00000000       0x22 Drivers/STM32F4xx_HAL_Driver/Src/stm32f4xx_ll_exti.o
 .debug_macro   0x00000000       0x8e Drivers/STM32F4xx_HAL_Driver/Src/stm32f4xx_ll_exti.o
 .debug_macro   0x00000000       0x51 Drivers/STM32F4xx_HAL_Driver/Src/stm32f4xx_ll_exti.o
 .debug_macro   0x00000000       0xef Drivers/STM32F4xx_HAL_Driver/Src/stm32f4xx_ll_exti.o
 .debug_macro   0x00000000       0x6a Drivers/STM32F4xx_HAL_Driver/Src/stm32f4xx_ll_exti.o
 .debug_macro   0x00000000      0x1df Drivers/STM32F4xx_HAL_Driver/Src/stm32f4xx_ll_exti.o
 .debug_macro   0x00000000       0x1c Drivers/STM32F4xx_HAL_Driver/Src/stm32f4xx_ll_exti.o
 .debug_macro   0x00000000       0x22 Drivers/STM32F4xx_HAL_Driver/Src/stm32f4xx_ll_exti.o
 .debug_macro   0x00000000       0xdf Drivers/STM32F4xx_HAL_Driver/Src/stm32f4xx_ll_exti.o
 .debug_macro   0x00000000     0x102d Drivers/STM32F4xx_HAL_Driver/Src/stm32f4xx_ll_exti.o
 .debug_macro   0x00000000      0x11f Drivers/STM32F4xx_HAL_Driver/Src/stm32f4xx_ll_exti.o
 .debug_macro   0x00000000     0xb857 Drivers/STM32F4xx_HAL_Driver/Src/stm32f4xx_ll_exti.o
 .debug_macro   0x00000000       0x43 Drivers/STM32F4xx_HAL_Driver/Src/stm32f4xx_ll_exti.o
 .group         0x00000000        0xc Drivers/STM32F4xx_HAL_Driver/Src/stm32f4xx_ll_gpio.o
 .group         0x00000000        0xc Drivers/STM32F4xx_HAL_Driver/Src/stm32f4xx_ll_gpio.o
 .group         0x00000000        0xc Drivers/STM32F4xx_HAL_Driver/Src/stm32f4xx_ll_gpio.o
 .group         0x00000000        0xc Drivers/STM32F4xx_HAL_Driver/Src/stm32f4xx_ll_gpio.o
 .group         0x00000000        0xc Drivers/STM32F4xx_HAL_Driver/Src/stm32f4xx_ll_gpio.o
 .group         0x00000000        0xc Drivers/STM32F4xx_HAL_Driver/Src/stm32f4xx_ll_gpio.o
 .group         0x00000000        0xc Drivers/STM32F4xx_HAL_Driver/Src/stm32f4xx_ll_gpio.o
 .group         0x00000000        0xc Drivers/STM32F4xx_HAL_Driver/Src/stm32f4xx_ll_gpio.o
 .group         0x00000000        0xc Drivers/STM32F4xx_HAL_Driver/Src/stm32f4xx_ll_gpio.o
 .group         0x00000000        0xc Drivers/STM32F4xx_HAL_Driver/Src/stm32f4xx_ll_gpio.o
 .group         0x00000000        0xc Drivers/STM32F4xx_HAL_Driver/Src/stm32f4xx_ll_gpio.o
 .group         0x00000000        0xc Drivers/STM32F4xx_HAL_Driver/Src/stm32f4xx_ll_gpio.o
 .group         0x00000000        0xc Drivers/STM32F4xx_HAL_Driver/Src/stm32f4xx_ll_gpio.o
 .group         0x00000000        0xc Drivers/STM32F4xx_HAL_Driver/Src/stm32f4xx_ll_gpio.o
 .group         0x00000000        0xc Drivers/STM32F4xx_HAL_Driver/Src/stm32f4xx_ll_gpio.o
 .group         0x00000000        0xc Drivers/STM32F4xx_HAL_Driver/Src/stm32f4xx_ll_gpio.o
 .group         0x00000000        0xc Drivers/STM32F4xx_HAL_Driver/Src/stm32f4xx_ll_gpio.o
 .group         0x00000000        0xc Drivers/STM32F4xx_HAL_Driver/Src/stm32f4xx_ll_gpio.o
 .text          0x00000000        0x0 Drivers/STM32F4xx_HAL_Driver/Src/stm32f4xx_ll_gpio.o
 .data          0x00000000        0x0 Drivers/STM32F4xx_HAL_Driver/Src/stm32f4xx_ll_gpio.o
 .bss           0x00000000        0x0 Drivers/STM32F4xx_HAL_Driver/Src/stm32f4xx_ll_gpio.o
 .text.LL_GPIO_DeInit
                0x00000000       0xd0 Drivers/STM32F4xx_HAL_Driver/Src/stm32f4xx_ll_gpio.o
 .text.LL_GPIO_StructInit
                0x00000000       0x16 Drivers/STM32F4xx_HAL_Driver/Src/stm32f4xx_ll_gpio.o
 .debug_macro   0x00000000      0xaa2 Drivers/STM32F4xx_HAL_Driver/Src/stm32f4xx_ll_gpio.o
 .debug_macro   0x00000000       0x32 Drivers/STM32F4xx_HAL_Driver/Src/stm32f4xx_ll_gpio.o
 .debug_macro   0x00000000       0x28 Drivers/STM32F4xx_HAL_Driver/Src/stm32f4xx_ll_gpio.o
 .debug_macro   0x00000000       0x22 Drivers/STM32F4xx_HAL_Driver/Src/stm32f4xx_ll_gpio.o
 .debug_macro   0x00000000       0x8e Drivers/STM32F4xx_HAL_Driver/Src/stm32f4xx_ll_gpio.o
 .debug_macro   0x00000000       0x51 Drivers/STM32F4xx_HAL_Driver/Src/stm32f4xx_ll_gpio.o
 .debug_macro   0x00000000       0xef Drivers/STM32F4xx_HAL_Driver/Src/stm32f4xx_ll_gpio.o
 .debug_macro   0x00000000       0x6a Drivers/STM32F4xx_HAL_Driver/Src/stm32f4xx_ll_gpio.o
 .debug_macro   0x00000000      0x1df Drivers/STM32F4xx_HAL_Driver/Src/stm32f4xx_ll_gpio.o
 .debug_macro   0x00000000       0x1c Drivers/STM32F4xx_HAL_Driver/Src/stm32f4xx_ll_gpio.o
 .debug_macro   0x00000000       0x22 Drivers/STM32F4xx_HAL_Driver/Src/stm32f4xx_ll_gpio.o
 .debug_macro   0x00000000       0xdf Drivers/STM32F4xx_HAL_Driver/Src/stm32f4xx_ll_gpio.o
 .debug_macro   0x00000000     0x102d Drivers/STM32F4xx_HAL_Driver/Src/stm32f4xx_ll_gpio.o
 .debug_macro   0x00000000      0x11f Drivers/STM32F4xx_HAL_Driver/Src/stm32f4xx_ll_gpio.o
 .debug_macro   0x00000000     0xb857 Drivers/STM32F4xx_HAL_Driver/Src/stm32f4xx_ll_gpio.o
 .debug_macro   0x00000000       0x43 Drivers/STM32F4xx_HAL_Driver/Src/stm32f4xx_ll_gpio.o
 .debug_macro   0x00000000      0x116 Drivers/STM32F4xx_HAL_Driver/Src/stm32f4xx_ll_gpio.o
 .group         0x00000000        0xc Drivers/STM32F4xx_HAL_Driver/Src/stm32f4xx_ll_rcc.o
 .group         0x00000000        0xc Drivers/STM32F4xx_HAL_Driver/Src/stm32f4xx_ll_rcc.o
 .group         0x00000000        0xc Drivers/STM32F4xx_HAL_Driver/Src/stm32f4xx_ll_rcc.o
 .group         0x00000000        0xc Drivers/STM32F4xx_HAL_Driver/Src/stm32f4xx_ll_rcc.o
 .group         0x00000000        0xc Drivers/STM32F4xx_HAL_Driver/Src/stm32f4xx_ll_rcc.o
 .group         0x00000000        0xc Drivers/STM32F4xx_HAL_Driver/Src/stm32f4xx_ll_rcc.o
 .group         0x00000000        0xc Drivers/STM32F4xx_HAL_Driver/Src/stm32f4xx_ll_rcc.o
 .group         0x00000000        0xc Drivers/STM32F4xx_HAL_Driver/Src/stm32f4xx_ll_rcc.o
 .group         0x00000000        0xc Drivers/STM32F4xx_HAL_Driver/Src/stm32f4xx_ll_rcc.o
 .group         0x00000000        0xc Drivers/STM32F4xx_HAL_Driver/Src/stm32f4xx_ll_rcc.o
 .group         0x00000000        0xc Drivers/STM32F4xx_HAL_Driver/Src/stm32f4xx_ll_rcc.o
 .group         0x00000000        0xc Drivers/STM32F4xx_HAL_Driver/Src/stm32f4xx_ll_rcc.o
 .group         0x00000000        0xc Drivers/STM32F4xx_HAL_Driver/Src/stm32f4xx_ll_rcc.o
 .group         0x00000000        0xc Drivers/STM32F4xx_HAL_Driver/Src/stm32f4xx_ll_rcc.o
 .group         0x00000000        0xc Drivers/STM32F4xx_HAL_Driver/Src/stm32f4xx_ll_rcc.o
 .group         0x00000000        0xc Drivers/STM32F4xx_HAL_Driver/Src/stm32f4xx_ll_rcc.o
 .group         0x00000000        0xc Drivers/STM32F4xx_HAL_Driver/Src/stm32f4xx_ll_rcc.o
 .text          0x00000000        0x0 Drivers/STM32F4xx_HAL_Driver/Src/stm32f4xx_ll_rcc.o
 .data          0x00000000        0x0 Drivers/STM32F4xx_HAL_Driver/Src/stm32f4xx_ll_rcc.o
 .bss           0x00000000        0x0 Drivers/STM32F4xx_HAL_Driver/Src/stm32f4xx_ll_rcc.o
 .text.LL_RCC_DeInit
                0x00000000       0x84 Drivers/STM32F4xx_HAL_Driver/Src/stm32f4xx_ll_rcc.o
 .text.RCC_PLL_GetFreqDomain_48M
                0x00000000       0x40 Drivers/STM32F4xx_HAL_Driver/Src/stm32f4xx_ll_rcc.o
 .text.LL_RCC_GetSDIOClockFreq
                0x00000000       0x24 Drivers/STM32F4xx_HAL_Driver/Src/stm32f4xx_ll_rcc.o
 .text.LL_RCC_GetUSBClockFreq
                0x00000000       0x1c Drivers/STM32F4xx_HAL_Driver/Src/stm32f4xx_ll_rcc.o
 .text.RCC_PLLI2S_GetFreqDomain_I2S
                0x00000000       0x44 Drivers/STM32F4xx_HAL_Driver/Src/stm32f4xx_ll_rcc.o
 .text.LL_RCC_GetI2SClockFreq
                0x00000000       0x34 Drivers/STM32F4xx_HAL_Driver/Src/stm32f4xx_ll_rcc.o
 .debug_macro   0x00000000      0xaa2 Drivers/STM32F4xx_HAL_Driver/Src/stm32f4xx_ll_rcc.o
 .debug_macro   0x00000000       0x32 Drivers/STM32F4xx_HAL_Driver/Src/stm32f4xx_ll_rcc.o
 .debug_macro   0x00000000       0x28 Drivers/STM32F4xx_HAL_Driver/Src/stm32f4xx_ll_rcc.o
 .debug_macro   0x00000000       0x22 Drivers/STM32F4xx_HAL_Driver/Src/stm32f4xx_ll_rcc.o
 .debug_macro   0x00000000       0x8e Drivers/STM32F4xx_HAL_Driver/Src/stm32f4xx_ll_rcc.o
 .debug_macro   0x00000000       0x51 Drivers/STM32F4xx_HAL_Driver/Src/stm32f4xx_ll_rcc.o
 .debug_macro   0x00000000       0xef Drivers/STM32F4xx_HAL_Driver/Src/stm32f4xx_ll_rcc.o
 .debug_macro   0x00000000       0x6a Drivers/STM32F4xx_HAL_Driver/Src/stm32f4xx_ll_rcc.o
 .debug_macro   0x00000000      0x1df Drivers/STM32F4xx_HAL_Driver/Src/stm32f4xx_ll_rcc.o
 .debug_macro   0x00000000       0x1c Drivers/STM32F4xx_HAL_Driver/Src/stm32f4xx_ll_rcc.o
 .debug_macro   0x00000000       0x22 Drivers/STM32F4xx_HAL_Driver/Src/stm32f4xx_ll_rcc.o
 .debug_macro   0x00000000       0xdf Drivers/STM32F4xx_HAL_Driver/Src/stm32f4xx_ll_rcc.o
 .debug_macro   0x00000000     0x102d Drivers/STM32F4xx_HAL_Driver/Src/stm32f4xx_ll_rcc.o
 .debug_macro   0x00000000      0x11f Drivers/STM32F4xx_HAL_Driver/Src/stm32f4xx_ll_rcc.o
 .debug_macro   0x00000000     0xb857 Drivers/STM32F4xx_HAL_Driver/Src/stm32f4xx_ll_rcc.o
 .debug_macro   0x00000000       0x43 Drivers/STM32F4xx_HAL_Driver/Src/stm32f4xx_ll_rcc.o
 .group         0x00000000        0xc Drivers/STM32F4xx_HAL_Driver/Src/stm32f4xx_ll_tim.o
 .group         0x00000000        0xc Drivers/STM32F4xx_HAL_Driver/Src/stm32f4xx_ll_tim.o
 .group         0x00000000        0xc Drivers/STM32F4xx_HAL_Driver/Src/stm32f4xx_ll_tim.o
 .group         0x00000000        0xc Drivers/STM32F4xx_HAL_Driver/Src/stm32f4xx_ll_tim.o
 .group         0x00000000        0xc Drivers/STM32F4xx_HAL_Driver/Src/stm32f4xx_ll_tim.o
 .group         0x00000000        0xc Drivers/STM32F4xx_HAL_Driver/Src/stm32f4xx_ll_tim.o
 .group         0x00000000        0xc Drivers/STM32F4xx_HAL_Driver/Src/stm32f4xx_ll_tim.o
 .group         0x00000000        0xc Drivers/STM32F4xx_HAL_Driver/Src/stm32f4xx_ll_tim.o
 .group         0x00000000        0xc Drivers/STM32F4xx_HAL_Driver/Src/stm32f4xx_ll_tim.o
 .group         0x00000000        0xc Drivers/STM32F4xx_HAL_Driver/Src/stm32f4xx_ll_tim.o
 .group         0x00000000        0xc Drivers/STM32F4xx_HAL_Driver/Src/stm32f4xx_ll_tim.o
 .group         0x00000000        0xc Drivers/STM32F4xx_HAL_Driver/Src/stm32f4xx_ll_tim.o
 .group         0x00000000        0xc Drivers/STM32F4xx_HAL_Driver/Src/stm32f4xx_ll_tim.o
 .group         0x00000000        0xc Drivers/STM32F4xx_HAL_Driver/Src/stm32f4xx_ll_tim.o
 .group         0x00000000        0xc Drivers/STM32F4xx_HAL_Driver/Src/stm32f4xx_ll_tim.o
 .group         0x00000000        0xc Drivers/STM32F4xx_HAL_Driver/Src/stm32f4xx_ll_tim.o
 .group         0x00000000        0xc Drivers/STM32F4xx_HAL_Driver/Src/stm32f4xx_ll_tim.o
 .group         0x00000000        0xc Drivers/STM32F4xx_HAL_Driver/Src/stm32f4xx_ll_tim.o
 .text          0x00000000        0x0 Drivers/STM32F4xx_HAL_Driver/Src/stm32f4xx_ll_tim.o
 .data          0x00000000        0x0 Drivers/STM32F4xx_HAL_Driver/Src/stm32f4xx_ll_tim.o
 .bss           0x00000000        0x0 Drivers/STM32F4xx_HAL_Driver/Src/stm32f4xx_ll_tim.o
 .text.IC1Config
                0x00000000       0x38 Drivers/STM32F4xx_HAL_Driver/Src/stm32f4xx_ll_tim.o
 .text.IC2Config
                0x00000000       0x3a Drivers/STM32F4xx_HAL_Driver/Src/stm32f4xx_ll_tim.o
 .text.IC3Config
                0x00000000       0x3a Drivers/STM32F4xx_HAL_Driver/Src/stm32f4xx_ll_tim.o
 .text.IC4Config
                0x00000000       0x3a Drivers/STM32F4xx_HAL_Driver/Src/stm32f4xx_ll_tim.o
 .text.LL_TIM_DeInit
                0x00000000      0x114 Drivers/STM32F4xx_HAL_Driver/Src/stm32f4xx_ll_tim.o
 .text.LL_TIM_StructInit
                0x00000000       0x12 Drivers/STM32F4xx_HAL_Driver/Src/stm32f4xx_ll_tim.o
 .text.LL_TIM_OC_StructInit
                0x00000000       0x14 Drivers/STM32F4xx_HAL_Driver/Src/stm32f4xx_ll_tim.o
 .text.LL_TIM_IC_StructInit
                0x00000000       0x10 Drivers/STM32F4xx_HAL_Driver/Src/stm32f4xx_ll_tim.o
 .text.LL_TIM_IC_Init
                0x00000000       0x3c Drivers/STM32F4xx_HAL_Driver/Src/stm32f4xx_ll_tim.o
 .text.LL_TIM_ENCODER_StructInit
                0x00000000       0x1c Drivers/STM32F4xx_HAL_Driver/Src/stm32f4xx_ll_tim.o
 .text.LL_TIM_ENCODER_Init
                0x00000000       0x5e Drivers/STM32F4xx_HAL_Driver/Src/stm32f4xx_ll_tim.o
 .text.LL_TIM_HALLSENSOR_StructInit
                0x00000000        0xc Drivers/STM32F4xx_HAL_Driver/Src/stm32f4xx_ll_tim.o
 .text.LL_TIM_HALLSENSOR_Init
                0x00000000       0x54 Drivers/STM32F4xx_HAL_Driver/Src/stm32f4xx_ll_tim.o
 .text.LL_TIM_BDTR_StructInit
                0x00000000       0x12 Drivers/STM32F4xx_HAL_Driver/Src/stm32f4xx_ll_tim.o
 .text.LL_TIM_BDTR_Init
                0x00000000       0x3a Drivers/STM32F4xx_HAL_Driver/Src/stm32f4xx_ll_tim.o
 .debug_macro   0x00000000      0xaa2 Drivers/STM32F4xx_HAL_Driver/Src/stm32f4xx_ll_tim.o
 .debug_macro   0x00000000       0x32 Drivers/STM32F4xx_HAL_Driver/Src/stm32f4xx_ll_tim.o
 .debug_macro   0x00000000       0x28 Drivers/STM32F4xx_HAL_Driver/Src/stm32f4xx_ll_tim.o
 .debug_macro   0x00000000       0x22 Drivers/STM32F4xx_HAL_Driver/Src/stm32f4xx_ll_tim.o
 .debug_macro   0x00000000       0x8e Drivers/STM32F4xx_HAL_Driver/Src/stm32f4xx_ll_tim.o
 .debug_macro   0x00000000       0x51 Drivers/STM32F4xx_HAL_Driver/Src/stm32f4xx_ll_tim.o
 .debug_macro   0x00000000       0xef Drivers/STM32F4xx_HAL_Driver/Src/stm32f4xx_ll_tim.o
 .debug_macro   0x00000000       0x6a Drivers/STM32F4xx_HAL_Driver/Src/stm32f4xx_ll_tim.o
 .debug_macro   0x00000000      0x1df Drivers/STM32F4xx_HAL_Driver/Src/stm32f4xx_ll_tim.o
 .debug_macro   0x00000000       0x1c Drivers/STM32F4xx_HAL_Driver/Src/stm32f4xx_ll_tim.o
 .debug_macro   0x00000000       0x22 Drivers/STM32F4xx_HAL_Driver/Src/stm32f4xx_ll_tim.o
 .debug_macro   0x00000000       0xdf Drivers/STM32F4xx_HAL_Driver/Src/stm32f4xx_ll_tim.o
 .debug_macro   0x00000000     0x102d Drivers/STM32F4xx_HAL_Driver/Src/stm32f4xx_ll_tim.o
 .debug_macro   0x00000000      0x11f Drivers/STM32F4xx_HAL_Driver/Src/stm32f4xx_ll_tim.o
 .debug_macro   0x00000000     0xb857 Drivers/STM32F4xx_HAL_Driver/Src/stm32f4xx_ll_tim.o
 .debug_macro   0x00000000       0x43 Drivers/STM32F4xx_HAL_Driver/Src/stm32f4xx_ll_tim.o
 .debug_macro   0x00000000      0x116 Drivers/STM32F4xx_HAL_Driver/Src/stm32f4xx_ll_tim.o
 .group         0x00000000        0xc Drivers/STM32F4xx_HAL_Driver/Src/stm32f4xx_ll_usart.o
 .group         0x00000000        0xc Drivers/STM32F4xx_HAL_Driver/Src/stm32f4xx_ll_usart.o
 .group         0x00000000        0xc Drivers/STM32F4xx_HAL_Driver/Src/stm32f4xx_ll_usart.o
 .group         0x00000000        0xc Drivers/STM32F4xx_HAL_Driver/Src/stm32f4xx_ll_usart.o
 .group         0x00000000        0xc Drivers/STM32F4xx_HAL_Driver/Src/stm32f4xx_ll_usart.o
 .group         0x00000000        0xc Drivers/STM32F4xx_HAL_Driver/Src/stm32f4xx_ll_usart.o
 .group         0x00000000        0xc Drivers/STM32F4xx_HAL_Driver/Src/stm32f4xx_ll_usart.o
 .group         0x00000000        0xc Drivers/STM32F4xx_HAL_Driver/Src/stm32f4xx_ll_usart.o
 .group         0x00000000        0xc Drivers/STM32F4xx_HAL_Driver/Src/stm32f4xx_ll_usart.o
 .group         0x00000000        0xc Drivers/STM32F4xx_HAL_Driver/Src/stm32f4xx_ll_usart.o
 .group         0x00000000        0xc Drivers/STM32F4xx_HAL_Driver/Src/stm32f4xx_ll_usart.o
 .group         0x00000000        0xc Drivers/STM32F4xx_HAL_Driver/Src/stm32f4xx_ll_usart.o
 .group         0x00000000        0xc Drivers/STM32F4xx_HAL_Driver/Src/stm32f4xx_ll_usart.o
 .group         0x00000000        0xc Drivers/STM32F4xx_HAL_Driver/Src/stm32f4xx_ll_usart.o
 .group         0x00000000        0xc Drivers/STM32F4xx_HAL_Driver/Src/stm32f4xx_ll_usart.o
 .group         0x00000000        0xc Drivers/STM32F4xx_HAL_Driver/Src/stm32f4xx_ll_usart.o
 .group         0x00000000        0xc Drivers/STM32F4xx_HAL_Driver/Src/stm32f4xx_ll_usart.o
 .group         0x00000000        0xc Drivers/STM32F4xx_HAL_Driver/Src/stm32f4xx_ll_usart.o
 .group         0x00000000        0xc Drivers/STM32F4xx_HAL_Driver/Src/stm32f4xx_ll_usart.o
 .text          0x00000000        0x0 Drivers/STM32F4xx_HAL_Driver/Src/stm32f4xx_ll_usart.o
 .data          0x00000000        0x0 Drivers/STM32F4xx_HAL_Driver/Src/stm32f4xx_ll_usart.o
 .bss           0x00000000        0x0 Drivers/STM32F4xx_HAL_Driver/Src/stm32f4xx_ll_usart.o
 .text.LL_USART_DeInit
                0x00000000       0x6c Drivers/STM32F4xx_HAL_Driver/Src/stm32f4xx_ll_usart.o
 .text.LL_USART_StructInit
                0x00000000       0x18 Drivers/STM32F4xx_HAL_Driver/Src/stm32f4xx_ll_usart.o
 .text.LL_USART_ClockInit
                0x00000000       0x3e Drivers/STM32F4xx_HAL_Driver/Src/stm32f4xx_ll_usart.o
 .text.LL_USART_ClockStructInit
                0x00000000        0xc Drivers/STM32F4xx_HAL_Driver/Src/stm32f4xx_ll_usart.o
 .debug_macro   0x00000000      0xaa2 Drivers/STM32F4xx_HAL_Driver/Src/stm32f4xx_ll_usart.o
 .debug_macro   0x00000000       0x32 Drivers/STM32F4xx_HAL_Driver/Src/stm32f4xx_ll_usart.o
 .debug_macro   0x00000000       0x28 Drivers/STM32F4xx_HAL_Driver/Src/stm32f4xx_ll_usart.o
 .debug_macro   0x00000000       0x22 Drivers/STM32F4xx_HAL_Driver/Src/stm32f4xx_ll_usart.o
 .debug_macro   0x00000000       0x8e Drivers/STM32F4xx_HAL_Driver/Src/stm32f4xx_ll_usart.o
 .debug_macro   0x00000000       0x51 Drivers/STM32F4xx_HAL_Driver/Src/stm32f4xx_ll_usart.o
 .debug_macro   0x00000000       0xef Drivers/STM32F4xx_HAL_Driver/Src/stm32f4xx_ll_usart.o
 .debug_macro   0x00000000       0x6a Drivers/STM32F4xx_HAL_Driver/Src/stm32f4xx_ll_usart.o
 .debug_macro   0x00000000      0x1df Drivers/STM32F4xx_HAL_Driver/Src/stm32f4xx_ll_usart.o
 .debug_macro   0x00000000       0x1c Drivers/STM32F4xx_HAL_Driver/Src/stm32f4xx_ll_usart.o
 .debug_macro   0x00000000       0x22 Drivers/STM32F4xx_HAL_Driver/Src/stm32f4xx_ll_usart.o
 .debug_macro   0x00000000       0xdf Drivers/STM32F4xx_HAL_Driver/Src/stm32f4xx_ll_usart.o
 .debug_macro   0x00000000     0x102d Drivers/STM32F4xx_HAL_Driver/Src/stm32f4xx_ll_usart.o
 .debug_macro   0x00000000      0x11f Drivers/STM32F4xx_HAL_Driver/Src/stm32f4xx_ll_usart.o
 .debug_macro   0x00000000     0xb857 Drivers/STM32F4xx_HAL_Driver/Src/stm32f4xx_ll_usart.o
 .debug_macro   0x00000000       0x43 Drivers/STM32F4xx_HAL_Driver/Src/stm32f4xx_ll_usart.o
 .debug_macro   0x00000000      0x116 Drivers/STM32F4xx_HAL_Driver/Src/stm32f4xx_ll_usart.o
 .group         0x00000000        0xc Drivers/STM32F4xx_HAL_Driver/Src/stm32f4xx_ll_utils.o
 .group         0x00000000        0xc Drivers/STM32F4xx_HAL_Driver/Src/stm32f4xx_ll_utils.o
 .group         0x00000000        0xc Drivers/STM32F4xx_HAL_Driver/Src/stm32f4xx_ll_utils.o
 .group         0x00000000        0xc Drivers/STM32F4xx_HAL_Driver/Src/stm32f4xx_ll_utils.o
 .group         0x00000000        0xc Drivers/STM32F4xx_HAL_Driver/Src/stm32f4xx_ll_utils.o
 .group         0x00000000        0xc Drivers/STM32F4xx_HAL_Driver/Src/stm32f4xx_ll_utils.o
 .group         0x00000000        0xc Drivers/STM32F4xx_HAL_Driver/Src/stm32f4xx_ll_utils.o
 .group         0x00000000        0xc Drivers/STM32F4xx_HAL_Driver/Src/stm32f4xx_ll_utils.o
 .group         0x00000000        0xc Drivers/STM32F4xx_HAL_Driver/Src/stm32f4xx_ll_utils.o
 .group         0x00000000        0xc Drivers/STM32F4xx_HAL_Driver/Src/stm32f4xx_ll_utils.o
 .group         0x00000000        0xc Drivers/STM32F4xx_HAL_Driver/Src/stm32f4xx_ll_utils.o
 .group         0x00000000        0xc Drivers/STM32F4xx_HAL_Driver/Src/stm32f4xx_ll_utils.o
 .group         0x00000000        0xc Drivers/STM32F4xx_HAL_Driver/Src/stm32f4xx_ll_utils.o
 .group         0x00000000        0xc Drivers/STM32F4xx_HAL_Driver/Src/stm32f4xx_ll_utils.o
 .group         0x00000000        0xc Drivers/STM32F4xx_HAL_Driver/Src/stm32f4xx_ll_utils.o
 .group         0x00000000        0xc Drivers/STM32F4xx_HAL_Driver/Src/stm32f4xx_ll_utils.o
 .group         0x00000000        0xc Drivers/STM32F4xx_HAL_Driver/Src/stm32f4xx_ll_utils.o
 .group         0x00000000        0xc Drivers/STM32F4xx_HAL_Driver/Src/stm32f4xx_ll_utils.o
 .group         0x00000000        0xc Drivers/STM32F4xx_HAL_Driver/Src/stm32f4xx_ll_utils.o
 .group         0x00000000        0xc Drivers/STM32F4xx_HAL_Driver/Src/stm32f4xx_ll_utils.o
 .text          0x00000000        0x0 Drivers/STM32F4xx_HAL_Driver/Src/stm32f4xx_ll_utils.o
 .data          0x00000000        0x0 Drivers/STM32F4xx_HAL_Driver/Src/stm32f4xx_ll_utils.o
 .bss           0x00000000        0x0 Drivers/STM32F4xx_HAL_Driver/Src/stm32f4xx_ll_utils.o
 .text.UTILS_SetFlashLatency
                0x00000000       0x8c Drivers/STM32F4xx_HAL_Driver/Src/stm32f4xx_ll_utils.o
 .text.UTILS_GetPLLOutputFrequency
                0x00000000       0x20 Drivers/STM32F4xx_HAL_Driver/Src/stm32f4xx_ll_utils.o
 .text.UTILS_PLL_IsBusy
                0x00000000       0x24 Drivers/STM32F4xx_HAL_Driver/Src/stm32f4xx_ll_utils.o
 .text.LL_mDelay
                0x00000000       0x2c Drivers/STM32F4xx_HAL_Driver/Src/stm32f4xx_ll_utils.o
 .text.UTILS_EnablePLLAndSwitchSystem
                0x00000000       0xac Drivers/STM32F4xx_HAL_Driver/Src/stm32f4xx_ll_utils.o
 .text.LL_PLL_ConfigSystemClock_HSI
                0x00000000       0x6c Drivers/STM32F4xx_HAL_Driver/Src/stm32f4xx_ll_utils.o
 .text.LL_PLL_ConfigSystemClock_HSE
                0x00000000       0x8c Drivers/STM32F4xx_HAL_Driver/Src/stm32f4xx_ll_utils.o
 .debug_macro   0x00000000      0xaa2 Drivers/STM32F4xx_HAL_Driver/Src/stm32f4xx_ll_utils.o
 .debug_macro   0x00000000       0x32 Drivers/STM32F4xx_HAL_Driver/Src/stm32f4xx_ll_utils.o
 .debug_macro   0x00000000       0x28 Drivers/STM32F4xx_HAL_Driver/Src/stm32f4xx_ll_utils.o
 .debug_macro   0x00000000       0x22 Drivers/STM32F4xx_HAL_Driver/Src/stm32f4xx_ll_utils.o
 .debug_macro   0x00000000       0x8e Drivers/STM32F4xx_HAL_Driver/Src/stm32f4xx_ll_utils.o
 .debug_macro   0x00000000       0x51 Drivers/STM32F4xx_HAL_Driver/Src/stm32f4xx_ll_utils.o
 .debug_macro   0x00000000       0xef Drivers/STM32F4xx_HAL_Driver/Src/stm32f4xx_ll_utils.o
 .debug_macro   0x00000000       0x6a Drivers/STM32F4xx_HAL_Driver/Src/stm32f4xx_ll_utils.o
 .debug_macro   0x00000000      0x1df Drivers/STM32F4xx_HAL_Driver/Src/stm32f4xx_ll_utils.o
 .debug_macro   0x00000000       0x1c Drivers/STM32F4xx_HAL_Driver/Src/stm32f4xx_ll_utils.o
 .debug_macro   0x00000000       0x22 Drivers/STM32F4xx_HAL_Driver/Src/stm32f4xx_ll_utils.o
 .debug_macro   0x00000000       0xdf Drivers/STM32F4xx_HAL_Driver/Src/stm32f4xx_ll_utils.o
 .debug_macro   0x00000000     0x102d Drivers/STM32F4xx_HAL_Driver/Src/stm32f4xx_ll_utils.o
 .debug_macro   0x00000000      0x11f Drivers/STM32F4xx_HAL_Driver/Src/stm32f4xx_ll_utils.o
 .debug_macro   0x00000000     0xb857 Drivers/STM32F4xx_HAL_Driver/Src/stm32f4xx_ll_utils.o
 .debug_macro   0x00000000       0x43 Drivers/STM32F4xx_HAL_Driver/Src/stm32f4xx_ll_utils.o
 .debug_macro   0x00000000      0x788 Drivers/STM32F4xx_HAL_Driver/Src/stm32f4xx_ll_utils.o
 .group         0x00000000        0xc Src/main.o
 .group         0x00000000        0xc Src/main.o
 .group         0x00000000        0xc Src/main.o
 .group         0x00000000        0xc Src/main.o
 .group         0x00000000        0xc Src/main.o
 .group         0x00000000        0xc Src/main.o
 .group         0x00000000        0xc Src/main.o
 .group         0x00000000        0xc Src/main.o
 .group         0x00000000        0xc Src/main.o
 .group         0x00000000        0xc Src/main.o
 .group         0x00000000        0xc Src/main.o
 .group         0x00000000        0xc Src/main.o
 .group         0x00000000        0xc Src/main.o
 .group         0x00000000        0xc Src/main.o
 .group         0x00000000        0xc Src/main.o
 .group         0x00000000        0xc Src/main.o
 .group         0x00000000        0xc Src/main.o
 .group         0x00000000        0xc Src/main.o
 .group         0x00000000        0xc Src/main.o
 .group         0x00000000        0xc Src/main.o
 .group         0x00000000        0xc Src/main.o
 .group         0x00000000        0xc Src/main.o
 .group         0x00000000        0xc Src/main.o
 .group         0x00000000        0xc Src/main.o
 .group         0x00000000        0xc Src/main.o
 .group         0x00000000        0xc Src/main.o
 .group         0x00000000        0xc Src/main.o
 .group         0x00000000        0xc Src/main.o
 .text          0x00000000        0x0 Src/main.o
 .data          0x00000000        0x0 Src/main.o
 .bss           0x00000000        0x0 Src/main.o
 .text.Error_Handler
                0x00000000        0x2 Src/main.o
 .debug_macro   0x00000000      0xaa2 Src/main.o
 .debug_macro   0x00000000       0x32 Src/main.o
 .debug_macro   0x00000000       0x28 Src/main.o
 .debug_macro   0x00000000       0x22 Src/main.o
 .debug_macro   0x00000000       0x8e Src/main.o
 .debug_macro   0x00000000       0x51 Src/main.o
 .debug_macro   0x00000000       0xef Src/main.o
 .debug_macro   0x00000000       0x6a Src/main.o
 .debug_macro   0x00000000      0x1df Src/main.o
 .debug_macro   0x00000000       0x1c Src/main.o
 .debug_macro   0x00000000       0x22 Src/main.o
 .debug_macro   0x00000000       0xdf Src/main.o
 .debug_macro   0x00000000     0x102d Src/main.o
 .debug_macro   0x00000000      0x11f Src/main.o
 .debug_macro   0x00000000     0xb857 Src/main.o
 .debug_macro   0x00000000       0x43 Src/main.o
 .debug_macro   0x00000000      0x782 Src/main.o
 .debug_macro   0x00000000      0x116 Src/main.o
 .debug_macro   0x00000000      0x1ab Src/main.o
 .debug_macro   0x00000000       0xbd Src/main.o
 .group         0x00000000        0xc Src/stm32f4xx_it.o
 .group         0x00000000        0xc Src/stm32f4xx_it.o
 .group         0x00000000        0xc Src/stm32f4xx_it.o
 .group         0x00000000        0xc Src/stm32f4xx_it.o
 .group         0x00000000        0xc Src/stm32f4xx_it.o
 .group         0x00000000        0xc Src/stm32f4xx_it.o
 .group         0x00000000        0xc Src/stm32f4xx_it.o
 .group         0x00000000        0xc Src/stm32f4xx_it.o
 .group         0x00000000        0xc Src/stm32f4xx_it.o
 .group         0x00000000        0xc Src/stm32f4xx_it.o
 .group         0x00000000        0xc Src/stm32f4xx_it.o
 .group         0x00000000        0xc Src/stm32f4xx_it.o
 .group         0x00000000        0xc Src/stm32f4xx_it.o
 .group         0x00000000        0xc Src/stm32f4xx_it.o
 .group         0x00000000        0xc Src/stm32f4xx_it.o
 .group         0x00000000        0xc Src/stm32f4xx_it.o
 .group         0x00000000        0xc Src/stm32f4xx_it.o
 .group         0x00000000        0xc Src/stm32f4xx_it.o
 .group         0x00000000        0xc Src/stm32f4xx_it.o
 .group         0x00000000        0xc Src/stm32f4xx_it.o
 .group         0x00000000        0xc Src/stm32f4xx_it.o
 .group         0x00000000        0xc Src/stm32f4xx_it.o
 .group         0x00000000        0xc Src/stm32f4xx_it.o
 .group         0x00000000        0xc Src/stm32f4xx_it.o
 .group         0x00000000        0xc Src/stm32f4xx_it.o
 .group         0x00000000        0xc Src/stm32f4xx_it.o
 .group         0x00000000        0xc Src/stm32f4xx_it.o
 .group         0x00000000        0xc Src/stm32f4xx_it.o
 .text          0x00000000        0x0 Src/stm32f4xx_it.o
 .bss           0x00000000        0x0 Src/stm32f4xx_it.o
 .debug_macro   0x00000000      0xaa2 Src/stm32f4xx_it.o
 .debug_macro   0x00000000       0x32 Src/stm32f4xx_it.o
 .debug_macro   0x00000000       0x28 Src/stm32f4xx_it.o
 .debug_macro   0x00000000       0x22 Src/stm32f4xx_it.o
 .debug_macro   0x00000000       0x8e Src/stm32f4xx_it.o
 .debug_macro   0x00000000       0x51 Src/stm32f4xx_it.o
 .debug_macro   0x00000000       0xef Src/stm32f4xx_it.o
 .debug_macro   0x00000000       0x6a Src/stm32f4xx_it.o
 .debug_macro   0x00000000      0x1df Src/stm32f4xx_it.o
 .debug_macro   0x00000000       0x1c Src/stm32f4xx_it.o
 .debug_macro   0x00000000       0x22 Src/stm32f4xx_it.o
 .debug_macro   0x00000000       0xdf Src/stm32f4xx_it.o
 .debug_macro   0x00000000     0x102d Src/stm32f4xx_it.o
 .debug_macro   0x00000000      0x11f Src/stm32f4xx_it.o
 .debug_macro   0x00000000     0xb857 Src/stm32f4xx_it.o
 .debug_macro   0x00000000       0x43 Src/stm32f4xx_it.o
 .debug_macro   0x00000000      0x782 Src/stm32f4xx_it.o
 .debug_macro   0x00000000      0x116 Src/stm32f4xx_it.o
 .debug_macro   0x00000000      0x1ab Src/stm32f4xx_it.o
 .debug_macro   0x00000000       0xe8 Src/stm32f4xx_it.o
 .debug_macro   0x00000000      0x1a8 Src/stm32f4xx_it.o
 .debug_macro   0x00000000       0x61 Src/stm32f4xx_it.o
 .debug_macro   0x00000000       0xbd Src/stm32f4xx_it.o
 .debug_macro   0x00000000      0x1e6 Src/stm32f4xx_it.o
 .debug_macro   0x00000000      0x5ec Src/stm32f4xx_it.o
 .debug_macro   0x00000000      0x1bb Src/stm32f4xx_it.o
 .debug_macro   0x00000000      0x149 Src/stm32f4xx_it.o
 .debug_macro   0x00000000       0x76 Src/stm32f4xx_it.o
 .group         0x00000000        0xc Src/syscalls.o
 .group         0x00000000        0xc Src/syscalls.o
 .group         0x00000000        0xc Src/syscalls.o
 .group         0x00000000        0xc Src/syscalls.o
 .group         0x00000000        0xc Src/syscalls.o
 .group         0x00000000        0xc Src/syscalls.o
 .group         0x00000000        0xc Src/syscalls.o
 .group         0x00000000        0xc Src/syscalls.o
 .group         0x00000000        0xc Src/syscalls.o
 .group         0x00000000        0xc Src/syscalls.o
 .group         0x00000000        0xc Src/syscalls.o
 .group         0x00000000        0xc Src/syscalls.o
 .group         0x00000000        0xc Src/syscalls.o
 .group         0x00000000        0xc Src/syscalls.o
 .group         0x00000000        0xc Src/syscalls.o
 .group         0x00000000        0xc Src/syscalls.o
 .group         0x00000000        0xc Src/syscalls.o
 .group         0x00000000        0xc Src/syscalls.o
 .group         0x00000000        0xc Src/syscalls.o
 .group         0x00000000        0xc Src/syscalls.o
 .group         0x00000000        0xc Src/syscalls.o
 .group         0x00000000        0xc Src/syscalls.o
 .group         0x00000000        0xc Src/syscalls.o
 .group         0x00000000        0xc Src/syscalls.o
 .group         0x00000000        0xc Src/syscalls.o
 .group         0x00000000        0xc Src/syscalls.o
 .group         0x00000000        0xc Src/syscalls.o
 .group         0x00000000        0xc Src/syscalls.o
 .group         0x00000000        0xc Src/syscalls.o
 .group         0x00000000        0xc Src/syscalls.o
 .group         0x00000000        0xc Src/syscalls.o
 .group         0x00000000        0xc Src/syscalls.o
 .group         0x00000000        0xc Src/syscalls.o
 .group         0x00000000        0xc Src/syscalls.o
 .group         0x00000000        0xc Src/syscalls.o
 .group         0x00000000        0xc Src/syscalls.o
 .group         0x00000000        0xc Src/syscalls.o
 .group         0x00000000        0xc Src/syscalls.o
 .group         0x00000000        0xc Src/syscalls.o
 .group         0x00000000        0xc Src/syscalls.o
 .group         0x00000000        0xc Src/syscalls.o
 .group         0x00000000        0xc Src/syscalls.o
 .group         0x00000000        0xc Src/syscalls.o
 .group         0x00000000        0xc Src/syscalls.o
 .text          0x00000000        0x0 Src/syscalls.o
 .data          0x00000000        0x4 Src/syscalls.o
 .bss           0x00000000        0x8 Src/syscalls.o
 .text.initialise_monitor_handles
                0x00000000        0x2 Src/syscalls.o
 .text._getpid  0x00000000        0x4 Src/syscalls.o
 .text._kill    0x00000000       0x10 Src/syscalls.o
 .text._exit    0x00000000        0xc Src/syscalls.o
 .text._read    0x00000000       0x1c Src/syscalls.o
 .text._write   0x00000000       0x1c Src/syscalls.o
 .text._sbrk    0x00000000       0x3c Src/syscalls.o
 .text._close   0x00000000        0x6 Src/syscalls.o
 .text._fstat   0x00000000        0xa Src/syscalls.o
 .text._isatty  0x00000000        0x4 Src/syscalls.o
 .text._lseek   0x00000000        0x4 Src/syscalls.o
 .text._open    0x00000000        0xa Src/syscalls.o
 .text._wait    0x00000000       0x10 Src/syscalls.o
 .text._unlink  0x00000000       0x10 Src/syscalls.o
 .text._times   0x00000000        0x6 Src/syscalls.o
 .text._stat    0x00000000        0xa Src/syscalls.o
 .text._link    0x00000000       0x10 Src/syscalls.o
 .text._fork    0x00000000       0x10 Src/syscalls.o
 .text._execve  0x00000000       0x10 Src/syscalls.o
 .debug_info    0x00000000      0xfd3 Src/syscalls.o
 .debug_abbrev  0x00000000      0x2d4 Src/syscalls.o
 .debug_loc     0x00000000      0x3af Src/syscalls.o
 .debug_aranges
                0x00000000       0xb0 Src/syscalls.o
 .debug_ranges  0x00000000       0xa0 Src/syscalls.o
 .debug_macro   0x00000000      0x243 Src/syscalls.o
 .debug_macro   0x00000000      0xaa2 Src/syscalls.o
 .debug_macro   0x00000000       0x22 Src/syscalls.o
 .debug_macro   0x00000000       0x58 Src/syscalls.o
 .debug_macro   0x00000000       0x18 Src/syscalls.o
 .debug_macro   0x00000000       0x94 Src/syscalls.o
 .debug_macro   0x00000000       0x35 Src/syscalls.o
 .debug_macro   0x00000000       0x34 Src/syscalls.o
 .debug_macro   0x00000000       0x57 Src/syscalls.o
 .debug_macro   0x00000000      0x174 Src/syscalls.o
 .debug_macro   0x00000000      0x330 Src/syscalls.o
 .debug_macro   0x00000000       0x58 Src/syscalls.o
 .debug_macro   0x00000000       0x1f Src/syscalls.o
 .debug_macro   0x00000000       0x43 Src/syscalls.o
 .debug_macro   0x00000000       0x20 Src/syscalls.o
 .debug_macro   0x00000000      0x18e Src/syscalls.o
 .debug_macro   0x00000000       0x10 Src/syscalls.o
 .debug_macro   0x00000000       0x35 Src/syscalls.o
 .debug_macro   0x00000000       0x10 Src/syscalls.o
 .debug_macro   0x00000000       0x10 Src/syscalls.o
 .debug_macro   0x00000000       0x10 Src/syscalls.o
 .debug_macro   0x00000000       0x6a Src/syscalls.o
 .debug_macro   0x00000000       0x1c Src/syscalls.o
 .debug_macro   0x00000000       0x52 Src/syscalls.o
 .debug_macro   0x00000000       0x40 Src/syscalls.o
 .debug_macro   0x00000000       0x10 Src/syscalls.o
 .debug_macro   0x00000000       0x40 Src/syscalls.o
 .debug_macro   0x00000000       0xd7 Src/syscalls.o
 .debug_macro   0x00000000       0x1c Src/syscalls.o
 .debug_macro   0x00000000       0x3d Src/syscalls.o
 .debug_macro   0x00000000       0x35 Src/syscalls.o
 .debug_macro   0x00000000      0x122 Src/syscalls.o
 .debug_macro   0x00000000       0x16 Src/syscalls.o
 .debug_macro   0x00000000       0x16 Src/syscalls.o
 .debug_macro   0x00000000       0x29 Src/syscalls.o
 .debug_macro   0x00000000       0x10 Src/syscalls.o
 .debug_macro   0x00000000      0x241 Src/syscalls.o
 .debug_macro   0x00000000       0x1c Src/syscalls.o
 .debug_macro   0x00000000       0x10 Src/syscalls.o
 .debug_macro   0x00000000       0x10 Src/syscalls.o
 .debug_macro   0x00000000       0x16 Src/syscalls.o
 .debug_macro   0x00000000      0x16f Src/syscalls.o
 .debug_macro   0x00000000      0x189 Src/syscalls.o
 .debug_macro   0x00000000       0x16 Src/syscalls.o
 .debug_macro   0x00000000       0x88 Src/syscalls.o
 .debug_line    0x00000000      0x5d1 Src/syscalls.o
 .debug_str     0x00000000     0x86a3 Src/syscalls.o
 .comment       0x00000000       0x80 Src/syscalls.o
 .debug_frame   0x00000000      0x1a8 Src/syscalls.o
 .ARM.attributes
                0x00000000       0x39 Src/syscalls.o
 .group         0x00000000        0xc Src/system_stm32f4xx.o
 .group         0x00000000        0xc Src/system_stm32f4xx.o
 .group         0x00000000        0xc Src/system_stm32f4xx.o
 .group         0x00000000        0xc Src/system_stm32f4xx.o
 .group         0x00000000        0xc Src/system_stm32f4xx.o
 .group         0x00000000        0xc Src/system_stm32f4xx.o
 .group         0x00000000        0xc Src/system_stm32f4xx.o
 .group         0x00000000        0xc Src/system_stm32f4xx.o
 .group         0x00000000        0xc Src/system_stm32f4xx.o
 .group         0x00000000        0xc Src/system_stm32f4xx.o
 .group         0x00000000        0xc Src/system_stm32f4xx.o
 .group         0x00000000        0xc Src/system_stm32f4xx.o
 .group         0x00000000        0xc Src/system_stm32f4xx.o
 .group         0x00000000        0xc Src/system_stm32f4xx.o
 .group         0x00000000        0xc Src/system_stm32f4xx.o
 .group         0x00000000        0xc Src/system_stm32f4xx.o
 .text          0x00000000        0x0 Src/system_stm32f4xx.o
 .bss           0x00000000        0x0 Src/system_stm32f4xx.o
 .text.SystemCoreClockUpdate
                0x00000000       0xa0 Src/system_stm32f4xx.o
 .debug_macro   0x00000000      0xaa2 Src/system_stm32f4xx.o
 .debug_macro   0x00000000       0x32 Src/system_stm32f4xx.o
 .debug_macro   0x00000000       0x28 Src/system_stm32f4xx.o
 .debug_macro   0x00000000       0x22 Src/system_stm32f4xx.o
 .debug_macro   0x00000000       0x8e Src/system_stm32f4xx.o
 .debug_macro   0x00000000       0x51 Src/system_stm32f4xx.o
 .debug_macro   0x00000000       0xef Src/system_stm32f4xx.o
 .debug_macro   0x00000000       0x6a Src/system_stm32f4xx.o
 .debug_macro   0x00000000      0x1df Src/system_stm32f4xx.o
 .debug_macro   0x00000000       0x1c Src/system_stm32f4xx.o
 .debug_macro   0x00000000       0x22 Src/system_stm32f4xx.o
 .debug_macro   0x00000000       0xdf Src/system_stm32f4xx.o
 .debug_macro   0x00000000     0x102d Src/system_stm32f4xx.o
 .debug_macro   0x00000000      0x11f Src/system_stm32f4xx.o
 .debug_macro   0x00000000     0xb857 Src/system_stm32f4xx.o
 .debug_macro   0x00000000       0x43 Src/system_stm32f4xx.o
 .text          0x00000000       0x14 startup/startup_stm32f401xe.o
 .data          0x00000000        0x0 startup/startup_stm32f401xe.o
 .bss           0x00000000        0x0 startup/startup_stm32f401xe.o
 .text          0x00000000        0x0 c:/ac6/systemworkbench/plugins/fr.ac6.mcu.externaltools.arm-none.win32_1.17.0.201812190825/tools/compiler/bin/../lib/gcc/arm-none-eabi/7.3.1/../../../../arm-none-eabi/lib/thumb/v7e-m/fpv4-sp/hard\libc_nano.a(lib_a-errno.o)
 .data          0x00000000        0x0 c:/ac6/systemworkbench/plugins/fr.ac6.mcu.externaltools.arm-none.win32_1.17.0.201812190825/tools/compiler/bin/../lib/gcc/arm-none-eabi/7.3.1/../../../../arm-none-eabi/lib/thumb/v7e-m/fpv4-sp/hard\libc_nano.a(lib_a-errno.o)
 .bss           0x00000000        0x0 c:/ac6/systemworkbench/plugins/fr.ac6.mcu.externaltools.arm-none.win32_1.17.0.201812190825/tools/compiler/bin/../lib/gcc/arm-none-eabi/7.3.1/../../../../arm-none-eabi/lib/thumb/v7e-m/fpv4-sp/hard\libc_nano.a(lib_a-errno.o)
 .text.__errno  0x00000000        0xc c:/ac6/systemworkbench/plugins/fr.ac6.mcu.externaltools.arm-none.win32_1.17.0.201812190825/tools/compiler/bin/../lib/gcc/arm-none-eabi/7.3.1/../../../../arm-none-eabi/lib/thumb/v7e-m/fpv4-sp/hard\libc_nano.a(lib_a-errno.o)
 .debug_frame   0x00000000       0x20 c:/ac6/systemworkbench/plugins/fr.ac6.mcu.externaltools.arm-none.win32_1.17.0.201812190825/tools/compiler/bin/../lib/gcc/arm-none-eabi/7.3.1/../../../../arm-none-eabi/lib/thumb/v7e-m/fpv4-sp/hard\libc_nano.a(lib_a-errno.o)
 .ARM.attributes
                0x00000000       0x34 c:/ac6/systemworkbench/plugins/fr.ac6.mcu.externaltools.arm-none.win32_1.17.0.201812190825/tools/compiler/bin/../lib/gcc/arm-none-eabi/7.3.1/../../../../arm-none-eabi/lib/thumb/v7e-m/fpv4-sp/hard\libc_nano.a(lib_a-errno.o)
 .text          0x00000000        0x0 c:/ac6/systemworkbench/plugins/fr.ac6.mcu.externaltools.arm-none.win32_1.17.0.201812190825/tools/compiler/bin/../lib/gcc/arm-none-eabi/7.3.1/../../../../arm-none-eabi/lib/thumb/v7e-m/fpv4-sp/hard\libc_nano.a(lib_a-exit.o)
 .data          0x00000000        0x0 c:/ac6/systemworkbench/plugins/fr.ac6.mcu.externaltools.arm-none.win32_1.17.0.201812190825/tools/compiler/bin/../lib/gcc/arm-none-eabi/7.3.1/../../../../arm-none-eabi/lib/thumb/v7e-m/fpv4-sp/hard\libc_nano.a(lib_a-exit.o)
 .bss           0x00000000        0x0 c:/ac6/systemworkbench/plugins/fr.ac6.mcu.externaltools.arm-none.win32_1.17.0.201812190825/tools/compiler/bin/../lib/gcc/arm-none-eabi/7.3.1/../../../../arm-none-eabi/lib/thumb/v7e-m/fpv4-sp/hard\libc_nano.a(lib_a-exit.o)
 .text.exit     0x00000000       0x28 c:/ac6/systemworkbench/plugins/fr.ac6.mcu.externaltools.arm-none.win32_1.17.0.201812190825/tools/compiler/bin/../lib/gcc/arm-none-eabi/7.3.1/../../../../arm-none-eabi/lib/thumb/v7e-m/fpv4-sp/hard\libc_nano.a(lib_a-exit.o)
 .debug_frame   0x00000000       0x28 c:/ac6/systemworkbench/plugins/fr.ac6.mcu.externaltools.arm-none.win32_1.17.0.201812190825/tools/compiler/bin/../lib/gcc/arm-none-eabi/7.3.1/../../../../arm-none-eabi/lib/thumb/v7e-m/fpv4-sp/hard\libc_nano.a(lib_a-exit.o)
 .ARM.attributes
                0x00000000       0x34 c:/ac6/systemworkbench/plugins/fr.ac6.mcu.externaltools.arm-none.win32_1.17.0.201812190825/tools/compiler/bin/../lib/gcc/arm-none-eabi/7.3.1/../../../../arm-none-eabi/lib/thumb/v7e-m/fpv4-sp/hard\libc_nano.a(lib_a-exit.o)
 .text          0x00000000        0x0 c:/ac6/systemworkbench/plugins/fr.ac6.mcu.externaltools.arm-none.win32_1.17.0.201812190825/tools/compiler/bin/../lib/gcc/arm-none-eabi/7.3.1/../../../../arm-none-eabi/lib/thumb/v7e-m/fpv4-sp/hard\libc_nano.a(lib_a-impure.o)
 .data          0x00000000        0x0 c:/ac6/systemworkbench/plugins/fr.ac6.mcu.externaltools.arm-none.win32_1.17.0.201812190825/tools/compiler/bin/../lib/gcc/arm-none-eabi/7.3.1/../../../../arm-none-eabi/lib/thumb/v7e-m/fpv4-sp/hard\libc_nano.a(lib_a-impure.o)
 .bss           0x00000000        0x0 c:/ac6/systemworkbench/plugins/fr.ac6.mcu.externaltools.arm-none.win32_1.17.0.201812190825/tools/compiler/bin/../lib/gcc/arm-none-eabi/7.3.1/../../../../arm-none-eabi/lib/thumb/v7e-m/fpv4-sp/hard\libc_nano.a(lib_a-impure.o)
 .data._impure_ptr
                0x00000000        0x4 c:/ac6/systemworkbench/plugins/fr.ac6.mcu.externaltools.arm-none.win32_1.17.0.201812190825/tools/compiler/bin/../lib/gcc/arm-none-eabi/7.3.1/../../../../arm-none-eabi/lib/thumb/v7e-m/fpv4-sp/hard\libc_nano.a(lib_a-impure.o)
 .data.impure_data
                0x00000000       0x60 c:/ac6/systemworkbench/plugins/fr.ac6.mcu.externaltools.arm-none.win32_1.17.0.201812190825/tools/compiler/bin/../lib/gcc/arm-none-eabi/7.3.1/../../../../arm-none-eabi/lib/thumb/v7e-m/fpv4-sp/hard\libc_nano.a(lib_a-impure.o)
 .rodata._global_impure_ptr
                0x00000000        0x4 c:/ac6/systemworkbench/plugins/fr.ac6.mcu.externaltools.arm-none.win32_1.17.0.201812190825/tools/compiler/bin/../lib/gcc/arm-none-eabi/7.3.1/../../../../arm-none-eabi/lib/thumb/v7e-m/fpv4-sp/hard\libc_nano.a(lib_a-impure.o)
 .ARM.attributes
                0x00000000       0x34 c:/ac6/systemworkbench/plugins/fr.ac6.mcu.externaltools.arm-none.win32_1.17.0.201812190825/tools/compiler/bin/../lib/gcc/arm-none-eabi/7.3.1/../../../../arm-none-eabi/lib/thumb/v7e-m/fpv4-sp/hard\libc_nano.a(lib_a-impure.o)
 .text          0x00000000        0x0 c:/ac6/systemworkbench/plugins/fr.ac6.mcu.externaltools.arm-none.win32_1.17.0.201812190825/tools/compiler/bin/../lib/gcc/arm-none-eabi/7.3.1/../../../../arm-none-eabi/lib/thumb/v7e-m/fpv4-sp/hard\libc_nano.a(lib_a-init.o)
 .data          0x00000000        0x0 c:/ac6/systemworkbench/plugins/fr.ac6.mcu.externaltools.arm-none.win32_1.17.0.201812190825/tools/compiler/bin/../lib/gcc/arm-none-eabi/7.3.1/../../../../arm-none-eabi/lib/thumb/v7e-m/fpv4-sp/hard\libc_nano.a(lib_a-init.o)
 .bss           0x00000000        0x0 c:/ac6/systemworkbench/plugins/fr.ac6.mcu.externaltools.arm-none.win32_1.17.0.201812190825/tools/compiler/bin/../lib/gcc/arm-none-eabi/7.3.1/../../../../arm-none-eabi/lib/thumb/v7e-m/fpv4-sp/hard\libc_nano.a(lib_a-init.o)
 .text          0x00000000        0x0 c:/ac6/systemworkbench/plugins/fr.ac6.mcu.externaltools.arm-none.win32_1.17.0.201812190825/tools/compiler/bin/../lib/gcc/arm-none-eabi/7.3.1/../../../../arm-none-eabi/lib/thumb/v7e-m/fpv4-sp/hard\libc_nano.a(lib_a-memset.o)
 .data          0x00000000        0x0 c:/ac6/systemworkbench/plugins/fr.ac6.mcu.externaltools.arm-none.win32_1.17.0.201812190825/tools/compiler/bin/../lib/gcc/arm-none-eabi/7.3.1/../../../../arm-none-eabi/lib/thumb/v7e-m/fpv4-sp/hard\libc_nano.a(lib_a-memset.o)
 .bss           0x00000000        0x0 c:/ac6/systemworkbench/plugins/fr.ac6.mcu.externaltools.arm-none.win32_1.17.0.201812190825/tools/compiler/bin/../lib/gcc/arm-none-eabi/7.3.1/../../../../arm-none-eabi/lib/thumb/v7e-m/fpv4-sp/hard\libc_nano.a(lib_a-memset.o)
 .text          0x00000000        0x0 c:/ac6/systemworkbench/plugins/fr.ac6.mcu.externaltools.arm-none.win32_1.17.0.201812190825/tools/compiler/bin/../lib/gcc/arm-none-eabi/7.3.1/thumb/v7e-m/fpv4-sp/hard/crtend.o
 .data          0x00000000        0x0 c:/ac6/systemworkbench/plugins/fr.ac6.mcu.externaltools.arm-none.win32_1.17.0.201812190825/tools/compiler/bin/../lib/gcc/arm-none-eabi/7.3.1/thumb/v7e-m/fpv4-sp/hard/crtend.o
 .bss           0x00000000        0x0 c:/ac6/systemworkbench/plugins/fr.ac6.mcu.externaltools.arm-none.win32_1.17.0.201812190825/tools/compiler/bin/../lib/gcc/arm-none-eabi/7.3.1/thumb/v7e-m/fpv4-sp/hard/crtend.o
 .eh_frame      0x00000000        0x4 c:/ac6/systemworkbench/plugins/fr.ac6.mcu.externaltools.arm-none.win32_1.17.0.201812190825/tools/compiler/bin/../lib/gcc/arm-none-eabi/7.3.1/thumb/v7e-m/fpv4-sp/hard/crtend.o
 .ARM.attributes
                0x00000000       0x34 c:/ac6/systemworkbench/plugins/fr.ac6.mcu.externaltools.arm-none.win32_1.17.0.201812190825/tools/compiler/bin/../lib/gcc/arm-none-eabi/7.3.1/thumb/v7e-m/fpv4-sp/hard/crtend.o
 .text          0x00000000        0x0 c:/ac6/systemworkbench/plugins/fr.ac6.mcu.externaltools.arm-none.win32_1.17.0.201812190825/tools/compiler/bin/../lib/gcc/arm-none-eabi/7.3.1/thumb/v7e-m/fpv4-sp/hard/crtn.o
 .data          0x00000000        0x0 c:/ac6/systemworkbench/plugins/fr.ac6.mcu.externaltools.arm-none.win32_1.17.0.201812190825/tools/compiler/bin/../lib/gcc/arm-none-eabi/7.3.1/thumb/v7e-m/fpv4-sp/hard/crtn.o
 .bss           0x00000000        0x0 c:/ac6/systemworkbench/plugins/fr.ac6.mcu.externaltools.arm-none.win32_1.17.0.201812190825/tools/compiler/bin/../lib/gcc/arm-none-eabi/7.3.1/thumb/v7e-m/fpv4-sp/hard/crtn.o

Memory Configuration

Name             Origin             Length             Attributes
RAM              0x20000000         0x00018000         xrw
FLASH            0x08000000         0x00080000         xr
*default*        0x00000000         0xffffffff

Linker script and memory map

LOAD c:/ac6/systemworkbench/plugins/fr.ac6.mcu.externaltools.arm-none.win32_1.17.0.201812190825/tools/compiler/bin/../lib/gcc/arm-none-eabi/7.3.1/thumb/v7e-m/fpv4-sp/hard/crti.o
LOAD c:/ac6/systemworkbench/plugins/fr.ac6.mcu.externaltools.arm-none.win32_1.17.0.201812190825/tools/compiler/bin/../lib/gcc/arm-none-eabi/7.3.1/thumb/v7e-m/fpv4-sp/hard/crtbegin.o
LOAD c:/ac6/systemworkbench/plugins/fr.ac6.mcu.externaltools.arm-none.win32_1.17.0.201812190825/tools/compiler/bin/../lib/gcc/arm-none-eabi/7.3.1/../../../../arm-none-eabi/lib/thumb/v7e-m/fpv4-sp/hard/crt0.o
LOAD Drivers/STM32F4xx_HAL_Driver/Src/stm32f4xx_ll_dma.o
LOAD Drivers/STM32F4xx_HAL_Driver/Src/stm32f4xx_ll_exti.o
LOAD Drivers/STM32F4xx_HAL_Driver/Src/stm32f4xx_ll_gpio.o
LOAD Drivers/STM32F4xx_HAL_Driver/Src/stm32f4xx_ll_rcc.o
LOAD Drivers/STM32F4xx_HAL_Driver/Src/stm32f4xx_ll_tim.o
LOAD Drivers/STM32F4xx_HAL_Driver/Src/stm32f4xx_ll_usart.o
LOAD Drivers/STM32F4xx_HAL_Driver/Src/stm32f4xx_ll_utils.o
LOAD Src/main.o
LOAD Src/stm32f4xx_it.o
LOAD Src/syscalls.o
LOAD Src/system_stm32f4xx.o
LOAD startup/startup_stm32f401xe.o
LOAD c:/ac6/systemworkbench/plugins/fr.ac6.mcu.externaltools.arm-none.win32_1.17.0.201812190825/tools/compiler/bin/../lib/gcc/arm-none-eabi/7.3.1/../../../../arm-none-eabi/lib/thumb/v7e-m/fpv4-sp/hard\libm.a
START GROUP
LOAD c:/ac6/systemworkbench/plugins/fr.ac6.mcu.externaltools.arm-none.win32_1.17.0.201812190825/tools/compiler/bin/../lib/gcc/arm-none-eabi/7.3.1/thumb/v7e-m/fpv4-sp/hard\libgcc.a
LOAD c:/ac6/systemworkbench/plugins/fr.ac6.mcu.externaltools.arm-none.win32_1.17.0.201812190825/tools/compiler/bin/../lib/gcc/arm-none-eabi/7.3.1/../../../../arm-none-eabi/lib/thumb/v7e-m/fpv4-sp/hard\libc_nano.a
END GROUP
START GROUP
LOAD c:/ac6/systemworkbench/plugins/fr.ac6.mcu.externaltools.arm-none.win32_1.17.0.201812190825/tools/compiler/bin/../lib/gcc/arm-none-eabi/7.3.1/thumb/v7e-m/fpv4-sp/hard\libgcc.a
LOAD c:/ac6/systemworkbench/plugins/fr.ac6.mcu.externaltools.arm-none.win32_1.17.0.201812190825/tools/compiler/bin/../lib/gcc/arm-none-eabi/7.3.1/../../../../arm-none-eabi/lib/thumb/v7e-m/fpv4-sp/hard\libc_nano.a
LOAD c:/ac6/systemworkbench/plugins/fr.ac6.mcu.externaltools.arm-none.win32_1.17.0.201812190825/tools/compiler/bin/../lib/gcc/arm-none-eabi/7.3.1/../../../../arm-none-eabi/lib/thumb/v7e-m/fpv4-sp/hard\libnosys.a
END GROUP
START GROUP
LOAD c:/ac6/systemworkbench/plugins/fr.ac6.mcu.externaltools.arm-none.win32_1.17.0.201812190825/tools/compiler/bin/../lib/gcc/arm-none-eabi/7.3.1/thumb/v7e-m/fpv4-sp/hard\libgcc.a
LOAD c:/ac6/systemworkbench/plugins/fr.ac6.mcu.externaltools.arm-none.win32_1.17.0.201812190825/tools/compiler/bin/../lib/gcc/arm-none-eabi/7.3.1/../../../../arm-none-eabi/lib/thumb/v7e-m/fpv4-sp/hard\libc_nano.a
LOAD c:/ac6/systemworkbench/plugins/fr.ac6.mcu.externaltools.arm-none.win32_1.17.0.201812190825/tools/compiler/bin/../lib/gcc/arm-none-eabi/7.3.1/../../../../arm-none-eabi/lib/thumb/v7e-m/fpv4-sp/hard\libnosys.a
END GROUP
LOAD c:/ac6/systemworkbench/plugins/fr.ac6.mcu.externaltools.arm-none.win32_1.17.0.201812190825/tools/compiler/bin/../lib/gcc/arm-none-eabi/7.3.1/thumb/v7e-m/fpv4-sp/hard/crtend.o
LOAD c:/ac6/systemworkbench/plugins/fr.ac6.mcu.externaltools.arm-none.win32_1.17.0.201812190825/tools/compiler/bin/../lib/gcc/arm-none-eabi/7.3.1/thumb/v7e-m/fpv4-sp/hard/crtn.o
                0x20018000                _estack = 0x20018000
                0x00000200                _Min_Heap_Size = 0x200
                0x00000400                _Min_Stack_Size = 0x400

.isr_vector     0x08000000      0x194
                0x08000000                . = ALIGN (0x4)
 *(.isr_vector)
 .isr_vector    0x08000000      0x194 startup/startup_stm32f401xe.o
                0x08000000                g_pfnVectors
                0x08000194                . = ALIGN (0x4)

.text           0x08000194      0xc44
                0x08000194                . = ALIGN (0x4)
 *(.text)
 .text          0x08000194       0x40 c:/ac6/systemworkbench/plugins/fr.ac6.mcu.externaltools.arm-none.win32_1.17.0.201812190825/tools/compiler/bin/../lib/gcc/arm-none-eabi/7.3.1/thumb/v7e-m/fpv4-sp/hard/crtbegin.o
 *(.text*)
 .text.LL_EXTI_Init
                0x080001d4       0xdc Drivers/STM32F4xx_HAL_Driver/Src/stm32f4xx_ll_exti.o
                0x080001d4                LL_EXTI_Init
 .text.LL_GPIO_Init
                0x080002b0      0x132 Drivers/STM32F4xx_HAL_Driver/Src/stm32f4xx_ll_gpio.o
                0x080002b0                LL_GPIO_Init
 *fill*         0x080003e2        0x2 
 .text.RCC_GetHCLKClockFreq
                0x080003e4       0x18 Drivers/STM32F4xx_HAL_Driver/Src/stm32f4xx_ll_rcc.o
                0x080003e4                RCC_GetHCLKClockFreq
 .text.RCC_GetPCLK1ClockFreq
                0x080003fc       0x18 Drivers/STM32F4xx_HAL_Driver/Src/stm32f4xx_ll_rcc.o
                0x080003fc                RCC_GetPCLK1ClockFreq
 .text.RCC_GetPCLK2ClockFreq
                0x08000414       0x18 Drivers/STM32F4xx_HAL_Driver/Src/stm32f4xx_ll_rcc.o
                0x08000414                RCC_GetPCLK2ClockFreq
 .text.RCC_PLL_GetFreqDomain_SYS
                0x0800042c       0x4c Drivers/STM32F4xx_HAL_Driver/Src/stm32f4xx_ll_rcc.o
                0x0800042c                RCC_PLL_GetFreqDomain_SYS
 .text.RCC_GetSystemClockFreq
                0x08000478       0x30 Drivers/STM32F4xx_HAL_Driver/Src/stm32f4xx_ll_rcc.o
                0x08000478                RCC_GetSystemClockFreq
 .text.LL_RCC_GetSystemClocksFreq
                0x080004a8       0x20 Drivers/STM32F4xx_HAL_Driver/Src/stm32f4xx_ll_rcc.o
                0x080004a8                LL_RCC_GetSystemClocksFreq
 .text.OC1Config
                0x080004c8       0x6c Drivers/STM32F4xx_HAL_Driver/Src/stm32f4xx_ll_tim.o
 .text.OC2Config
                0x08000534       0x74 Drivers/STM32F4xx_HAL_Driver/Src/stm32f4xx_ll_tim.o
 .text.OC3Config
                0x080005a8       0x70 Drivers/STM32F4xx_HAL_Driver/Src/stm32f4xx_ll_tim.o
 .text.OC4Config
                0x08000618       0x54 Drivers/STM32F4xx_HAL_Driver/Src/stm32f4xx_ll_tim.o
 .text.LL_TIM_Init
                0x0800066c       0x98 Drivers/STM32F4xx_HAL_Driver/Src/stm32f4xx_ll_tim.o
                0x0800066c                LL_TIM_Init
 .text.LL_TIM_OC_Init
                0x08000704       0x3c Drivers/STM32F4xx_HAL_Driver/Src/stm32f4xx_ll_tim.o
                0x08000704                LL_TIM_OC_Init
 .text.LL_USART_Init
                0x08000740      0x120 Drivers/STM32F4xx_HAL_Driver/Src/stm32f4xx_ll_usart.o
                0x08000740                LL_USART_Init
 .text.LL_Init1msTick
                0x08000860       0x20 Drivers/STM32F4xx_HAL_Driver/Src/stm32f4xx_ll_utils.o
                0x08000860                LL_Init1msTick
 .text.LL_SetSystemCoreClock
                0x08000880        0xc Drivers/STM32F4xx_HAL_Driver/Src/stm32f4xx_ll_utils.o
                0x08000880                LL_SetSystemCoreClock
 .text.MX_GPIO_Init
                0x0800088c      0x134 Src/main.o
 .text.MX_TIM3_Init
                0x080009c0       0x9c Src/main.o
 .text.MX_USART2_UART_Init
                0x08000a5c       0x9c Src/main.o
 .text.SystemClock_Config
                0x08000af8       0xe8 Src/main.o
                0x08000af8                SystemClock_Config
 .text.main     0x08000be0       0xb4 Src/main.o
                0x08000be0                main
 .text.NMI_Handler
                0x08000c94        0x2 Src/stm32f4xx_it.o
                0x08000c94                NMI_Handler
 .text.HardFault_Handler
                0x08000c96        0x2 Src/stm32f4xx_it.o
                0x08000c96                HardFault_Handler
 .text.MemManage_Handler
                0x08000c98        0x2 Src/stm32f4xx_it.o
                0x08000c98                MemManage_Handler
 .text.BusFault_Handler
                0x08000c9a        0x2 Src/stm32f4xx_it.o
                0x08000c9a                BusFault_Handler
 .text.UsageFault_Handler
                0x08000c9c        0x2 Src/stm32f4xx_it.o
                0x08000c9c                UsageFault_Handler
 .text.SVC_Handler
                0x08000c9e        0x2 Src/stm32f4xx_it.o
                0x08000c9e                SVC_Handler
 .text.DebugMon_Handler
                0x08000ca0        0x2 Src/stm32f4xx_it.o
                0x08000ca0                DebugMon_Handler
 .text.PendSV_Handler
                0x08000ca2        0x2 Src/stm32f4xx_it.o
                0x08000ca2                PendSV_Handler
 .text.SysTick_Handler
                0x08000ca4       0x24 Src/stm32f4xx_it.o
                0x08000ca4                SysTick_Handler
 .text.SystemInit
                0x08000cc8       0x4c Src/system_stm32f4xx.o
                0x08000cc8                SystemInit
 .text.Reset_Handler
                0x08000d14       0x50 startup/startup_stm32f401xe.o
                0x08000d14                Reset_Handler
 .text.Default_Handler
                0x08000d64        0x2 startup/startup_stm32f401xe.o
                0x08000d64                RTC_Alarm_IRQHandler
                0x08000d64                EXTI2_IRQHandler
                0x08000d64                SPI4_IRQHandler
                0x08000d64                TIM1_CC_IRQHandler
                0x08000d64                DMA2_Stream5_IRQHandler
                0x08000d64                DMA1_Stream5_IRQHandler
                0x08000d64                PVD_IRQHandler
                0x08000d64                SDIO_IRQHandler
                0x08000d64                TAMP_STAMP_IRQHandler
                0x08000d64                EXTI3_IRQHandler
                0x08000d64                TIM1_UP_TIM10_IRQHandler
                0x08000d64                I2C3_ER_IRQHandler
                0x08000d64                EXTI0_IRQHandler
                0x08000d64                I2C2_EV_IRQHandler
                0x08000d64                DMA1_Stream2_IRQHandler
                0x08000d64                FPU_IRQHandler
                0x08000d64                DMA2_Stream2_IRQHandler
                0x08000d64                SPI1_IRQHandler
                0x08000d64                TIM1_BRK_TIM9_IRQHandler
                0x08000d64                DMA2_Stream3_IRQHandler
                0x08000d64                USART6_IRQHandler
                0x08000d64                DMA2_Stream0_IRQHandler
                0x08000d64                TIM4_IRQHandler
                0x08000d64                I2C1_EV_IRQHandler
                0x08000d64                DMA1_Stream6_IRQHandler
                0x08000d64                DMA1_Stream1_IRQHandler
                0x08000d64                TIM3_IRQHandler
                0x08000d64                RCC_IRQHandler
                0x08000d64                Default_Handler
                0x08000d64                EXTI15_10_IRQHandler
                0x08000d64                ADC_IRQHandler
                0x08000d64                DMA1_Stream7_IRQHandler
                0x08000d64                TIM5_IRQHandler
                0x08000d64                DMA2_Stream7_IRQHandler
                0x08000d64                I2C3_EV_IRQHandler
                0x08000d64                EXTI9_5_IRQHandler
                0x08000d64                RTC_WKUP_IRQHandler
                0x08000d64                SPI2_IRQHandler
                0x08000d64                DMA1_Stream0_IRQHandler
                0x08000d64                EXTI4_IRQHandler
                0x08000d64                WWDG_IRQHandler
                0x08000d64                TIM2_IRQHandler
                0x08000d64                OTG_FS_WKUP_IRQHandler
                0x08000d64                TIM1_TRG_COM_TIM11_IRQHandler
                0x08000d64                EXTI1_IRQHandler
                0x08000d64                USART2_IRQHandler
                0x08000d64                I2C2_ER_IRQHandler
                0x08000d64                DMA2_Stream1_IRQHandler
                0x08000d64                FLASH_IRQHandler
                0x08000d64                DMA2_Stream4_IRQHandler
                0x08000d64                USART1_IRQHandler
                0x08000d64                OTG_FS_IRQHandler
                0x08000d64                SPI3_IRQHandler
                0x08000d64                DMA1_Stream4_IRQHandler
                0x08000d64                I2C1_ER_IRQHandler
                0x08000d64                DMA2_Stream6_IRQHandler
                0x08000d64                DMA1_Stream3_IRQHandler
 *fill*         0x08000d66        0x2 
 .text.__libc_init_array
                0x08000d68       0x48 c:/ac6/systemworkbench/plugins/fr.ac6.mcu.externaltools.arm-none.win32_1.17.0.201812190825/tools/compiler/bin/../lib/gcc/arm-none-eabi/7.3.1/../../../../arm-none-eabi/lib/thumb/v7e-m/fpv4-sp/hard\libc_nano.a(lib_a-init.o)
                0x08000d68                __libc_init_array
 .text.memset   0x08000db0       0x10 c:/ac6/systemworkbench/plugins/fr.ac6.mcu.externaltools.arm-none.win32_1.17.0.201812190825/tools/compiler/bin/../lib/gcc/arm-none-eabi/7.3.1/../../../../arm-none-eabi/lib/thumb/v7e-m/fpv4-sp/hard\libc_nano.a(lib_a-memset.o)
                0x08000db0                memset
 *(.glue_7)
 .glue_7        0x08000dc0        0x0 linker stubs
 *(.glue_7t)
 .glue_7t       0x08000dc0        0x0 linker stubs
 *(.eh_frame)
 .eh_frame      0x08000dc0        0x0 c:/ac6/systemworkbench/plugins/fr.ac6.mcu.externaltools.arm-none.win32_1.17.0.201812190825/tools/compiler/bin/../lib/gcc/arm-none-eabi/7.3.1/thumb/v7e-m/fpv4-sp/hard/crtbegin.o
 *(.init)
 .init          0x08000dc0        0x4 c:/ac6/systemworkbench/plugins/fr.ac6.mcu.externaltools.arm-none.win32_1.17.0.201812190825/tools/compiler/bin/../lib/gcc/arm-none-eabi/7.3.1/thumb/v7e-m/fpv4-sp/hard/crti.o
                0x08000dc0                _init
 .init          0x08000dc4        0x8 c:/ac6/systemworkbench/plugins/fr.ac6.mcu.externaltools.arm-none.win32_1.17.0.201812190825/tools/compiler/bin/../lib/gcc/arm-none-eabi/7.3.1/thumb/v7e-m/fpv4-sp/hard/crtn.o
 *(.fini)
 .fini          0x08000dcc        0x4 c:/ac6/systemworkbench/plugins/fr.ac6.mcu.externaltools.arm-none.win32_1.17.0.201812190825/tools/compiler/bin/../lib/gcc/arm-none-eabi/7.3.1/thumb/v7e-m/fpv4-sp/hard/crti.o
                0x08000dcc                _fini
 .fini          0x08000dd0        0x8 c:/ac6/systemworkbench/plugins/fr.ac6.mcu.externaltools.arm-none.win32_1.17.0.201812190825/tools/compiler/bin/../lib/gcc/arm-none-eabi/7.3.1/thumb/v7e-m/fpv4-sp/hard/crtn.o
                0x08000dd8                . = ALIGN (0x4)
                0x08000dd8                _etext = .

.vfp11_veneer   0x08000dd8        0x0
 .vfp11_veneer  0x08000dd8        0x0 linker stubs

.v4_bx          0x08000dd8        0x0
 .v4_bx         0x08000dd8        0x0 linker stubs

.iplt           0x08000dd8        0x0
 .iplt          0x08000dd8        0x0 c:/ac6/systemworkbench/plugins/fr.ac6.mcu.externaltools.arm-none.win32_1.17.0.201812190825/tools/compiler/bin/../lib/gcc/arm-none-eabi/7.3.1/thumb/v7e-m/fpv4-sp/hard/crtbegin.o

.rodata         0x08000dd8       0x18
                0x08000dd8                . = ALIGN (0x4)
 *(.rodata)
 .rodata        0x08000dd8       0x18 Src/system_stm32f4xx.o
                0x08000dd8                AHBPrescTable
                0x08000de8                APBPrescTable
 *(.rodata*)
                0x08000df0                . = ALIGN (0x4)

.rel.dyn        0x08000df0        0x0
 .rel.iplt      0x08000df0        0x0 c:/ac6/systemworkbench/plugins/fr.ac6.mcu.externaltools.arm-none.win32_1.17.0.201812190825/tools/compiler/bin/../lib/gcc/arm-none-eabi/7.3.1/thumb/v7e-m/fpv4-sp/hard/crtbegin.o

.ARM.extab
 *(.ARM.extab* .gnu.linkonce.armextab.*)

.ARM            0x08000df0        0x0
                0x08000df0                __exidx_start = .
 *(.ARM.exidx*)
                0x08000df0                __exidx_end = .

.preinit_array  0x08000df0        0x0
                0x08000df0                PROVIDE (__preinit_array_start = .)
 *(.preinit_array*)
                0x08000df0                PROVIDE (__preinit_array_end = .)

.init_array     0x08000df0        0x4
                0x08000df0                PROVIDE (__init_array_start = .)
 *(SORT_BY_NAME(.init_array.*))
 *(.init_array*)
 .init_array    0x08000df0        0x4 c:/ac6/systemworkbench/plugins/fr.ac6.mcu.externaltools.arm-none.win32_1.17.0.201812190825/tools/compiler/bin/../lib/gcc/arm-none-eabi/7.3.1/thumb/v7e-m/fpv4-sp/hard/crtbegin.o
                0x08000df4                PROVIDE (__init_array_end = .)

.fini_array     0x08000df4        0x4
                [!provide]                PROVIDE (__fini_array_start = .)
 *(SORT_BY_NAME(.fini_array.*))
 *(.fini_array*)
 .fini_array    0x08000df4        0x4 c:/ac6/systemworkbench/plugins/fr.ac6.mcu.externaltools.arm-none.win32_1.17.0.201812190825/tools/compiler/bin/../lib/gcc/arm-none-eabi/7.3.1/thumb/v7e-m/fpv4-sp/hard/crtbegin.o
                [!provide]                PROVIDE (__fini_array_end = .)
                0x08000df8                _sidata = LOADADDR (.data)

.data           0x20000000        0x8 load address 0x08000df8
                0x20000000                . = ALIGN (0x4)
                0x20000000                _sdata = .
 *(.data)
 .data          0x20000000        0x4 Src/stm32f4xx_it.o
 .data          0x20000004        0x4 Src/system_stm32f4xx.o
                0x20000004                SystemCoreClock
 *(.data*)
                0x20000008                . = ALIGN (0x4)
                0x20000008                _edata = .

.igot.plt       0x20000008        0x0 load address 0x08000e00
 .igot.plt      0x20000008        0x0 c:/ac6/systemworkbench/plugins/fr.ac6.mcu.externaltools.arm-none.win32_1.17.0.201812190825/tools/compiler/bin/../lib/gcc/arm-none-eabi/7.3.1/thumb/v7e-m/fpv4-sp/hard/crtbegin.o
                0x20000008                . = ALIGN (0x4)

.bss            0x20000008       0x1c load address 0x08000e00
                0x20000008                _sbss = .
                0x20000008                __bss_start__ = _sbss
 *(.bss)
 .bss           0x20000008       0x1c c:/ac6/systemworkbench/plugins/fr.ac6.mcu.externaltools.arm-none.win32_1.17.0.201812190825/tools/compiler/bin/../lib/gcc/arm-none-eabi/7.3.1/thumb/v7e-m/fpv4-sp/hard/crtbegin.o
 *(.bss*)
 *(COMMON)
                0x20000024                . = ALIGN (0x4)
                0x20000024                _ebss = .
                0x20000024                __bss_end__ = _ebss

._user_heap_stack
                0x20000024      0x604 load address 0x08000e00
                0x20000028                . = ALIGN (0x8)
 *fill*         0x20000024        0x4 
                0x20000028                PROVIDE (end = .)
                [!provide]                PROVIDE (_end = .)
                0x20000228                . = (. + _Min_Heap_Size)
 *fill*         0x20000028      0x200 
                0x20000628                . = (. + _Min_Stack_Size)
 *fill*         0x20000228      0x400 
                0x20000628                . = ALIGN (0x8)

/DISCARD/
 libc.a(*)
 libm.a(*)
 libgcc.a(*)

.ARM.attributes
                0x00000000       0x30
 *(.ARM.attributes)
 .ARM.attributes
                0x00000000       0x22 c:/ac6/systemworkbench/plugins/fr.ac6.mcu.externaltools.arm-none.win32_1.17.0.201812190825/tools/compiler/bin/../lib/gcc/arm-none-eabi/7.3.1/thumb/v7e-m/fpv4-sp/hard/crti.o
 .ARM.attributes
                0x00000022       0x34 c:/ac6/systemworkbench/plugins/fr.ac6.mcu.externaltools.arm-none.win32_1.17.0.201812190825/tools/compiler/bin/../lib/gcc/arm-none-eabi/7.3.1/thumb/v7e-m/fpv4-sp/hard/crtbegin.o
 .ARM.attributes
                0x00000056       0x39 Drivers/STM32F4xx_HAL_Driver/Src/stm32f4xx_ll_exti.o
 .ARM.attributes
                0x0000008f       0x39 Drivers/STM32F4xx_HAL_Driver/Src/stm32f4xx_ll_gpio.o
 .ARM.attributes
                0x000000c8       0x39 Drivers/STM32F4xx_HAL_Driver/Src/stm32f4xx_ll_rcc.o
 .ARM.attributes
                0x00000101       0x39 Drivers/STM32F4xx_HAL_Driver/Src/stm32f4xx_ll_tim.o
 .ARM.attributes
                0x0000013a       0x39 Drivers/STM32F4xx_HAL_Driver/Src/stm32f4xx_ll_usart.o
 .ARM.attributes
                0x00000173       0x39 Drivers/STM32F4xx_HAL_Driver/Src/stm32f4xx_ll_utils.o
 .ARM.attributes
                0x000001ac       0x39 Src/main.o
 .ARM.attributes
                0x000001e5       0x39 Src/stm32f4xx_it.o
 .ARM.attributes
                0x0000021e       0x39 Src/system_stm32f4xx.o
 .ARM.attributes
                0x00000257       0x21 startup/startup_stm32f401xe.o
 .ARM.attributes
                0x00000278       0x34 c:/ac6/systemworkbench/plugins/fr.ac6.mcu.externaltools.arm-none.win32_1.17.0.201812190825/tools/compiler/bin/../lib/gcc/arm-none-eabi/7.3.1/../../../../arm-none-eabi/lib/thumb/v7e-m/fpv4-sp/hard\libc_nano.a(lib_a-init.o)
 .ARM.attributes
                0x000002ac       0x34 c:/ac6/systemworkbench/plugins/fr.ac6.mcu.externaltools.arm-none.win32_1.17.0.201812190825/tools/compiler/bin/../lib/gcc/arm-none-eabi/7.3.1/../../../../arm-none-eabi/lib/thumb/v7e-m/fpv4-sp/hard\libc_nano.a(lib_a-memset.o)
 .ARM.attributes
                0x000002e0       0x22 c:/ac6/systemworkbench/plugins/fr.ac6.mcu.externaltools.arm-none.win32_1.17.0.201812190825/tools/compiler/bin/../lib/gcc/arm-none-eabi/7.3.1/thumb/v7e-m/fpv4-sp/hard/crtn.o
OUTPUT(1.1.elf elf32-littlearm)

.debug_info     0x00000000     0x610b
 .debug_info    0x00000000      0x4da Drivers/STM32F4xx_HAL_Driver/Src/stm32f4xx_ll_exti.o
 .debug_info    0x000004da      0xac1 Drivers/STM32F4xx_HAL_Driver/Src/stm32f4xx_ll_gpio.o
 .debug_info    0x00000f9b      0x8de Drivers/STM32F4xx_HAL_Driver/Src/stm32f4xx_ll_rcc.o
 .debug_info    0x00001879     0x1280 Drivers/STM32F4xx_HAL_Driver/Src/stm32f4xx_ll_tim.o
 .debug_info    0x00002af9      0x895 Drivers/STM32F4xx_HAL_Driver/Src/stm32f4xx_ll_usart.o
 .debug_info    0x0000338e      0xb33 Drivers/STM32F4xx_HAL_Driver/Src/stm32f4xx_ll_utils.o
 .debug_info    0x00003ec1     0x1a9f Src/main.o
 .debug_info    0x00005960      0x25f Src/stm32f4xx_it.o
 .debug_info    0x00005bbf      0x52a Src/system_stm32f4xx.o
 .debug_info    0x000060e9       0x22 startup/startup_stm32f401xe.o

.debug_abbrev   0x00000000     0x1264
 .debug_abbrev  0x00000000      0x1c8 Drivers/STM32F4xx_HAL_Driver/Src/stm32f4xx_ll_exti.o
 .debug_abbrev  0x000001c8      0x219 Drivers/STM32F4xx_HAL_Driver/Src/stm32f4xx_ll_gpio.o
 .debug_abbrev  0x000003e1      0x237 Drivers/STM32F4xx_HAL_Driver/Src/stm32f4xx_ll_rcc.o
 .debug_abbrev  0x00000618      0x265 Drivers/STM32F4xx_HAL_Driver/Src/stm32f4xx_ll_tim.o
 .debug_abbrev  0x0000087d      0x25b Drivers/STM32F4xx_HAL_Driver/Src/stm32f4xx_ll_usart.o
 .debug_abbrev  0x00000ad8      0x233 Drivers/STM32F4xx_HAL_Driver/Src/stm32f4xx_ll_utils.o
 .debug_abbrev  0x00000d0b      0x352 Src/main.o
 .debug_abbrev  0x0000105d       0xe4 Src/stm32f4xx_it.o
 .debug_abbrev  0x00001141      0x111 Src/system_stm32f4xx.o
 .debug_abbrev  0x00001252       0x12 startup/startup_stm32f401xe.o

.debug_loc      0x00000000     0x2ae0
 .debug_loc     0x00000000      0x2ba Drivers/STM32F4xx_HAL_Driver/Src/stm32f4xx_ll_exti.o
 .debug_loc     0x000002ba      0x4aa Drivers/STM32F4xx_HAL_Driver/Src/stm32f4xx_ll_gpio.o
 .debug_loc     0x00000764      0x3db Drivers/STM32F4xx_HAL_Driver/Src/stm32f4xx_ll_rcc.o
 .debug_loc     0x00000b3f      0xf3d Drivers/STM32F4xx_HAL_Driver/Src/stm32f4xx_ll_tim.o
 .debug_loc     0x00001a7c      0x486 Drivers/STM32F4xx_HAL_Driver/Src/stm32f4xx_ll_usart.o
 .debug_loc     0x00001f02      0x59f Drivers/STM32F4xx_HAL_Driver/Src/stm32f4xx_ll_utils.o
 .debug_loc     0x000024a1      0x4e2 Src/main.o
 .debug_loc     0x00002983       0x1f Src/stm32f4xx_it.o
 .debug_loc     0x000029a2      0x13e Src/system_stm32f4xx.o

.debug_aranges  0x00000000      0x330
 .debug_aranges
                0x00000000       0x30 Drivers/STM32F4xx_HAL_Driver/Src/stm32f4xx_ll_exti.o
 .debug_aranges
                0x00000030       0x30 Drivers/STM32F4xx_HAL_Driver/Src/stm32f4xx_ll_gpio.o
 .debug_aranges
                0x00000060       0x78 Drivers/STM32F4xx_HAL_Driver/Src/stm32f4xx_ll_rcc.o
 .debug_aranges
                0x000000d8       0xc0 Drivers/STM32F4xx_HAL_Driver/Src/stm32f4xx_ll_tim.o
 .debug_aranges
                0x00000198       0x40 Drivers/STM32F4xx_HAL_Driver/Src/stm32f4xx_ll_usart.o
 .debug_aranges
                0x000001d8       0x60 Drivers/STM32F4xx_HAL_Driver/Src/stm32f4xx_ll_utils.o
 .debug_aranges
                0x00000238       0x48 Src/main.o
 .debug_aranges
                0x00000280       0x60 Src/stm32f4xx_it.o
 .debug_aranges
                0x000002e0       0x28 Src/system_stm32f4xx.o
 .debug_aranges
                0x00000308       0x28 startup/startup_stm32f401xe.o

.debug_ranges   0x00000000      0x2b0
 .debug_ranges  0x00000000       0x20 Drivers/STM32F4xx_HAL_Driver/Src/stm32f4xx_ll_exti.o
 .debug_ranges  0x00000020       0x20 Drivers/STM32F4xx_HAL_Driver/Src/stm32f4xx_ll_gpio.o
 .debug_ranges  0x00000040       0x68 Drivers/STM32F4xx_HAL_Driver/Src/stm32f4xx_ll_rcc.o
 .debug_ranges  0x000000a8       0xb0 Drivers/STM32F4xx_HAL_Driver/Src/stm32f4xx_ll_tim.o
 .debug_ranges  0x00000158       0x48 Drivers/STM32F4xx_HAL_Driver/Src/stm32f4xx_ll_usart.o
 .debug_ranges  0x000001a0       0x50 Drivers/STM32F4xx_HAL_Driver/Src/stm32f4xx_ll_utils.o
 .debug_ranges  0x000001f0       0x38 Src/main.o
 .debug_ranges  0x00000228       0x50 Src/stm32f4xx_it.o
 .debug_ranges  0x00000278       0x18 Src/system_stm32f4xx.o
 .debug_ranges  0x00000290       0x20 startup/startup_stm32f401xe.o

.debug_macro    0x00000000     0x345b
 .debug_macro   0x00000000       0xf5 Drivers/STM32F4xx_HAL_Driver/Src/stm32f4xx_ll_exti.o
 .debug_macro   0x000000f5       0xe2 Drivers/STM32F4xx_HAL_Driver/Src/stm32f4xx_ll_exti.o
 .debug_macro   0x000001d7      0x110 Drivers/STM32F4xx_HAL_Driver/Src/stm32f4xx_ll_gpio.o
 .debug_macro   0x000002e7      0x143 Drivers/STM32F4xx_HAL_Driver/Src/stm32f4xx_ll_gpio.o
 .debug_macro   0x0000042a       0xf5 Drivers/STM32F4xx_HAL_Driver/Src/stm32f4xx_ll_rcc.o
 .debug_macro   0x0000051f      0x782 Drivers/STM32F4xx_HAL_Driver/Src/stm32f4xx_ll_rcc.o
 .debug_macro   0x00000ca1      0x159 Drivers/STM32F4xx_HAL_Driver/Src/stm32f4xx_ll_tim.o
 .debug_macro   0x00000dfa      0x5e6 Drivers/STM32F4xx_HAL_Driver/Src/stm32f4xx_ll_tim.o
 .debug_macro   0x000013e0      0x143 Drivers/STM32F4xx_HAL_Driver/Src/stm32f4xx_ll_usart.o
 .debug_macro   0x00001523      0x1b5 Drivers/STM32F4xx_HAL_Driver/Src/stm32f4xx_ll_usart.o
 .debug_macro   0x000016d8      0x788 Drivers/STM32F4xx_HAL_Driver/Src/stm32f4xx_ll_usart.o
 .debug_macro   0x00001e60      0x191 Drivers/STM32F4xx_HAL_Driver/Src/stm32f4xx_ll_utils.o
 .debug_macro   0x00001ff1       0x5b Drivers/STM32F4xx_HAL_Driver/Src/stm32f4xx_ll_utils.o
 .debug_macro   0x0000204c      0x1ab Drivers/STM32F4xx_HAL_Driver/Src/stm32f4xx_ll_utils.o
 .debug_macro   0x000021f7       0xbd Drivers/STM32F4xx_HAL_Driver/Src/stm32f4xx_ll_utils.o
 .debug_macro   0x000022b4      0x146 Src/main.o
 .debug_macro   0x000023fa       0xe8 Src/main.o
 .debug_macro   0x000024e2      0x1a8 Src/main.o
 .debug_macro   0x0000268a       0x61 Src/main.o
 .debug_macro   0x000026eb      0x1e6 Src/main.o
 .debug_macro   0x000028d1      0x5ec Src/main.o
 .debug_macro   0x00002ebd      0x1bb Src/main.o
 .debug_macro   0x00003078      0x149 Src/main.o
 .debug_macro   0x000031c1       0x76 Src/main.o
 .debug_macro   0x00003237      0x150 Src/stm32f4xx_it.o
 .debug_macro   0x00003387       0xd4 Src/system_stm32f4xx.o

.debug_line     0x00000000     0x38ac
 .debug_line    0x00000000      0x566 Drivers/STM32F4xx_HAL_Driver/Src/stm32f4xx_ll_exti.o
 .debug_line    0x00000566      0x5f9 Drivers/STM32F4xx_HAL_Driver/Src/stm32f4xx_ll_gpio.o
 .debug_line    0x00000b5f      0x6ad Drivers/STM32F4xx_HAL_Driver/Src/stm32f4xx_ll_rcc.o
 .debug_line    0x0000120c      0x804 Drivers/STM32F4xx_HAL_Driver/Src/stm32f4xx_ll_tim.o
 .debug_line    0x00001a10      0x5c5 Drivers/STM32F4xx_HAL_Driver/Src/stm32f4xx_ll_usart.o
 .debug_line    0x00001fd5      0x69d Drivers/STM32F4xx_HAL_Driver/Src/stm32f4xx_ll_utils.o
 .debug_line    0x00002672      0x778 Src/main.o
 .debug_line    0x00002dea      0x61c Src/stm32f4xx_it.o
 .debug_line    0x00003406      0x427 Src/system_stm32f4xx.o
 .debug_line    0x0000382d       0x7f startup/startup_stm32f401xe.o

.debug_str      0x00000000    0x604fa
 .debug_str     0x00000000    0x4f79d Drivers/STM32F4xx_HAL_Driver/Src/stm32f4xx_ll_exti.o
                              0x4f926 (size before relaxing)
 .debug_str     0x0004f79d     0x165d Drivers/STM32F4xx_HAL_Driver/Src/stm32f4xx_ll_gpio.o
                              0x5076b (size before relaxing)
 .debug_str     0x00050dfa     0x4542 Drivers/STM32F4xx_HAL_Driver/Src/stm32f4xx_ll_rcc.o
                              0x53741 (size before relaxing)
 .debug_str     0x0005533c     0x44dc Drivers/STM32F4xx_HAL_Driver/Src/stm32f4xx_ll_tim.o
                              0x53e1e (size before relaxing)
 .debug_str     0x00059818     0x1679 Drivers/STM32F4xx_HAL_Driver/Src/stm32f4xx_ll_usart.o
                              0x550c1 (size before relaxing)
 .debug_str     0x0005ae91     0x2939 Drivers/STM32F4xx_HAL_Driver/Src/stm32f4xx_ll_utils.o
                              0x55c36 (size before relaxing)
 .debug_str     0x0005d7ca     0x2be8 Src/main.o
                              0x5c846 (size before relaxing)
 .debug_str     0x000603b2       0xb8 Src/stm32f4xx_it.o
                              0x5bbf5 (size before relaxing)
 .debug_str     0x0006046a       0x61 Src/system_stm32f4xx.o
                              0x4f276 (size before relaxing)
 .debug_str     0x000604cb       0x2f startup/startup_stm32f401xe.o
                                 0x63 (size before relaxing)

.comment        0x00000000       0x7f
 .comment       0x00000000       0x7f Drivers/STM32F4xx_HAL_Driver/Src/stm32f4xx_ll_exti.o
                                 0x80 (size before relaxing)
 .comment       0x0000007f       0x80 Drivers/STM32F4xx_HAL_Driver/Src/stm32f4xx_ll_gpio.o
 .comment       0x0000007f       0x80 Drivers/STM32F4xx_HAL_Driver/Src/stm32f4xx_ll_rcc.o
 .comment       0x0000007f       0x80 Drivers/STM32F4xx_HAL_Driver/Src/stm32f4xx_ll_tim.o
 .comment       0x0000007f       0x80 Drivers/STM32F4xx_HAL_Driver/Src/stm32f4xx_ll_usart.o
 .comment       0x0000007f       0x80 Drivers/STM32F4xx_HAL_Driver/Src/stm32f4xx_ll_utils.o
 .comment       0x0000007f       0x80 Src/main.o
 .comment       0x0000007f       0x80 Src/stm32f4xx_it.o
 .comment       0x0000007f       0x80 Src/system_stm32f4xx.o

.debug_frame    0x00000000      0x6c8
 .debug_frame   0x00000000       0x54 Drivers/STM32F4xx_HAL_Driver/Src/stm32f4xx_ll_exti.o
 .debug_frame   0x00000054       0x58 Drivers/STM32F4xx_HAL_Driver/Src/stm32f4xx_ll_gpio.o
 .debug_frame   0x000000ac       0xf8 Drivers/STM32F4xx_HAL_Driver/Src/stm32f4xx_ll_rcc.o
 .debug_frame   0x000001a4      0x1fc Drivers/STM32F4xx_HAL_Driver/Src/stm32f4xx_ll_tim.o
 .debug_frame   0x000003a0       0x80 Drivers/STM32F4xx_HAL_Driver/Src/stm32f4xx_ll_usart.o
 .debug_frame   0x00000420       0xd4 Drivers/STM32F4xx_HAL_Driver/Src/stm32f4xx_ll_utils.o
 .debug_frame   0x000004f4       0xb8 Src/main.o
 .debug_frame   0x000005ac       0xa0 Src/stm32f4xx_it.o
 .debug_frame   0x0000064c       0x30 Src/system_stm32f4xx.o
 .debug_frame   0x0000067c       0x2c c:/ac6/systemworkbench/plugins/fr.ac6.mcu.externaltools.arm-none.win32_1.17.0.201812190825/tools/compiler/bin/../lib/gcc/arm-none-eabi/7.3.1/../../../../arm-none-eabi/lib/thumb/v7e-m/fpv4-sp/hard\libc_nano.a(lib_a-init.o)
 .debug_frame   0x000006a8       0x20 c:/ac6/systemworkbench/plugins/fr.ac6.mcu.externaltools.arm-none.win32_1.17.0.201812190825/tools/compiler/bin/../lib/gcc/arm-none-eabi/7.3.1/../../../../arm-none-eabi/lib/thumb/v7e-m/fpv4-sp/hard\libc_nano.a(lib_a-memset.o)
