Archive member included to satisfy reference by file (symbol)

c:/ac6/systemworkbench/plugins/fr.ac6.mcu.externaltools.arm-none.win32_1.17.0.201812190825/tools/compiler/bin/../lib/gcc/arm-none-eabi/7.3.1/../../../../arm-none-eabi/lib/thumb/v7e-m/fpv4-sp/hard\libc_nano.a(lib_a-errno.o)
                              Src/syscalls.o (__errno)
c:/ac6/systemworkbench/plugins/fr.ac6.mcu.externaltools.arm-none.win32_1.17.0.201812190825/tools/compiler/bin/../lib/gcc/arm-none-eabi/7.3.1/../../../../arm-none-eabi/lib/thumb/v7e-m/fpv4-sp/hard\libc_nano.a(lib_a-exit.o)
                              c:/ac6/systemworkbench/plugins/fr.ac6.mcu.externaltools.arm-none.win32_1.17.0.201812190825/tools/compiler/bin/../lib/gcc/arm-none-eabi/7.3.1/../../../../arm-none-eabi/lib/thumb/v7e-m/fpv4-sp/hard/crt0.o (exit)
c:/ac6/systemworkbench/plugins/fr.ac6.mcu.externaltools.arm-none.win32_1.17.0.201812190825/tools/compiler/bin/../lib/gcc/arm-none-eabi/7.3.1/../../../../arm-none-eabi/lib/thumb/v7e-m/fpv4-sp/hard\libc_nano.a(lib_a-impure.o)
                              c:/ac6/systemworkbench/plugins/fr.ac6.mcu.externaltools.arm-none.win32_1.17.0.201812190825/tools/compiler/bin/../lib/gcc/arm-none-eabi/7.3.1/../../../../arm-none-eabi/lib/thumb/v7e-m/fpv4-sp/hard\libc_nano.a(lib_a-exit.o) (_global_impure_ptr)
c:/ac6/systemworkbench/plugins/fr.ac6.mcu.externaltools.arm-none.win32_1.17.0.201812190825/tools/compiler/bin/../lib/gcc/arm-none-eabi/7.3.1/../../../../arm-none-eabi/lib/thumb/v7e-m/fpv4-sp/hard\libc_nano.a(lib_a-init.o)
                              c:/ac6/systemworkbench/plugins/fr.ac6.mcu.externaltools.arm-none.win32_1.17.0.201812190825/tools/compiler/bin/../lib/gcc/arm-none-eabi/7.3.1/../../../../arm-none-eabi/lib/thumb/v7e-m/fpv4-sp/hard/crt0.o (__libc_init_array)
c:/ac6/systemworkbench/plugins/fr.ac6.mcu.externaltools.arm-none.win32_1.17.0.201812190825/tools/compiler/bin/../lib/gcc/arm-none-eabi/7.3.1/../../../../arm-none-eabi/lib/thumb/v7e-m/fpv4-sp/hard\libc_nano.a(lib_a-memset.o)
                              c:/ac6/systemworkbench/plugins/fr.ac6.mcu.externaltools.arm-none.win32_1.17.0.201812190825/tools/compiler/bin/../lib/gcc/arm-none-eabi/7.3.1/../../../../arm-none-eabi/lib/thumb/v7e-m/fpv4-sp/hard/crt0.o (memset)

Discarded input sections

 .text          0x00000000        0x0 c:/ac6/systemworkbench/plugins/fr.ac6.mcu.externaltools.arm-none.win32_1.17.0.201812190825/tools/compiler/bin/../lib/gcc/arm-none-eabi/7.3.1/thumb/v7e-m/fpv4-sp/hard/crti.o
 .data          0x00000000        0x0 c:/ac6/systemworkbench/plugins/fr.ac6.mcu.externaltools.arm-none.win32_1.17.0.201812190825/tools/compiler/bin/../lib/gcc/arm-none-eabi/7.3.1/thumb/v7e-m/fpv4-sp/hard/crti.o
 .bss           0x00000000        0x0 c:/ac6/systemworkbench/plugins/fr.ac6.mcu.externaltools.arm-none.win32_1.17.0.201812190825/tools/compiler/bin/../lib/gcc/arm-none-eabi/7.3.1/thumb/v7e-m/fpv4-sp/hard/crti.o
 .data          0x00000000        0x4 c:/ac6/systemworkbench/plugins/fr.ac6.mcu.externaltools.arm-none.win32_1.17.0.201812190825/tools/compiler/bin/../lib/gcc/arm-none-eabi/7.3.1/thumb/v7e-m/fpv4-sp/hard/crtbegin.o
 .text          0x00000000       0x74 c:/ac6/systemworkbench/plugins/fr.ac6.mcu.externaltools.arm-none.win32_1.17.0.201812190825/tools/compiler/bin/../lib/gcc/arm-none-eabi/7.3.1/../../../../arm-none-eabi/lib/thumb/v7e-m/fpv4-sp/hard/crt0.o
 .data          0x00000000        0x0 c:/ac6/systemworkbench/plugins/fr.ac6.mcu.externaltools.arm-none.win32_1.17.0.201812190825/tools/compiler/bin/../lib/gcc/arm-none-eabi/7.3.1/../../../../arm-none-eabi/lib/thumb/v7e-m/fpv4-sp/hard/crt0.o
 .bss           0x00000000        0x0 c:/ac6/systemworkbench/plugins/fr.ac6.mcu.externaltools.arm-none.win32_1.17.0.201812190825/tools/compiler/bin/../lib/gcc/arm-none-eabi/7.3.1/../../../../arm-none-eabi/lib/thumb/v7e-m/fpv4-sp/hard/crt0.o
 .ARM.extab     0x00000000        0x0 c:/ac6/systemworkbench/plugins/fr.ac6.mcu.externaltools.arm-none.win32_1.17.0.201812190825/tools/compiler/bin/../lib/gcc/arm-none-eabi/7.3.1/../../../../arm-none-eabi/lib/thumb/v7e-m/fpv4-sp/hard/crt0.o
 .ARM.exidx     0x00000000        0x8 c:/ac6/systemworkbench/plugins/fr.ac6.mcu.externaltools.arm-none.win32_1.17.0.201812190825/tools/compiler/bin/../lib/gcc/arm-none-eabi/7.3.1/../../../../arm-none-eabi/lib/thumb/v7e-m/fpv4-sp/hard/crt0.o
 .ARM.attributes
                0x00000000       0x20 c:/ac6/systemworkbench/plugins/fr.ac6.mcu.externaltools.arm-none.win32_1.17.0.201812190825/tools/compiler/bin/../lib/gcc/arm-none-eabi/7.3.1/../../../../arm-none-eabi/lib/thumb/v7e-m/fpv4-sp/hard/crt0.o
 .group         0x00000000        0xc Drivers/STM32F4xx_HAL_Driver/Src/stm32f4xx_ll_adc.o
 .group         0x00000000        0xc Drivers/STM32F4xx_HAL_Driver/Src/stm32f4xx_ll_adc.o
 .group         0x00000000        0xc Drivers/STM32F4xx_HAL_Driver/Src/stm32f4xx_ll_adc.o
 .group         0x00000000        0xc Drivers/STM32F4xx_HAL_Driver/Src/stm32f4xx_ll_adc.o
 .group         0x00000000        0xc Drivers/STM32F4xx_HAL_Driver/Src/stm32f4xx_ll_adc.o
 .group         0x00000000        0xc Drivers/STM32F4xx_HAL_Driver/Src/stm32f4xx_ll_adc.o
 .group         0x00000000        0xc Drivers/STM32F4xx_HAL_Driver/Src/stm32f4xx_ll_adc.o
 .group         0x00000000        0xc Drivers/STM32F4xx_HAL_Driver/Src/stm32f4xx_ll_adc.o
 .group         0x00000000        0xc Drivers/STM32F4xx_HAL_Driver/Src/stm32f4xx_ll_adc.o
 .group         0x00000000        0xc Drivers/STM32F4xx_HAL_Driver/Src/stm32f4xx_ll_adc.o
 .group         0x00000000        0xc Drivers/STM32F4xx_HAL_Driver/Src/stm32f4xx_ll_adc.o
 .group         0x00000000        0xc Drivers/STM32F4xx_HAL_Driver/Src/stm32f4xx_ll_adc.o
 .group         0x00000000        0xc Drivers/STM32F4xx_HAL_Driver/Src/stm32f4xx_ll_adc.o
 .group         0x00000000        0xc Drivers/STM32F4xx_HAL_Driver/Src/stm32f4xx_ll_adc.o
 .group         0x00000000        0xc Drivers/STM32F4xx_HAL_Driver/Src/stm32f4xx_ll_adc.o
 .group         0x00000000        0xc Drivers/STM32F4xx_HAL_Driver/Src/stm32f4xx_ll_adc.o
 .group         0x00000000        0xc Drivers/STM32F4xx_HAL_Driver/Src/stm32f4xx_ll_adc.o
 .group         0x00000000        0xc Drivers/STM32F4xx_HAL_Driver/Src/stm32f4xx_ll_adc.o
 .text          0x00000000        0x0 Drivers/STM32F4xx_HAL_Driver/Src/stm32f4xx_ll_adc.o
 .data          0x00000000        0x0 Drivers/STM32F4xx_HAL_Driver/Src/stm32f4xx_ll_adc.o
 .bss           0x00000000        0x0 Drivers/STM32F4xx_HAL_Driver/Src/stm32f4xx_ll_adc.o
 .text.LL_ADC_CommonDeInit
                0x00000000       0x1c Drivers/STM32F4xx_HAL_Driver/Src/stm32f4xx_ll_adc.o
 .text.LL_ADC_CommonStructInit
                0x00000000        0x6 Drivers/STM32F4xx_HAL_Driver/Src/stm32f4xx_ll_adc.o
 .text.LL_ADC_DeInit
                0x00000000       0xcc Drivers/STM32F4xx_HAL_Driver/Src/stm32f4xx_ll_adc.o
 .text.LL_ADC_StructInit
                0x00000000        0xe Drivers/STM32F4xx_HAL_Driver/Src/stm32f4xx_ll_adc.o
 .text.LL_ADC_REG_StructInit
                0x00000000        0xe Drivers/STM32F4xx_HAL_Driver/Src/stm32f4xx_ll_adc.o
 .text.LL_ADC_INJ_Init
                0x00000000       0x54 Drivers/STM32F4xx_HAL_Driver/Src/stm32f4xx_ll_adc.o
 .text.LL_ADC_INJ_StructInit
                0x00000000        0xc Drivers/STM32F4xx_HAL_Driver/Src/stm32f4xx_ll_adc.o
 .group         0x00000000        0xc Drivers/STM32F4xx_HAL_Driver/Src/stm32f4xx_ll_dma.o
 .group         0x00000000        0xc Drivers/STM32F4xx_HAL_Driver/Src/stm32f4xx_ll_dma.o
 .group         0x00000000        0xc Drivers/STM32F4xx_HAL_Driver/Src/stm32f4xx_ll_dma.o
 .group         0x00000000        0xc Drivers/STM32F4xx_HAL_Driver/Src/stm32f4xx_ll_dma.o
 .group         0x00000000        0xc Drivers/STM32F4xx_HAL_Driver/Src/stm32f4xx_ll_dma.o
 .group         0x00000000        0xc Drivers/STM32F4xx_HAL_Driver/Src/stm32f4xx_ll_dma.o
 .group         0x00000000        0xc Drivers/STM32F4xx_HAL_Driver/Src/stm32f4xx_ll_dma.o
 .group         0x00000000        0xc Drivers/STM32F4xx_HAL_Driver/Src/stm32f4xx_ll_dma.o
 .group         0x00000000        0xc Drivers/STM32F4xx_HAL_Driver/Src/stm32f4xx_ll_dma.o
 .group         0x00000000        0xc Drivers/STM32F4xx_HAL_Driver/Src/stm32f4xx_ll_dma.o
 .group         0x00000000        0xc Drivers/STM32F4xx_HAL_Driver/Src/stm32f4xx_ll_dma.o
 .group         0x00000000        0xc Drivers/STM32F4xx_HAL_Driver/Src/stm32f4xx_ll_dma.o
 .group         0x00000000        0xc Drivers/STM32F4xx_HAL_Driver/Src/stm32f4xx_ll_dma.o
 .group         0x00000000        0xc Drivers/STM32F4xx_HAL_Driver/Src/stm32f4xx_ll_dma.o
 .group         0x00000000        0xc Drivers/STM32F4xx_HAL_Driver/Src/stm32f4xx_ll_dma.o
 .group         0x00000000        0xc Drivers/STM32F4xx_HAL_Driver/Src/stm32f4xx_ll_dma.o
 .group         0x00000000        0xc Drivers/STM32F4xx_HAL_Driver/Src/stm32f4xx_ll_dma.o
 .group         0x00000000        0xc Drivers/STM32F4xx_HAL_Driver/Src/stm32f4xx_ll_dma.o
 .text          0x00000000        0x0 Drivers/STM32F4xx_HAL_Driver/Src/stm32f4xx_ll_dma.o
 .data          0x00000000        0x0 Drivers/STM32F4xx_HAL_Driver/Src/stm32f4xx_ll_dma.o
 .bss           0x00000000        0x0 Drivers/STM32F4xx_HAL_Driver/Src/stm32f4xx_ll_dma.o
 .text.LL_DMA_DeInit
                0x00000000      0x208 Drivers/STM32F4xx_HAL_Driver/Src/stm32f4xx_ll_dma.o
 .text.LL_DMA_Init
                0x00000000       0x84 Drivers/STM32F4xx_HAL_Driver/Src/stm32f4xx_ll_dma.o
 .text.LL_DMA_StructInit
                0x00000000       0x22 Drivers/STM32F4xx_HAL_Driver/Src/stm32f4xx_ll_dma.o
 .rodata        0x00000000        0x8 Drivers/STM32F4xx_HAL_Driver/Src/stm32f4xx_ll_dma.o
 .debug_info    0x00000000      0x99c Drivers/STM32F4xx_HAL_Driver/Src/stm32f4xx_ll_dma.o
 .debug_abbrev  0x00000000      0x233 Drivers/STM32F4xx_HAL_Driver/Src/stm32f4xx_ll_dma.o
 .debug_loc     0x00000000      0x51b Drivers/STM32F4xx_HAL_Driver/Src/stm32f4xx_ll_dma.o
 .debug_aranges
                0x00000000       0x30 Drivers/STM32F4xx_HAL_Driver/Src/stm32f4xx_ll_dma.o
 .debug_ranges  0x00000000       0x20 Drivers/STM32F4xx_HAL_Driver/Src/stm32f4xx_ll_dma.o
 .debug_macro   0x00000000      0x140 Drivers/STM32F4xx_HAL_Driver/Src/stm32f4xx_ll_dma.o
 .debug_macro   0x00000000      0xaa2 Drivers/STM32F4xx_HAL_Driver/Src/stm32f4xx_ll_dma.o
 .debug_macro   0x00000000       0x32 Drivers/STM32F4xx_HAL_Driver/Src/stm32f4xx_ll_dma.o
 .debug_macro   0x00000000       0x28 Drivers/STM32F4xx_HAL_Driver/Src/stm32f4xx_ll_dma.o
 .debug_macro   0x00000000       0x22 Drivers/STM32F4xx_HAL_Driver/Src/stm32f4xx_ll_dma.o
 .debug_macro   0x00000000       0x8e Drivers/STM32F4xx_HAL_Driver/Src/stm32f4xx_ll_dma.o
 .debug_macro   0x00000000       0x51 Drivers/STM32F4xx_HAL_Driver/Src/stm32f4xx_ll_dma.o
 .debug_macro   0x00000000       0xef Drivers/STM32F4xx_HAL_Driver/Src/stm32f4xx_ll_dma.o
 .debug_macro   0x00000000       0x6a Drivers/STM32F4xx_HAL_Driver/Src/stm32f4xx_ll_dma.o
 .debug_macro   0x00000000      0x1df Drivers/STM32F4xx_HAL_Driver/Src/stm32f4xx_ll_dma.o
 .debug_macro   0x00000000       0x1c Drivers/STM32F4xx_HAL_Driver/Src/stm32f4xx_ll_dma.o
 .debug_macro   0x00000000       0x22 Drivers/STM32F4xx_HAL_Driver/Src/stm32f4xx_ll_dma.o
 .debug_macro   0x00000000       0xdf Drivers/STM32F4xx_HAL_Driver/Src/stm32f4xx_ll_dma.o
 .debug_macro   0x00000000     0x102d Drivers/STM32F4xx_HAL_Driver/Src/stm32f4xx_ll_dma.o
 .debug_macro   0x00000000      0x11f Drivers/STM32F4xx_HAL_Driver/Src/stm32f4xx_ll_dma.o
 .debug_macro   0x00000000     0xb857 Drivers/STM32F4xx_HAL_Driver/Src/stm32f4xx_ll_dma.o
 .debug_macro   0x00000000       0x43 Drivers/STM32F4xx_HAL_Driver/Src/stm32f4xx_ll_dma.o
 .debug_macro   0x00000000      0x1e0 Drivers/STM32F4xx_HAL_Driver/Src/stm32f4xx_ll_dma.o
 .debug_macro   0x00000000      0x116 Drivers/STM32F4xx_HAL_Driver/Src/stm32f4xx_ll_dma.o
 .debug_line    0x00000000      0x686 Drivers/STM32F4xx_HAL_Driver/Src/stm32f4xx_ll_dma.o
 .debug_str     0x00000000    0x51eb8 Drivers/STM32F4xx_HAL_Driver/Src/stm32f4xx_ll_dma.o
 .comment       0x00000000       0x80 Drivers/STM32F4xx_HAL_Driver/Src/stm32f4xx_ll_dma.o
 .debug_frame   0x00000000       0x68 Drivers/STM32F4xx_HAL_Driver/Src/stm32f4xx_ll_dma.o
 .ARM.attributes
                0x00000000       0x39 Drivers/STM32F4xx_HAL_Driver/Src/stm32f4xx_ll_dma.o
 .group         0x00000000        0xc Drivers/STM32F4xx_HAL_Driver/Src/stm32f4xx_ll_exti.o
 .group         0x00000000        0xc Drivers/STM32F4xx_HAL_Driver/Src/stm32f4xx_ll_exti.o
 .group         0x00000000        0xc Drivers/STM32F4xx_HAL_Driver/Src/stm32f4xx_ll_exti.o
 .group         0x00000000        0xc Drivers/STM32F4xx_HAL_Driver/Src/stm32f4xx_ll_exti.o
 .group         0x00000000        0xc Drivers/STM32F4xx_HAL_Driver/Src/stm32f4xx_ll_exti.o
 .group         0x00000000        0xc Drivers/STM32F4xx_HAL_Driver/Src/stm32f4xx_ll_exti.o
 .group         0x00000000        0xc Drivers/STM32F4xx_HAL_Driver/Src/stm32f4xx_ll_exti.o
 .group         0x00000000        0xc Drivers/STM32F4xx_HAL_Driver/Src/stm32f4xx_ll_exti.o
 .group         0x00000000        0xc Drivers/STM32F4xx_HAL_Driver/Src/stm32f4xx_ll_exti.o
 .group         0x00000000        0xc Drivers/STM32F4xx_HAL_Driver/Src/stm32f4xx_ll_exti.o
 .group         0x00000000        0xc Drivers/STM32F4xx_HAL_Driver/Src/stm32f4xx_ll_exti.o
 .group         0x00000000        0xc Drivers/STM32F4xx_HAL_Driver/Src/stm32f4xx_ll_exti.o
 .group         0x00000000        0xc Drivers/STM32F4xx_HAL_Driver/Src/stm32f4xx_ll_exti.o
 .group         0x00000000        0xc Drivers/STM32F4xx_HAL_Driver/Src/stm32f4xx_ll_exti.o
 .group         0x00000000        0xc Drivers/STM32F4xx_HAL_Driver/Src/stm32f4xx_ll_exti.o
 .group         0x00000000        0xc Drivers/STM32F4xx_HAL_Driver/Src/stm32f4xx_ll_exti.o
 .group         0x00000000        0xc Drivers/STM32F4xx_HAL_Driver/Src/stm32f4xx_ll_exti.o
 .text          0x00000000        0x0 Drivers/STM32F4xx_HAL_Driver/Src/stm32f4xx_ll_exti.o
 .data          0x00000000        0x0 Drivers/STM32F4xx_HAL_Driver/Src/stm32f4xx_ll_exti.o
 .bss           0x00000000        0x0 Drivers/STM32F4xx_HAL_Driver/Src/stm32f4xx_ll_exti.o
 .text.LL_EXTI_DeInit
                0x00000000       0x1c Drivers/STM32F4xx_HAL_Driver/Src/stm32f4xx_ll_exti.o
 .text.LL_EXTI_StructInit
                0x00000000        0xe Drivers/STM32F4xx_HAL_Driver/Src/stm32f4xx_ll_exti.o
 .debug_macro   0x00000000      0xaa2 Drivers/STM32F4xx_HAL_Driver/Src/stm32f4xx_ll_exti.o
 .debug_macro   0x00000000       0x32 Drivers/STM32F4xx_HAL_Driver/Src/stm32f4xx_ll_exti.o
 .debug_macro   0x00000000       0x28 Drivers/STM32F4xx_HAL_Driver/Src/stm32f4xx_ll_exti.o
 .debug_macro   0x00000000       0x22 Drivers/STM32F4xx_HAL_Driver/Src/stm32f4xx_ll_exti.o
 .debug_macro   0x00000000       0x8e Drivers/STM32F4xx_HAL_Driver/Src/stm32f4xx_ll_exti.o
 .debug_macro   0x00000000       0x51 Drivers/STM32F4xx_HAL_Driver/Src/stm32f4xx_ll_exti.o
 .debug_macro   0x00000000       0xef Drivers/STM32F4xx_HAL_Driver/Src/stm32f4xx_ll_exti.o
 .debug_macro   0x00000000       0x6a Drivers/STM32F4xx_HAL_Driver/Src/stm32f4xx_ll_exti.o
 .debug_macro   0x00000000      0x1df Drivers/STM32F4xx_HAL_Driver/Src/stm32f4xx_ll_exti.o
 .debug_macro   0x00000000       0x1c Drivers/STM32F4xx_HAL_Driver/Src/stm32f4xx_ll_exti.o
 .debug_macro   0x00000000       0x22 Drivers/STM32F4xx_HAL_Driver/Src/stm32f4xx_ll_exti.o
 .debug_macro   0x00000000       0xdf Drivers/STM32F4xx_HAL_Driver/Src/stm32f4xx_ll_exti.o
 .debug_macro   0x00000000     0x102d Drivers/STM32F4xx_HAL_Driver/Src/stm32f4xx_ll_exti.o
 .debug_macro   0x00000000      0x11f Drivers/STM32F4xx_HAL_Driver/Src/stm32f4xx_ll_exti.o
 .debug_macro   0x00000000     0xb857 Drivers/STM32F4xx_HAL_Driver/Src/stm32f4xx_ll_exti.o
 .debug_macro   0x00000000       0x43 Drivers/STM32F4xx_HAL_Driver/Src/stm32f4xx_ll_exti.o
 .group         0x00000000        0xc Drivers/STM32F4xx_HAL_Driver/Src/stm32f4xx_ll_gpio.o
 .group         0x00000000        0xc Drivers/STM32F4xx_HAL_Driver/Src/stm32f4xx_ll_gpio.o
 .group         0x00000000        0xc Drivers/STM32F4xx_HAL_Driver/Src/stm32f4xx_ll_gpio.o
 .group         0x00000000        0xc Drivers/STM32F4xx_HAL_Driver/Src/stm32f4xx_ll_gpio.o
 .group         0x00000000        0xc Drivers/STM32F4xx_HAL_Driver/Src/stm32f4xx_ll_gpio.o
 .group         0x00000000        0xc Drivers/STM32F4xx_HAL_Driver/Src/stm32f4xx_ll_gpio.o
 .group         0x00000000        0xc Drivers/STM32F4xx_HAL_Driver/Src/stm32f4xx_ll_gpio.o
 .group         0x00000000        0xc Drivers/STM32F4xx_HAL_Driver/Src/stm32f4xx_ll_gpio.o
 .group         0x00000000        0xc Drivers/STM32F4xx_HAL_Driver/Src/stm32f4xx_ll_gpio.o
 .group         0x00000000        0xc Drivers/STM32F4xx_HAL_Driver/Src/stm32f4xx_ll_gpio.o
 .group         0x00000000        0xc Drivers/STM32F4xx_HAL_Driver/Src/stm32f4xx_ll_gpio.o
 .group         0x00000000        0xc Drivers/STM32F4xx_HAL_Driver/Src/stm32f4xx_ll_gpio.o
 .group         0x00000000        0xc Drivers/STM32F4xx_HAL_Driver/Src/stm32f4xx_ll_gpio.o
 .group         0x00000000        0xc Drivers/STM32F4xx_HAL_Driver/Src/stm32f4xx_ll_gpio.o
 .group         0x00000000        0xc Drivers/STM32F4xx_HAL_Driver/Src/stm32f4xx_ll_gpio.o
 .group         0x00000000        0xc Drivers/STM32F4xx_HAL_Driver/Src/stm32f4xx_ll_gpio.o
 .group         0x00000000        0xc Drivers/STM32F4xx_HAL_Driver/Src/stm32f4xx_ll_gpio.o
 .group         0x00000000        0xc Drivers/STM32F4xx_HAL_Driver/Src/stm32f4xx_ll_gpio.o
 .text          0x00000000        0x0 Drivers/STM32F4xx_HAL_Driver/Src/stm32f4xx_ll_gpio.o
 .data          0x00000000        0x0 Drivers/STM32F4xx_HAL_Driver/Src/stm32f4xx_ll_gpio.o
 .bss           0x00000000        0x0 Drivers/STM32F4xx_HAL_Driver/Src/stm32f4xx_ll_gpio.o
 .text.LL_GPIO_DeInit
                0x00000000       0xd0 Drivers/STM32F4xx_HAL_Driver/Src/stm32f4xx_ll_gpio.o
 .text.LL_GPIO_StructInit
                0x00000000       0x16 Drivers/STM32F4xx_HAL_Driver/Src/stm32f4xx_ll_gpio.o
 .debug_macro   0x00000000      0xaa2 Drivers/STM32F4xx_HAL_Driver/Src/stm32f4xx_ll_gpio.o
 .debug_macro   0x00000000       0x32 Drivers/STM32F4xx_HAL_Driver/Src/stm32f4xx_ll_gpio.o
 .debug_macro   0x00000000       0x28 Drivers/STM32F4xx_HAL_Driver/Src/stm32f4xx_ll_gpio.o
 .debug_macro   0x00000000       0x22 Drivers/STM32F4xx_HAL_Driver/Src/stm32f4xx_ll_gpio.o
 .debug_macro   0x00000000       0x8e Drivers/STM32F4xx_HAL_Driver/Src/stm32f4xx_ll_gpio.o
 .debug_macro   0x00000000       0x51 Drivers/STM32F4xx_HAL_Driver/Src/stm32f4xx_ll_gpio.o
 .debug_macro   0x00000000       0xef Drivers/STM32F4xx_HAL_Driver/Src/stm32f4xx_ll_gpio.o
 .debug_macro   0x00000000       0x6a Drivers/STM32F4xx_HAL_Driver/Src/stm32f4xx_ll_gpio.o
 .debug_macro   0x00000000      0x1df Drivers/STM32F4xx_HAL_Driver/Src/stm32f4xx_ll_gpio.o
 .debug_macro   0x00000000       0x1c Drivers/STM32F4xx_HAL_Driver/Src/stm32f4xx_ll_gpio.o
 .debug_macro   0x00000000       0x22 Drivers/STM32F4xx_HAL_Driver/Src/stm32f4xx_ll_gpio.o
 .debug_macro   0x00000000       0xdf Drivers/STM32F4xx_HAL_Driver/Src/stm32f4xx_ll_gpio.o
 .debug_macro   0x00000000     0x102d Drivers/STM32F4xx_HAL_Driver/Src/stm32f4xx_ll_gpio.o
 .debug_macro   0x00000000      0x11f Drivers/STM32F4xx_HAL_Driver/Src/stm32f4xx_ll_gpio.o
 .debug_macro   0x00000000     0xb857 Drivers/STM32F4xx_HAL_Driver/Src/stm32f4xx_ll_gpio.o
 .debug_macro   0x00000000       0x43 Drivers/STM32F4xx_HAL_Driver/Src/stm32f4xx_ll_gpio.o
 .debug_macro   0x00000000      0x116 Drivers/STM32F4xx_HAL_Driver/Src/stm32f4xx_ll_gpio.o
 .group         0x00000000        0xc Drivers/STM32F4xx_HAL_Driver/Src/stm32f4xx_ll_rcc.o
 .group         0x00000000        0xc Drivers/STM32F4xx_HAL_Driver/Src/stm32f4xx_ll_rcc.o
 .group         0x00000000        0xc Drivers/STM32F4xx_HAL_Driver/Src/stm32f4xx_ll_rcc.o
 .group         0x00000000        0xc Drivers/STM32F4xx_HAL_Driver/Src/stm32f4xx_ll_rcc.o
 .group         0x00000000        0xc Drivers/STM32F4xx_HAL_Driver/Src/stm32f4xx_ll_rcc.o
 .group         0x00000000        0xc Drivers/STM32F4xx_HAL_Driver/Src/stm32f4xx_ll_rcc.o
 .group         0x00000000        0xc Drivers/STM32F4xx_HAL_Driver/Src/stm32f4xx_ll_rcc.o
 .group         0x00000000        0xc Drivers/STM32F4xx_HAL_Driver/Src/stm32f4xx_ll_rcc.o
 .group         0x00000000        0xc Drivers/STM32F4xx_HAL_Driver/Src/stm32f4xx_ll_rcc.o
 .group         0x00000000        0xc Drivers/STM32F4xx_HAL_Driver/Src/stm32f4xx_ll_rcc.o
 .group         0x00000000        0xc Drivers/STM32F4xx_HAL_Driver/Src/stm32f4xx_ll_rcc.o
 .group         0x00000000        0xc Drivers/STM32F4xx_HAL_Driver/Src/stm32f4xx_ll_rcc.o
 .group         0x00000000        0xc Drivers/STM32F4xx_HAL_Driver/Src/stm32f4xx_ll_rcc.o
 .group         0x00000000        0xc Drivers/STM32F4xx_HAL_Driver/Src/stm32f4xx_ll_rcc.o
 .group         0x00000000        0xc Drivers/STM32F4xx_HAL_Driver/Src/stm32f4xx_ll_rcc.o
 .group         0x00000000        0xc Drivers/STM32F4xx_HAL_Driver/Src/stm32f4xx_ll_rcc.o
 .group         0x00000000        0xc Drivers/STM32F4xx_HAL_Driver/Src/stm32f4xx_ll_rcc.o
 .text          0x00000000        0x0 Drivers/STM32F4xx_HAL_Driver/Src/stm32f4xx_ll_rcc.o
 .data          0x00000000        0x0 Drivers/STM32F4xx_HAL_Driver/Src/stm32f4xx_ll_rcc.o
 .bss           0x00000000        0x0 Drivers/STM32F4xx_HAL_Driver/Src/stm32f4xx_ll_rcc.o
 .text.LL_RCC_DeInit
                0x00000000       0x84 Drivers/STM32F4xx_HAL_Driver/Src/stm32f4xx_ll_rcc.o
 .text.RCC_PLL_GetFreqDomain_48M
                0x00000000       0x40 Drivers/STM32F4xx_HAL_Driver/Src/stm32f4xx_ll_rcc.o
 .text.LL_RCC_GetSDIOClockFreq
                0x00000000       0x24 Drivers/STM32F4xx_HAL_Driver/Src/stm32f4xx_ll_rcc.o
 .text.LL_RCC_GetUSBClockFreq
                0x00000000       0x1c Drivers/STM32F4xx_HAL_Driver/Src/stm32f4xx_ll_rcc.o
 .text.RCC_PLLI2S_GetFreqDomain_I2S
                0x00000000       0x44 Drivers/STM32F4xx_HAL_Driver/Src/stm32f4xx_ll_rcc.o
 .text.LL_RCC_GetI2SClockFreq
                0x00000000       0x34 Drivers/STM32F4xx_HAL_Driver/Src/stm32f4xx_ll_rcc.o
 .debug_macro   0x00000000      0xaa2 Drivers/STM32F4xx_HAL_Driver/Src/stm32f4xx_ll_rcc.o
 .debug_macro   0x00000000       0x32 Drivers/STM32F4xx_HAL_Driver/Src/stm32f4xx_ll_rcc.o
 .debug_macro   0x00000000       0x28 Drivers/STM32F4xx_HAL_Driver/Src/stm32f4xx_ll_rcc.o
 .debug_macro   0x00000000       0x22 Drivers/STM32F4xx_HAL_Driver/Src/stm32f4xx_ll_rcc.o
 .debug_macro   0x00000000       0x8e Drivers/STM32F4xx_HAL_Driver/Src/stm32f4xx_ll_rcc.o
 .debug_macro   0x00000000       0x51 Drivers/STM32F4xx_HAL_Driver/Src/stm32f4xx_ll_rcc.o
 .debug_macro   0x00000000       0xef Drivers/STM32F4xx_HAL_Driver/Src/stm32f4xx_ll_rcc.o
 .debug_macro   0x00000000       0x6a Drivers/STM32F4xx_HAL_Driver/Src/stm32f4xx_ll_rcc.o
 .debug_macro   0x00000000      0x1df Drivers/STM32F4xx_HAL_Driver/Src/stm32f4xx_ll_rcc.o
 .debug_macro   0x00000000       0x1c Drivers/STM32F4xx_HAL_Driver/Src/stm32f4xx_ll_rcc.o
 .debug_macro   0x00000000       0x22 Drivers/STM32F4xx_HAL_Driver/Src/stm32f4xx_ll_rcc.o
 .debug_macro   0x00000000       0xdf Drivers/STM32F4xx_HAL_Driver/Src/stm32f4xx_ll_rcc.o
 .debug_macro   0x00000000     0x102d Drivers/STM32F4xx_HAL_Driver/Src/stm32f4xx_ll_rcc.o
 .debug_macro   0x00000000      0x11f Drivers/STM32F4xx_HAL_Driver/Src/stm32f4xx_ll_rcc.o
 .debug_macro   0x00000000     0xb857 Drivers/STM32F4xx_HAL_Driver/Src/stm32f4xx_ll_rcc.o
 .debug_macro   0x00000000       0x43 Drivers/STM32F4xx_HAL_Driver/Src/stm32f4xx_ll_rcc.o
 .group         0x00000000        0xc Drivers/STM32F4xx_HAL_Driver/Src/stm32f4xx_ll_tim.o
 .group         0x00000000        0xc Drivers/STM32F4xx_HAL_Driver/Src/stm32f4xx_ll_tim.o
 .group         0x00000000        0xc Drivers/STM32F4xx_HAL_Driver/Src/stm32f4xx_ll_tim.o
 .group         0x00000000        0xc Drivers/STM32F4xx_HAL_Driver/Src/stm32f4xx_ll_tim.o
 .group         0x00000000        0xc Drivers/STM32F4xx_HAL_Driver/Src/stm32f4xx_ll_tim.o
 .group         0x00000000        0xc Drivers/STM32F4xx_HAL_Driver/Src/stm32f4xx_ll_tim.o
 .group         0x00000000        0xc Drivers/STM32F4xx_HAL_Driver/Src/stm32f4xx_ll_tim.o
 .group         0x00000000        0xc Drivers/STM32F4xx_HAL_Driver/Src/stm32f4xx_ll_tim.o
 .group         0x00000000        0xc Drivers/STM32F4xx_HAL_Driver/Src/stm32f4xx_ll_tim.o
 .group         0x00000000        0xc Drivers/STM32F4xx_HAL_Driver/Src/stm32f4xx_ll_tim.o
 .group         0x00000000        0xc Drivers/STM32F4xx_HAL_Driver/Src/stm32f4xx_ll_tim.o
 .group         0x00000000        0xc Drivers/STM32F4xx_HAL_Driver/Src/stm32f4xx_ll_tim.o
 .group         0x00000000        0xc Drivers/STM32F4xx_HAL_Driver/Src/stm32f4xx_ll_tim.o
 .group         0x00000000        0xc Drivers/STM32F4xx_HAL_Driver/Src/stm32f4xx_ll_tim.o
 .group         0x00000000        0xc Drivers/STM32F4xx_HAL_Driver/Src/stm32f4xx_ll_tim.o
 .group         0x00000000        0xc Drivers/STM32F4xx_HAL_Driver/Src/stm32f4xx_ll_tim.o
 .group         0x00000000        0xc Drivers/STM32F4xx_HAL_Driver/Src/stm32f4xx_ll_tim.o
 .group         0x00000000        0xc Drivers/STM32F4xx_HAL_Driver/Src/stm32f4xx_ll_tim.o
 .text          0x00000000        0x0 Drivers/STM32F4xx_HAL_Driver/Src/stm32f4xx_ll_tim.o
 .data          0x00000000        0x0 Drivers/STM32F4xx_HAL_Driver/Src/stm32f4xx_ll_tim.o
 .bss           0x00000000        0x0 Drivers/STM32F4xx_HAL_Driver/Src/stm32f4xx_ll_tim.o
 .text.IC1Config
                0x00000000       0x38 Drivers/STM32F4xx_HAL_Driver/Src/stm32f4xx_ll_tim.o
 .text.IC2Config
                0x00000000       0x3a Drivers/STM32F4xx_HAL_Driver/Src/stm32f4xx_ll_tim.o
 .text.IC3Config
                0x00000000       0x3a Drivers/STM32F4xx_HAL_Driver/Src/stm32f4xx_ll_tim.o
 .text.IC4Config
                0x00000000       0x3a Drivers/STM32F4xx_HAL_Driver/Src/stm32f4xx_ll_tim.o
 .text.LL_TIM_DeInit
                0x00000000      0x114 Drivers/STM32F4xx_HAL_Driver/Src/stm32f4xx_ll_tim.o
 .text.LL_TIM_StructInit
                0x00000000       0x12 Drivers/STM32F4xx_HAL_Driver/Src/stm32f4xx_ll_tim.o
 .text.LL_TIM_OC_StructInit
                0x00000000       0x14 Drivers/STM32F4xx_HAL_Driver/Src/stm32f4xx_ll_tim.o
 .text.LL_TIM_IC_StructInit
                0x00000000       0x10 Drivers/STM32F4xx_HAL_Driver/Src/stm32f4xx_ll_tim.o
 .text.LL_TIM_IC_Init
                0x00000000       0x3c Drivers/STM32F4xx_HAL_Driver/Src/stm32f4xx_ll_tim.o
 .text.LL_TIM_ENCODER_StructInit
                0x00000000       0x1c Drivers/STM32F4xx_HAL_Driver/Src/stm32f4xx_ll_tim.o
 .text.LL_TIM_ENCODER_Init
                0x00000000       0x5e Drivers/STM32F4xx_HAL_Driver/Src/stm32f4xx_ll_tim.o
 .text.LL_TIM_HALLSENSOR_StructInit
                0x00000000        0xc Drivers/STM32F4xx_HAL_Driver/Src/stm32f4xx_ll_tim.o
 .text.LL_TIM_HALLSENSOR_Init
                0x00000000       0x54 Drivers/STM32F4xx_HAL_Driver/Src/stm32f4xx_ll_tim.o
 .text.LL_TIM_BDTR_StructInit
                0x00000000       0x12 Drivers/STM32F4xx_HAL_Driver/Src/stm32f4xx_ll_tim.o
 .text.LL_TIM_BDTR_Init
                0x00000000       0x3a Drivers/STM32F4xx_HAL_Driver/Src/stm32f4xx_ll_tim.o
 .debug_macro   0x00000000      0xaa2 Drivers/STM32F4xx_HAL_Driver/Src/stm32f4xx_ll_tim.o
 .debug_macro   0x00000000       0x32 Drivers/STM32F4xx_HAL_Driver/Src/stm32f4xx_ll_tim.o
 .debug_macro   0x00000000       0x28 Drivers/STM32F4xx_HAL_Driver/Src/stm32f4xx_ll_tim.o
 .debug_macro   0x00000000       0x22 Drivers/STM32F4xx_HAL_Driver/Src/stm32f4xx_ll_tim.o
 .debug_macro   0x00000000       0x8e Drivers/STM32F4xx_HAL_Driver/Src/stm32f4xx_ll_tim.o
 .debug_macro   0x00000000       0x51 Drivers/STM32F4xx_HAL_Driver/Src/stm32f4xx_ll_tim.o
 .debug_macro   0x00000000       0xef Drivers/STM32F4xx_HAL_Driver/Src/stm32f4xx_ll_tim.o
 .debug_macro   0x00000000       0x6a Drivers/STM32F4xx_HAL_Driver/Src/stm32f4xx_ll_tim.o
 .debug_macro   0x00000000      0x1df Drivers/STM32F4xx_HAL_Driver/Src/stm32f4xx_ll_tim.o
 .debug_macro   0x00000000       0x1c Drivers/STM32F4xx_HAL_Driver/Src/stm32f4xx_ll_tim.o
 .debug_macro   0x00000000       0x22 Drivers/STM32F4xx_HAL_Driver/Src/stm32f4xx_ll_tim.o
 .debug_macro   0x00000000       0xdf Drivers/STM32F4xx_HAL_Driver/Src/stm32f4xx_ll_tim.o
 .debug_macro   0x00000000     0x102d Drivers/STM32F4xx_HAL_Driver/Src/stm32f4xx_ll_tim.o
 .debug_macro   0x00000000      0x11f Drivers/STM32F4xx_HAL_Driver/Src/stm32f4xx_ll_tim.o
 .debug_macro   0x00000000     0xb857 Drivers/STM32F4xx_HAL_Driver/Src/stm32f4xx_ll_tim.o
 .debug_macro   0x00000000       0x43 Drivers/STM32F4xx_HAL_Driver/Src/stm32f4xx_ll_tim.o
 .debug_macro   0x00000000      0x116 Drivers/STM32F4xx_HAL_Driver/Src/stm32f4xx_ll_tim.o
 .group         0x00000000        0xc Drivers/STM32F4xx_HAL_Driver/Src/stm32f4xx_ll_usart.o
 .group         0x00000000        0xc Drivers/STM32F4xx_HAL_Driver/Src/stm32f4xx_ll_usart.o
 .group         0x00000000        0xc Drivers/STM32F4xx_HAL_Driver/Src/stm32f4xx_ll_usart.o
 .group         0x00000000        0xc Drivers/STM32F4xx_HAL_Driver/Src/stm32f4xx_ll_usart.o
 .group         0x00000000        0xc Drivers/STM32F4xx_HAL_Driver/Src/stm32f4xx_ll_usart.o
 .group         0x00000000        0xc Drivers/STM32F4xx_HAL_Driver/Src/stm32f4xx_ll_usart.o
 .group         0x00000000        0xc Drivers/STM32F4xx_HAL_Driver/Src/stm32f4xx_ll_usart.o
 .group         0x00000000        0xc Drivers/STM32F4xx_HAL_Driver/Src/stm32f4xx_ll_usart.o
 .group         0x00000000        0xc Drivers/STM32F4xx_HAL_Driver/Src/stm32f4xx_ll_usart.o
 .group         0x00000000        0xc Drivers/STM32F4xx_HAL_Driver/Src/stm32f4xx_ll_usart.o
 .group         0x00000000        0xc Drivers/STM32F4xx_HAL_Driver/Src/stm32f4xx_ll_usart.o
 .group         0x00000000        0xc Drivers/STM32F4xx_HAL_Driver/Src/stm32f4xx_ll_usart.o
 .group         0x00000000        0xc Drivers/STM32F4xx_HAL_Driver/Src/stm32f4xx_ll_usart.o
 .group         0x00000000        0xc Drivers/STM32F4xx_HAL_Driver/Src/stm32f4xx_ll_usart.o
 .group         0x00000000        0xc Drivers/STM32F4xx_HAL_Driver/Src/stm32f4xx_ll_usart.o
 .group         0x00000000        0xc Drivers/STM32F4xx_HAL_Driver/Src/stm32f4xx_ll_usart.o
 .group         0x00000000        0xc Drivers/STM32F4xx_HAL_Driver/Src/stm32f4xx_ll_usart.o
 .group         0x00000000        0xc Drivers/STM32F4xx_HAL_Driver/Src/stm32f4xx_ll_usart.o
 .group         0x00000000        0xc Drivers/STM32F4xx_HAL_Driver/Src/stm32f4xx_ll_usart.o
 .text          0x00000000        0x0 Drivers/STM32F4xx_HAL_Driver/Src/stm32f4xx_ll_usart.o
 .data          0x00000000        0x0 Drivers/STM32F4xx_HAL_Driver/Src/stm32f4xx_ll_usart.o
 .bss           0x00000000        0x0 Drivers/STM32F4xx_HAL_Driver/Src/stm32f4xx_ll_usart.o
 .text.LL_USART_DeInit
                0x00000000       0x6c Drivers/STM32F4xx_HAL_Driver/Src/stm32f4xx_ll_usart.o
 .text.LL_USART_StructInit
                0x00000000       0x18 Drivers/STM32F4xx_HAL_Driver/Src/stm32f4xx_ll_usart.o
 .text.LL_USART_ClockInit
                0x00000000       0x3e Drivers/STM32F4xx_HAL_Driver/Src/stm32f4xx_ll_usart.o
 .text.LL_USART_ClockStructInit
                0x00000000        0xc Drivers/STM32F4xx_HAL_Driver/Src/stm32f4xx_ll_usart.o
 .debug_macro   0x00000000      0xaa2 Drivers/STM32F4xx_HAL_Driver/Src/stm32f4xx_ll_usart.o
 .debug_macro   0x00000000       0x32 Drivers/STM32F4xx_HAL_Driver/Src/stm32f4xx_ll_usart.o
 .debug_macro   0x00000000       0x28 Drivers/STM32F4xx_HAL_Driver/Src/stm32f4xx_ll_usart.o
 .debug_macro   0x00000000       0x22 Drivers/STM32F4xx_HAL_Driver/Src/stm32f4xx_ll_usart.o
 .debug_macro   0x00000000       0x8e Drivers/STM32F4xx_HAL_Driver/Src/stm32f4xx_ll_usart.o
 .debug_macro   0x00000000       0x51 Drivers/STM32F4xx_HAL_Driver/Src/stm32f4xx_ll_usart.o
 .debug_macro   0x00000000       0xef Drivers/STM32F4xx_HAL_Driver/Src/stm32f4xx_ll_usart.o
 .debug_macro   0x00000000       0x6a Drivers/STM32F4xx_HAL_Driver/Src/stm32f4xx_ll_usart.o
 .debug_macro   0x00000000      0x1df Drivers/STM32F4xx_HAL_Driver/Src/stm32f4xx_ll_usart.o
 .debug_macro   0x00000000       0x1c Drivers/STM32F4xx_HAL_Driver/Src/stm32f4xx_ll_usart.o
 .debug_macro   0x00000000       0x22 Drivers/STM32F4xx_HAL_Driver/Src/stm32f4xx_ll_usart.o
 .debug_macro   0x00000000       0xdf Drivers/STM32F4xx_HAL_Driver/Src/stm32f4xx_ll_usart.o
 .debug_macro   0x00000000     0x102d Drivers/STM32F4xx_HAL_Driver/Src/stm32f4xx_ll_usart.o
 .debug_macro   0x00000000      0x11f Drivers/STM32F4xx_HAL_Driver/Src/stm32f4xx_ll_usart.o
 .debug_macro   0x00000000     0xb857 Drivers/STM32F4xx_HAL_Driver/Src/stm32f4xx_ll_usart.o
 .debug_macro   0x00000000       0x43 Drivers/STM32F4xx_HAL_Driver/Src/stm32f4xx_ll_usart.o
 .debug_macro   0x00000000      0x116 Drivers/STM32F4xx_HAL_Driver/Src/stm32f4xx_ll_usart.o
 .group         0x00000000        0xc Drivers/STM32F4xx_HAL_Driver/Src/stm32f4xx_ll_utils.o
 .group         0x00000000        0xc Drivers/STM32F4xx_HAL_Driver/Src/stm32f4xx_ll_utils.o
 .group         0x00000000        0xc Drivers/STM32F4xx_HAL_Driver/Src/stm32f4xx_ll_utils.o
 .group         0x00000000        0xc Drivers/STM32F4xx_HAL_Driver/Src/stm32f4xx_ll_utils.o
 .group         0x00000000        0xc Drivers/STM32F4xx_HAL_Driver/Src/stm32f4xx_ll_utils.o
 .group         0x00000000        0xc Drivers/STM32F4xx_HAL_Driver/Src/stm32f4xx_ll_utils.o
 .group         0x00000000        0xc Drivers/STM32F4xx_HAL_Driver/Src/stm32f4xx_ll_utils.o
 .group         0x00000000        0xc Drivers/STM32F4xx_HAL_Driver/Src/stm32f4xx_ll_utils.o
 .group         0x00000000        0xc Drivers/STM32F4xx_HAL_Driver/Src/stm32f4xx_ll_utils.o
 .group         0x00000000        0xc Drivers/STM32F4xx_HAL_Driver/Src/stm32f4xx_ll_utils.o
 .group         0x00000000        0xc Drivers/STM32F4xx_HAL_Driver/Src/stm32f4xx_ll_utils.o
 .group         0x00000000        0xc Drivers/STM32F4xx_HAL_Driver/Src/stm32f4xx_ll_utils.o
 .group         0x00000000        0xc Drivers/STM32F4xx_HAL_Driver/Src/stm32f4xx_ll_utils.o
 .group         0x00000000        0xc Drivers/STM32F4xx_HAL_Driver/Src/stm32f4xx_ll_utils.o
 .group         0x00000000        0xc Drivers/STM32F4xx_HAL_Driver/Src/stm32f4xx_ll_utils.o
 .group         0x00000000        0xc Drivers/STM32F4xx_HAL_Driver/Src/stm32f4xx_ll_utils.o
 .group         0x00000000        0xc Drivers/STM32F4xx_HAL_Driver/Src/stm32f4xx_ll_utils.o
 .group         0x00000000        0xc Drivers/STM32F4xx_HAL_Driver/Src/stm32f4xx_ll_utils.o
 .group         0x00000000        0xc Drivers/STM32F4xx_HAL_Driver/Src/stm32f4xx_ll_utils.o
 .group         0x00000000        0xc Drivers/STM32F4xx_HAL_Driver/Src/stm32f4xx_ll_utils.o
 .text          0x00000000        0x0 Drivers/STM32F4xx_HAL_Driver/Src/stm32f4xx_ll_utils.o
 .data          0x00000000        0x0 Drivers/STM32F4xx_HAL_Driver/Src/stm32f4xx_ll_utils.o
 .bss           0x00000000        0x0 Drivers/STM32F4xx_HAL_Driver/Src/stm32f4xx_ll_utils.o
 .text.UTILS_SetFlashLatency
                0x00000000       0x8c Drivers/STM32F4xx_HAL_Driver/Src/stm32f4xx_ll_utils.o
 .text.UTILS_GetPLLOutputFrequency
                0x00000000       0x20 Drivers/STM32F4xx_HAL_Driver/Src/stm32f4xx_ll_utils.o
 .text.UTILS_PLL_IsBusy
                0x00000000       0x24 Drivers/STM32F4xx_HAL_Driver/Src/stm32f4xx_ll_utils.o
 .text.LL_mDelay
                0x00000000       0x2c Drivers/STM32F4xx_HAL_Driver/Src/stm32f4xx_ll_utils.o
 .text.UTILS_EnablePLLAndSwitchSystem
                0x00000000       0xac Drivers/STM32F4xx_HAL_Driver/Src/stm32f4xx_ll_utils.o
 .text.LL_PLL_ConfigSystemClock_HSI
                0x00000000       0x6c Drivers/STM32F4xx_HAL_Driver/Src/stm32f4xx_ll_utils.o
 .text.LL_PLL_ConfigSystemClock_HSE
                0x00000000       0x8c Drivers/STM32F4xx_HAL_Driver/Src/stm32f4xx_ll_utils.o
 .debug_macro   0x00000000      0xaa2 Drivers/STM32F4xx_HAL_Driver/Src/stm32f4xx_ll_utils.o
 .debug_macro   0x00000000       0x32 Drivers/STM32F4xx_HAL_Driver/Src/stm32f4xx_ll_utils.o
 .debug_macro   0x00000000       0x28 Drivers/STM32F4xx_HAL_Driver/Src/stm32f4xx_ll_utils.o
 .debug_macro   0x00000000       0x22 Drivers/STM32F4xx_HAL_Driver/Src/stm32f4xx_ll_utils.o
 .debug_macro   0x00000000       0x8e Drivers/STM32F4xx_HAL_Driver/Src/stm32f4xx_ll_utils.o
 .debug_macro   0x00000000       0x51 Drivers/STM32F4xx_HAL_Driver/Src/stm32f4xx_ll_utils.o
 .debug_macro   0x00000000       0xef Drivers/STM32F4xx_HAL_Driver/Src/stm32f4xx_ll_utils.o
 .debug_macro   0x00000000       0x6a Drivers/STM32F4xx_HAL_Driver/Src/stm32f4xx_ll_utils.o
 .debug_macro   0x00000000      0x1df Drivers/STM32F4xx_HAL_Driver/Src/stm32f4xx_ll_utils.o
 .debug_macro   0x00000000       0x1c Drivers/STM32F4xx_HAL_Driver/Src/stm32f4xx_ll_utils.o
 .debug_macro   0x00000000       0x22 Drivers/STM32F4xx_HAL_Driver/Src/stm32f4xx_ll_utils.o
 .debug_macro   0x00000000       0xdf Drivers/STM32F4xx_HAL_Driver/Src/stm32f4xx_ll_utils.o
 .debug_macro   0x00000000     0x102d Drivers/STM32F4xx_HAL_Driver/Src/stm32f4xx_ll_utils.o
 .debug_macro   0x00000000      0x11f Drivers/STM32F4xx_HAL_Driver/Src/stm32f4xx_ll_utils.o
 .debug_macro   0x00000000     0xb857 Drivers/STM32F4xx_HAL_Driver/Src/stm32f4xx_ll_utils.o
 .debug_macro   0x00000000       0x43 Drivers/STM32F4xx_HAL_Driver/Src/stm32f4xx_ll_utils.o
 .debug_macro   0x00000000      0x788 Drivers/STM32F4xx_HAL_Driver/Src/stm32f4xx_ll_utils.o
 .group         0x00000000        0xc Src/main.o
 .group         0x00000000        0xc Src/main.o
 .group         0x00000000        0xc Src/main.o
 .group         0x00000000        0xc Src/main.o
 .group         0x00000000        0xc Src/main.o
 .group         0x00000000        0xc Src/main.o
 .group         0x00000000        0xc Src/main.o
 .group         0x00000000        0xc Src/main.o
 .group         0x00000000        0xc Src/main.o
 .group         0x00000000        0xc Src/main.o
 .group         0x00000000        0xc Src/main.o
 .group         0x00000000        0xc Src/main.o
 .group         0x00000000        0xc Src/main.o
 .group         0x00000000        0xc Src/main.o
 .group         0x00000000        0xc Src/main.o
 .group         0x00000000        0xc Src/main.o
 .group         0x00000000        0xc Src/main.o
 .group         0x00000000        0xc Src/main.o
 .group         0x00000000        0xc Src/main.o
 .group         0x00000000        0xc Src/main.o
 .group         0x00000000        0xc Src/main.o
 .group         0x00000000        0xc Src/main.o
 .group         0x00000000        0xc Src/main.o
 .group         0x00000000        0xc Src/main.o
 .group         0x00000000        0xc Src/main.o
 .group         0x00000000        0xc Src/main.o
 .group         0x00000000        0xc Src/main.o
 .group         0x00000000        0xc Src/main.o
 .group         0x00000000        0xc Src/main.o
 .text          0x00000000        0x0 Src/main.o
 .data          0x00000000        0x0 Src/main.o
 .bss           0x00000000        0x0 Src/main.o
 .text.Error_Handler
                0x00000000        0x2 Src/main.o
 .debug_macro   0x00000000      0xaa2 Src/main.o
 .debug_macro   0x00000000       0x32 Src/main.o
 .debug_macro   0x00000000       0x28 Src/main.o
 .debug_macro   0x00000000       0x22 Src/main.o
 .debug_macro   0x00000000       0x8e Src/main.o
 .debug_macro   0x00000000       0x51 Src/main.o
 .debug_macro   0x00000000       0xef Src/main.o
 .debug_macro   0x00000000       0x6a Src/main.o
 .debug_macro   0x00000000      0x1df Src/main.o
 .debug_macro   0x00000000       0x1c Src/main.o
 .debug_macro   0x00000000       0x22 Src/main.o
 .debug_macro   0x00000000       0xdf Src/main.o
 .debug_macro   0x00000000     0x102d Src/main.o
 .debug_macro   0x00000000      0x11f Src/main.o
 .debug_macro   0x00000000     0xb857 Src/main.o
 .debug_macro   0x00000000       0x43 Src/main.o
 .debug_macro   0x00000000      0x9d4 Src/main.o
 .debug_macro   0x00000000      0x788 Src/main.o
 .debug_macro   0x00000000      0x116 Src/main.o
 .debug_macro   0x00000000      0x1ab Src/main.o
 .debug_macro   0x00000000       0xbd Src/main.o
 .group         0x00000000        0xc Src/stm32f4xx_it.o
 .group         0x00000000        0xc Src/stm32f4xx_it.o
 .group         0x00000000        0xc Src/stm32f4xx_it.o
 .group         0x00000000        0xc Src/stm32f4xx_it.o
 .group         0x00000000        0xc Src/stm32f4xx_it.o
 .group         0x00000000        0xc Src/stm32f4xx_it.o
 .group         0x00000000        0xc Src/stm32f4xx_it.o
 .group         0x00000000        0xc Src/stm32f4xx_it.o
 .group         0x00000000        0xc Src/stm32f4xx_it.o
 .group         0x00000000        0xc Src/stm32f4xx_it.o
 .group         0x00000000        0xc Src/stm32f4xx_it.o
 .group         0x00000000        0xc Src/stm32f4xx_it.o
 .group         0x00000000        0xc Src/stm32f4xx_it.o
 .group         0x00000000        0xc Src/stm32f4xx_it.o
 .group         0x00000000        0xc Src/stm32f4xx_it.o
 .group         0x00000000        0xc Src/stm32f4xx_it.o
 .group         0x00000000        0xc Src/stm32f4xx_it.o
 .group         0x00000000        0xc Src/stm32f4xx_it.o
 .group         0x00000000        0xc Src/stm32f4xx_it.o
 .group         0x00000000        0xc Src/stm32f4xx_it.o
 .group         0x00000000        0xc Src/stm32f4xx_it.o
 .group         0x00000000        0xc Src/stm32f4xx_it.o
 .group         0x00000000        0xc Src/stm32f4xx_it.o
 .group         0x00000000        0xc Src/stm32f4xx_it.o
 .group         0x00000000        0xc Src/stm32f4xx_it.o
 .group         0x00000000        0xc Src/stm32f4xx_it.o
 .group         0x00000000        0xc Src/stm32f4xx_it.o
 .group         0x00000000        0xc Src/stm32f4xx_it.o
 .group         0x00000000        0xc Src/stm32f4xx_it.o
 .text          0x00000000        0x0 Src/stm32f4xx_it.o
 .bss           0x00000000        0x0 Src/stm32f4xx_it.o
 .debug_macro   0x00000000      0xaa2 Src/stm32f4xx_it.o
 .debug_macro   0x00000000       0x32 Src/stm32f4xx_it.o
 .debug_macro   0x00000000       0x28 Src/stm32f4xx_it.o
 .debug_macro   0x00000000       0x22 Src/stm32f4xx_it.o
 .debug_macro   0x00000000       0x8e Src/stm32f4xx_it.o
 .debug_macro   0x00000000       0x51 Src/stm32f4xx_it.o
 .debug_macro   0x00000000       0xef Src/stm32f4xx_it.o
 .debug_macro   0x00000000       0x6a Src/stm32f4xx_it.o
 .debug_macro   0x00000000      0x1df Src/stm32f4xx_it.o
 .debug_macro   0x00000000       0x1c Src/stm32f4xx_it.o
 .debug_macro   0x00000000       0x22 Src/stm32f4xx_it.o
 .debug_macro   0x00000000       0xdf Src/stm32f4xx_it.o
 .debug_macro   0x00000000     0x102d Src/stm32f4xx_it.o
 .debug_macro   0x00000000      0x11f Src/stm32f4xx_it.o
 .debug_macro   0x00000000     0xb857 Src/stm32f4xx_it.o
 .debug_macro   0x00000000       0x43 Src/stm32f4xx_it.o
 .debug_macro   0x00000000      0x9d4 Src/stm32f4xx_it.o
 .debug_macro   0x00000000      0x788 Src/stm32f4xx_it.o
 .debug_macro   0x00000000      0x116 Src/stm32f4xx_it.o
 .debug_macro   0x00000000      0x1ab Src/stm32f4xx_it.o
 .debug_macro   0x00000000       0xe8 Src/stm32f4xx_it.o
 .debug_macro   0x00000000      0x1a8 Src/stm32f4xx_it.o
 .debug_macro   0x00000000       0x61 Src/stm32f4xx_it.o
 .debug_macro   0x00000000       0xbd Src/stm32f4xx_it.o
 .debug_macro   0x00000000      0x1e6 Src/stm32f4xx_it.o
 .debug_macro   0x00000000      0x5ec Src/stm32f4xx_it.o
 .debug_macro   0x00000000      0x1bb Src/stm32f4xx_it.o
 .debug_macro   0x00000000      0x149 Src/stm32f4xx_it.o
 .debug_macro   0x00000000       0x6a Src/stm32f4xx_it.o
 .group         0x00000000        0xc Src/syscalls.o
 .group         0x00000000        0xc Src/syscalls.o
 .group         0x00000000        0xc Src/syscalls.o
 .group         0x00000000        0xc Src/syscalls.o
 .group         0x00000000        0xc Src/syscalls.o
 .group         0x00000000        0xc Src/syscalls.o
 .group         0x00000000        0xc Src/syscalls.o
 .group         0x00000000        0xc Src/syscalls.o
 .group         0x00000000        0xc Src/syscalls.o
 .group         0x00000000        0xc Src/syscalls.o
 .group         0x00000000        0xc Src/syscalls.o
 .group         0x00000000        0xc Src/syscalls.o
 .group         0x00000000        0xc Src/syscalls.o
 .group         0x00000000        0xc Src/syscalls.o
 .group         0x00000000        0xc Src/syscalls.o
 .group         0x00000000        0xc Src/syscalls.o
 .group         0x00000000        0xc Src/syscalls.o
 .group         0x00000000        0xc Src/syscalls.o
 .group         0x00000000        0xc Src/syscalls.o
 .group         0x00000000        0xc Src/syscalls.o
 .group         0x00000000        0xc Src/syscalls.o
 .group         0x00000000        0xc Src/syscalls.o
 .group         0x00000000        0xc Src/syscalls.o
 .group         0x00000000        0xc Src/syscalls.o
 .group         0x00000000        0xc Src/syscalls.o
 .group         0x00000000        0xc Src/syscalls.o
 .group         0x00000000        0xc Src/syscalls.o
 .group         0x00000000        0xc Src/syscalls.o
 .group         0x00000000        0xc Src/syscalls.o
 .group         0x00000000        0xc Src/syscalls.o
 .group         0x00000000        0xc Src/syscalls.o
 .group         0x00000000        0xc Src/syscalls.o
 .group         0x00000000        0xc Src/syscalls.o
 .group         0x00000000        0xc Src/syscalls.o
 .group         0x00000000        0xc Src/syscalls.o
 .group         0x00000000        0xc Src/syscalls.o
 .group         0x00000000        0xc Src/syscalls.o
 .group         0x00000000        0xc Src/syscalls.o
 .group         0x00000000        0xc Src/syscalls.o
 .group         0x00000000        0xc Src/syscalls.o
 .group         0x00000000        0xc Src/syscalls.o
 .group         0x00000000        0xc Src/syscalls.o
 .group         0x00000000        0xc Src/syscalls.o
 .group         0x00000000        0xc Src/syscalls.o
 .text          0x00000000        0x0 Src/syscalls.o
 .data          0x00000000        0x4 Src/syscalls.o
 .bss           0x00000000        0x8 Src/syscalls.o
 .text.initialise_monitor_handles
                0x00000000        0x2 Src/syscalls.o
 .text._getpid  0x00000000        0x4 Src/syscalls.o
 .text._kill    0x00000000       0x10 Src/syscalls.o
 .text._exit    0x00000000        0xc Src/syscalls.o
 .text._read    0x00000000       0x1c Src/syscalls.o
 .text._write   0x00000000       0x1c Src/syscalls.o
 .text._sbrk    0x00000000       0x3c Src/syscalls.o
 .text._close   0x00000000        0x6 Src/syscalls.o
 .text._fstat   0x00000000        0xa Src/syscalls.o
 .text._isatty  0x00000000        0x4 Src/syscalls.o
 .text._lseek   0x00000000        0x4 Src/syscalls.o
 .text._open    0x00000000        0xa Src/syscalls.o
 .text._wait    0x00000000       0x10 Src/syscalls.o
 .text._unlink  0x00000000       0x10 Src/syscalls.o
 .text._times   0x00000000        0x6 Src/syscalls.o
 .text._stat    0x00000000        0xa Src/syscalls.o
 .text._link    0x00000000       0x10 Src/syscalls.o
 .text._fork    0x00000000       0x10 Src/syscalls.o
 .text._execve  0x00000000       0x10 Src/syscalls.o
 .debug_info    0x00000000      0xfd3 Src/syscalls.o
 .debug_abbrev  0x00000000      0x2d4 Src/syscalls.o
 .debug_loc     0x00000000      0x3af Src/syscalls.o
 .debug_aranges
                0x00000000       0xb0 Src/syscalls.o
 .debug_ranges  0x00000000       0xa0 Src/syscalls.o
 .debug_macro   0x00000000      0x243 Src/syscalls.o
 .debug_macro   0x00000000      0xaa2 Src/syscalls.o
 .debug_macro   0x00000000       0x22 Src/syscalls.o
 .debug_macro   0x00000000       0x58 Src/syscalls.o
 .debug_macro   0x00000000       0x18 Src/syscalls.o
 .debug_macro   0x00000000       0x94 Src/syscalls.o
 .debug_macro   0x00000000       0x35 Src/syscalls.o
 .debug_macro   0x00000000       0x34 Src/syscalls.o
 .debug_macro   0x00000000       0x57 Src/syscalls.o
 .debug_macro   0x00000000      0x174 Src/syscalls.o
 .debug_macro   0x00000000      0x330 Src/syscalls.o
 .debug_macro   0x00000000       0x58 Src/syscalls.o
 .debug_macro   0x00000000       0x1f Src/syscalls.o
 .debug_macro   0x00000000       0x43 Src/syscalls.o
 .debug_macro   0x00000000       0x20 Src/syscalls.o
 .debug_macro   0x00000000      0x18e Src/syscalls.o
 .debug_macro   0x00000000       0x10 Src/syscalls.o
 .debug_macro   0x00000000       0x35 Src/syscalls.o
 .debug_macro   0x00000000       0x10 Src/syscalls.o
 .debug_macro   0x00000000       0x10 Src/syscalls.o
 .debug_macro   0x00000000       0x10 Src/syscalls.o
 .debug_macro   0x00000000       0x6a Src/syscalls.o
 .debug_macro   0x00000000       0x1c Src/syscalls.o
 .debug_macro   0x00000000       0x52 Src/syscalls.o
 .debug_macro   0x00000000       0x40 Src/syscalls.o
 .debug_macro   0x00000000       0x10 Src/syscalls.o
 .debug_macro   0x00000000       0x40 Src/syscalls.o
 .debug_macro   0x00000000       0xd7 Src/syscalls.o
 .debug_macro   0x00000000       0x1c Src/syscalls.o
 .debug_macro   0x00000000       0x3d Src/syscalls.o
 .debug_macro   0x00000000       0x35 Src/syscalls.o
 .debug_macro   0x00000000      0x122 Src/syscalls.o
 .debug_macro   0x00000000       0x16 Src/syscalls.o
 .debug_macro   0x00000000       0x16 Src/syscalls.o
 .debug_macro   0x00000000       0x29 Src/syscalls.o
 .debug_macro   0x00000000       0x10 Src/syscalls.o
 .debug_macro   0x00000000      0x241 Src/syscalls.o
 .debug_macro   0x00000000       0x1c Src/syscalls.o
 .debug_macro   0x00000000       0x10 Src/syscalls.o
 .debug_macro   0x00000000       0x10 Src/syscalls.o
 .debug_macro   0x00000000       0x16 Src/syscalls.o
 .debug_macro   0x00000000      0x16f Src/syscalls.o
 .debug_macro   0x00000000      0x189 Src/syscalls.o
 .debug_macro   0x00000000       0x16 Src/syscalls.o
 .debug_macro   0x00000000       0x88 Src/syscalls.o
 .debug_line    0x00000000      0x5d1 Src/syscalls.o
 .debug_str     0x00000000     0x86a1 Src/syscalls.o
 .comment       0x00000000       0x80 Src/syscalls.o
 .debug_frame   0x00000000      0x1a8 Src/syscalls.o
 .ARM.attributes
                0x00000000       0x39 Src/syscalls.o
 .group         0x00000000        0xc Src/system_stm32f4xx.o
 .group         0x00000000        0xc Src/system_stm32f4xx.o
 .group         0x00000000        0xc Src/system_stm32f4xx.o
 .group         0x00000000        0xc Src/system_stm32f4xx.o
 .group         0x00000000        0xc Src/system_stm32f4xx.o
 .group         0x00000000        0xc Src/system_stm32f4xx.o
 .group         0x00000000        0xc Src/system_stm32f4xx.o
 .group         0x00000000        0xc Src/system_stm32f4xx.o
 .group         0x00000000        0xc Src/system_stm32f4xx.o
 .group         0x00000000        0xc Src/system_stm32f4xx.o
 .group         0x00000000        0xc Src/system_stm32f4xx.o
 .group         0x00000000        0xc Src/system_stm32f4xx.o
 .group         0x00000000        0xc Src/system_stm32f4xx.o
 .group         0x00000000        0xc Src/system_stm32f4xx.o
 .group         0x00000000        0xc Src/system_stm32f4xx.o
 .group         0x00000000        0xc Src/system_stm32f4xx.o
 .text          0x00000000        0x0 Src/system_stm32f4xx.o
 .bss           0x00000000        0x0 Src/system_stm32f4xx.o
 .text.SystemCoreClockUpdate
                0x00000000       0xa0 Src/system_stm32f4xx.o
 .debug_macro   0x00000000      0xaa2 Src/system_stm32f4xx.o
 .debug_macro   0x00000000       0x32 Src/system_stm32f4xx.o
 .debug_macro   0x00000000       0x28 Src/system_stm32f4xx.o
 .debug_macro   0x00000000       0x22 Src/system_stm32f4xx.o
 .debug_macro   0x00000000       0x8e Src/system_stm32f4xx.o
 .debug_macro   0x00000000       0x51 Src/system_stm32f4xx.o
 .debug_macro   0x00000000       0xef Src/system_stm32f4xx.o
 .debug_macro   0x00000000       0x6a Src/system_stm32f4xx.o
 .debug_macro   0x00000000      0x1df Src/system_stm32f4xx.o
 .debug_macro   0x00000000       0x1c Src/system_stm32f4xx.o
 .debug_macro   0x00000000       0x22 Src/system_stm32f4xx.o
 .debug_macro   0x00000000       0xdf Src/system_stm32f4xx.o
 .debug_macro   0x00000000     0x102d Src/system_stm32f4xx.o
 .debug_macro   0x00000000      0x11f Src/system_stm32f4xx.o
 .debug_macro   0x00000000     0xb857 Src/system_stm32f4xx.o
 .debug_macro   0x00000000       0x43 Src/system_stm32f4xx.o
 .text          0x00000000       0x14 startup/startup_stm32f401xe.o
 .data          0x00000000        0x0 startup/startup_stm32f401xe.o
 .bss           0x00000000        0x0 startup/startup_stm32f401xe.o
 .text          0x00000000        0x0 c:/ac6/systemworkbench/plugins/fr.ac6.mcu.externaltools.arm-none.win32_1.17.0.201812190825/tools/compiler/bin/../lib/gcc/arm-none-eabi/7.3.1/../../../../arm-none-eabi/lib/thumb/v7e-m/fpv4-sp/hard\libc_nano.a(lib_a-errno.o)
 .data          0x00000000        0x0 c:/ac6/systemworkbench/plugins/fr.ac6.mcu.externaltools.arm-none.win32_1.17.0.201812190825/tools/compiler/bin/../lib/gcc/arm-none-eabi/7.3.1/../../../../arm-none-eabi/lib/thumb/v7e-m/fpv4-sp/hard\libc_nano.a(lib_a-errno.o)
 .bss           0x00000000        0x0 c:/ac6/systemworkbench/plugins/fr.ac6.mcu.externaltools.arm-none.win32_1.17.0.201812190825/tools/compiler/bin/../lib/gcc/arm-none-eabi/7.3.1/../../../../arm-none-eabi/lib/thumb/v7e-m/fpv4-sp/hard\libc_nano.a(lib_a-errno.o)
 .text.__errno  0x00000000        0xc c:/ac6/systemworkbench/plugins/fr.ac6.mcu.externaltools.arm-none.win32_1.17.0.201812190825/tools/compiler/bin/../lib/gcc/arm-none-eabi/7.3.1/../../../../arm-none-eabi/lib/thumb/v7e-m/fpv4-sp/hard\libc_nano.a(lib_a-errno.o)
 .debug_frame   0x00000000       0x20 c:/ac6/systemworkbench/plugins/fr.ac6.mcu.externaltools.arm-none.win32_1.17.0.201812190825/tools/compiler/bin/../lib/gcc/arm-none-eabi/7.3.1/../../../../arm-none-eabi/lib/thumb/v7e-m/fpv4-sp/hard\libc_nano.a(lib_a-errno.o)
 .ARM.attributes
                0x00000000       0x34 c:/ac6/systemworkbench/plugins/fr.ac6.mcu.externaltools.arm-none.win32_1.17.0.201812190825/tools/compiler/bin/../lib/gcc/arm-none-eabi/7.3.1/../../../../arm-none-eabi/lib/thumb/v7e-m/fpv4-sp/hard\libc_nano.a(lib_a-errno.o)
 .text          0x00000000        0x0 c:/ac6/systemworkbench/plugins/fr.ac6.mcu.externaltools.arm-none.win32_1.17.0.201812190825/tools/compiler/bin/../lib/gcc/arm-none-eabi/7.3.1/../../../../arm-none-eabi/lib/thumb/v7e-m/fpv4-sp/hard\libc_nano.a(lib_a-exit.o)
 .data          0x00000000        0x0 c:/ac6/systemworkbench/plugins/fr.ac6.mcu.externaltools.arm-none.win32_1.17.0.201812190825/tools/compiler/bin/../lib/gcc/arm-none-eabi/7.3.1/../../../../arm-none-eabi/lib/thumb/v7e-m/fpv4-sp/hard\libc_nano.a(lib_a-exit.o)
 .bss           0x00000000        0x0 c:/ac6/systemworkbench/plugins/fr.ac6.mcu.externaltools.arm-none.win32_1.17.0.201812190825/tools/compiler/bin/../lib/gcc/arm-none-eabi/7.3.1/../../../../arm-none-eabi/lib/thumb/v7e-m/fpv4-sp/hard\libc_nano.a(lib_a-exit.o)
 .text.exit     0x00000000       0x28 c:/ac6/systemworkbench/plugins/fr.ac6.mcu.externaltools.arm-none.win32_1.17.0.201812190825/tools/compiler/bin/../lib/gcc/arm-none-eabi/7.3.1/../../../../arm-none-eabi/lib/thumb/v7e-m/fpv4-sp/hard\libc_nano.a(lib_a-exit.o)
 .debug_frame   0x00000000       0x28 c:/ac6/systemworkbench/plugins/fr.ac6.mcu.externaltools.arm-none.win32_1.17.0.201812190825/tools/compiler/bin/../lib/gcc/arm-none-eabi/7.3.1/../../../../arm-none-eabi/lib/thumb/v7e-m/fpv4-sp/hard\libc_nano.a(lib_a-exit.o)
 .ARM.attributes
                0x00000000       0x34 c:/ac6/systemworkbench/plugins/fr.ac6.mcu.externaltools.arm-none.win32_1.17.0.201812190825/tools/compiler/bin/../lib/gcc/arm-none-eabi/7.3.1/../../../../arm-none-eabi/lib/thumb/v7e-m/fpv4-sp/hard\libc_nano.a(lib_a-exit.o)
 .text          0x00000000        0x0 c:/ac6/systemworkbench/plugins/fr.ac6.mcu.externaltools.arm-none.win32_1.17.0.201812190825/tools/compiler/bin/../lib/gcc/arm-none-eabi/7.3.1/../../../../arm-none-eabi/lib/thumb/v7e-m/fpv4-sp/hard\libc_nano.a(lib_a-impure.o)
 .data          0x00000000        0x0 c:/ac6/systemworkbench/plugins/fr.ac6.mcu.externaltools.arm-none.win32_1.17.0.201812190825/tools/compiler/bin/../lib/gcc/arm-none-eabi/7.3.1/../../../../arm-none-eabi/lib/thumb/v7e-m/fpv4-sp/hard\libc_nano.a(lib_a-impure.o)
 .bss           0x00000000        0x0 c:/ac6/systemworkbench/plugins/fr.ac6.mcu.externaltools.arm-none.win32_1.17.0.201812190825/tools/compiler/bin/../lib/gcc/arm-none-eabi/7.3.1/../../../../arm-none-eabi/lib/thumb/v7e-m/fpv4-sp/hard\libc_nano.a(lib_a-impure.o)
 .data._impure_ptr
                0x00000000        0x4 c:/ac6/systemworkbench/plugins/fr.ac6.mcu.externaltools.arm-none.win32_1.17.0.201812190825/tools/compiler/bin/../lib/gcc/arm-none-eabi/7.3.1/../../../../arm-none-eabi/lib/thumb/v7e-m/fpv4-sp/hard\libc_nano.a(lib_a-impure.o)
 .data.impure_data
                0x00000000       0x60 c:/ac6/systemworkbench/plugins/fr.ac6.mcu.externaltools.arm-none.win32_1.17.0.201812190825/tools/compiler/bin/../lib/gcc/arm-none-eabi/7.3.1/../../../../arm-none-eabi/lib/thumb/v7e-m/fpv4-sp/hard\libc_nano.a(lib_a-impure.o)
 .rodata._global_impure_ptr
                0x00000000        0x4 c:/ac6/systemworkbench/plugins/fr.ac6.mcu.externaltools.arm-none.win32_1.17.0.201812190825/tools/compiler/bin/../lib/gcc/arm-none-eabi/7.3.1/../../../../arm-none-eabi/lib/thumb/v7e-m/fpv4-sp/hard\libc_nano.a(lib_a-impure.o)
 .ARM.attributes
                0x00000000       0x34 c:/ac6/systemworkbench/plugins/fr.ac6.mcu.externaltools.arm-none.win32_1.17.0.201812190825/tools/compiler/bin/../lib/gcc/arm-none-eabi/7.3.1/../../../../arm-none-eabi/lib/thumb/v7e-m/fpv4-sp/hard\libc_nano.a(lib_a-impure.o)
 .text          0x00000000        0x0 c:/ac6/systemworkbench/plugins/fr.ac6.mcu.externaltools.arm-none.win32_1.17.0.201812190825/tools/compiler/bin/../lib/gcc/arm-none-eabi/7.3.1/../../../../arm-none-eabi/lib/thumb/v7e-m/fpv4-sp/hard\libc_nano.a(lib_a-init.o)
 .data          0x00000000        0x0 c:/ac6/systemworkbench/plugins/fr.ac6.mcu.externaltools.arm-none.win32_1.17.0.201812190825/tools/compiler/bin/../lib/gcc/arm-none-eabi/7.3.1/../../../../arm-none-eabi/lib/thumb/v7e-m/fpv4-sp/hard\libc_nano.a(lib_a-init.o)
 .bss           0x00000000        0x0 c:/ac6/systemworkbench/plugins/fr.ac6.mcu.externaltools.arm-none.win32_1.17.0.201812190825/tools/compiler/bin/../lib/gcc/arm-none-eabi/7.3.1/../../../../arm-none-eabi/lib/thumb/v7e-m/fpv4-sp/hard\libc_nano.a(lib_a-init.o)
 .text          0x00000000        0x0 c:/ac6/systemworkbench/plugins/fr.ac6.mcu.externaltools.arm-none.win32_1.17.0.201812190825/tools/compiler/bin/../lib/gcc/arm-none-eabi/7.3.1/../../../../arm-none-eabi/lib/thumb/v7e-m/fpv4-sp/hard\libc_nano.a(lib_a-memset.o)
 .data          0x00000000        0x0 c:/ac6/systemworkbench/plugins/fr.ac6.mcu.externaltools.arm-none.win32_1.17.0.201812190825/tools/compiler/bin/../lib/gcc/arm-none-eabi/7.3.1/../../../../arm-none-eabi/lib/thumb/v7e-m/fpv4-sp/hard\libc_nano.a(lib_a-memset.o)
 .bss           0x00000000        0x0 c:/ac6/systemworkbench/plugins/fr.ac6.mcu.externaltools.arm-none.win32_1.17.0.201812190825/tools/compiler/bin/../lib/gcc/arm-none-eabi/7.3.1/../../../../arm-none-eabi/lib/thumb/v7e-m/fpv4-sp/hard\libc_nano.a(lib_a-memset.o)
 .text          0x00000000        0x0 c:/ac6/systemworkbench/plugins/fr.ac6.mcu.externaltools.arm-none.win32_1.17.0.201812190825/tools/compiler/bin/../lib/gcc/arm-none-eabi/7.3.1/thumb/v7e-m/fpv4-sp/hard/crtend.o
 .data          0x00000000        0x0 c:/ac6/systemworkbench/plugins/fr.ac6.mcu.externaltools.arm-none.win32_1.17.0.201812190825/tools/compiler/bin/../lib/gcc/arm-none-eabi/7.3.1/thumb/v7e-m/fpv4-sp/hard/crtend.o
 .bss           0x00000000        0x0 c:/ac6/systemworkbench/plugins/fr.ac6.mcu.externaltools.arm-none.win32_1.17.0.201812190825/tools/compiler/bin/../lib/gcc/arm-none-eabi/7.3.1/thumb/v7e-m/fpv4-sp/hard/crtend.o
 .eh_frame      0x00000000        0x4 c:/ac6/systemworkbench/plugins/fr.ac6.mcu.externaltools.arm-none.win32_1.17.0.201812190825/tools/compiler/bin/../lib/gcc/arm-none-eabi/7.3.1/thumb/v7e-m/fpv4-sp/hard/crtend.o
 .ARM.attributes
                0x00000000       0x34 c:/ac6/systemworkbench/plugins/fr.ac6.mcu.externaltools.arm-none.win32_1.17.0.201812190825/tools/compiler/bin/../lib/gcc/arm-none-eabi/7.3.1/thumb/v7e-m/fpv4-sp/hard/crtend.o
 .text          0x00000000        0x0 c:/ac6/systemworkbench/plugins/fr.ac6.mcu.externaltools.arm-none.win32_1.17.0.201812190825/tools/compiler/bin/../lib/gcc/arm-none-eabi/7.3.1/thumb/v7e-m/fpv4-sp/hard/crtn.o
 .data          0x00000000        0x0 c:/ac6/systemworkbench/plugins/fr.ac6.mcu.externaltools.arm-none.win32_1.17.0.201812190825/tools/compiler/bin/../lib/gcc/arm-none-eabi/7.3.1/thumb/v7e-m/fpv4-sp/hard/crtn.o
 .bss           0x00000000        0x0 c:/ac6/systemworkbench/plugins/fr.ac6.mcu.externaltools.arm-none.win32_1.17.0.201812190825/tools/compiler/bin/../lib/gcc/arm-none-eabi/7.3.1/thumb/v7e-m/fpv4-sp/hard/crtn.o

Memory Configuration

Name             Origin             Length             Attributes
RAM              0x20000000         0x00018000         xrw
FLASH            0x08000000         0x00080000         xr
*default*        0x00000000         0xffffffff

Linker script and memory map

LOAD c:/ac6/systemworkbench/plugins/fr.ac6.mcu.externaltools.arm-none.win32_1.17.0.201812190825/tools/compiler/bin/../lib/gcc/arm-none-eabi/7.3.1/thumb/v7e-m/fpv4-sp/hard/crti.o
LOAD c:/ac6/systemworkbench/plugins/fr.ac6.mcu.externaltools.arm-none.win32_1.17.0.201812190825/tools/compiler/bin/../lib/gcc/arm-none-eabi/7.3.1/thumb/v7e-m/fpv4-sp/hard/crtbegin.o
LOAD c:/ac6/systemworkbench/plugins/fr.ac6.mcu.externaltools.arm-none.win32_1.17.0.201812190825/tools/compiler/bin/../lib/gcc/arm-none-eabi/7.3.1/../../../../arm-none-eabi/lib/thumb/v7e-m/fpv4-sp/hard/crt0.o
LOAD Drivers/STM32F4xx_HAL_Driver/Src/stm32f4xx_ll_adc.o
LOAD Drivers/STM32F4xx_HAL_Driver/Src/stm32f4xx_ll_dma.o
LOAD Drivers/STM32F4xx_HAL_Driver/Src/stm32f4xx_ll_exti.o
LOAD Drivers/STM32F4xx_HAL_Driver/Src/stm32f4xx_ll_gpio.o
LOAD Drivers/STM32F4xx_HAL_Driver/Src/stm32f4xx_ll_rcc.o
LOAD Drivers/STM32F4xx_HAL_Driver/Src/stm32f4xx_ll_tim.o
LOAD Drivers/STM32F4xx_HAL_Driver/Src/stm32f4xx_ll_usart.o
LOAD Drivers/STM32F4xx_HAL_Driver/Src/stm32f4xx_ll_utils.o
LOAD Src/main.o
LOAD Src/stm32f4xx_it.o
LOAD Src/syscalls.o
LOAD Src/system_stm32f4xx.o
LOAD startup/startup_stm32f401xe.o
LOAD c:/ac6/systemworkbench/plugins/fr.ac6.mcu.externaltools.arm-none.win32_1.17.0.201812190825/tools/compiler/bin/../lib/gcc/arm-none-eabi/7.3.1/../../../../arm-none-eabi/lib/thumb/v7e-m/fpv4-sp/hard\libm.a
START GROUP
LOAD c:/ac6/systemworkbench/plugins/fr.ac6.mcu.externaltools.arm-none.win32_1.17.0.201812190825/tools/compiler/bin/../lib/gcc/arm-none-eabi/7.3.1/thumb/v7e-m/fpv4-sp/hard\libgcc.a
LOAD c:/ac6/systemworkbench/plugins/fr.ac6.mcu.externaltools.arm-none.win32_1.17.0.201812190825/tools/compiler/bin/../lib/gcc/arm-none-eabi/7.3.1/../../../../arm-none-eabi/lib/thumb/v7e-m/fpv4-sp/hard\libc_nano.a
END GROUP
START GROUP
LOAD c:/ac6/systemworkbench/plugins/fr.ac6.mcu.externaltools.arm-none.win32_1.17.0.201812190825/tools/compiler/bin/../lib/gcc/arm-none-eabi/7.3.1/thumb/v7e-m/fpv4-sp/hard\libgcc.a
LOAD c:/ac6/systemworkbench/plugins/fr.ac6.mcu.externaltools.arm-none.win32_1.17.0.201812190825/tools/compiler/bin/../lib/gcc/arm-none-eabi/7.3.1/../../../../arm-none-eabi/lib/thumb/v7e-m/fpv4-sp/hard\libc_nano.a
LOAD c:/ac6/systemworkbench/plugins/fr.ac6.mcu.externaltools.arm-none.win32_1.17.0.201812190825/tools/compiler/bin/../lib/gcc/arm-none-eabi/7.3.1/../../../../arm-none-eabi/lib/thumb/v7e-m/fpv4-sp/hard\libnosys.a
END GROUP
START GROUP
LOAD c:/ac6/systemworkbench/plugins/fr.ac6.mcu.externaltools.arm-none.win32_1.17.0.201812190825/tools/compiler/bin/../lib/gcc/arm-none-eabi/7.3.1/thumb/v7e-m/fpv4-sp/hard\libgcc.a
LOAD c:/ac6/systemworkbench/plugins/fr.ac6.mcu.externaltools.arm-none.win32_1.17.0.201812190825/tools/compiler/bin/../lib/gcc/arm-none-eabi/7.3.1/../../../../arm-none-eabi/lib/thumb/v7e-m/fpv4-sp/hard\libc_nano.a
LOAD c:/ac6/systemworkbench/plugins/fr.ac6.mcu.externaltools.arm-none.win32_1.17.0.201812190825/tools/compiler/bin/../lib/gcc/arm-none-eabi/7.3.1/../../../../arm-none-eabi/lib/thumb/v7e-m/fpv4-sp/hard\libnosys.a
END GROUP
LOAD c:/ac6/systemworkbench/plugins/fr.ac6.mcu.externaltools.arm-none.win32_1.17.0.201812190825/tools/compiler/bin/../lib/gcc/arm-none-eabi/7.3.1/thumb/v7e-m/fpv4-sp/hard/crtend.o
LOAD c:/ac6/systemworkbench/plugins/fr.ac6.mcu.externaltools.arm-none.win32_1.17.0.201812190825/tools/compiler/bin/../lib/gcc/arm-none-eabi/7.3.1/thumb/v7e-m/fpv4-sp/hard/crtn.o
                0x20018000                _estack = 0x20018000
                0x00000200                _Min_Heap_Size = 0x200
                0x00000400                _Min_Stack_Size = 0x400

.isr_vector     0x08000000      0x194
                0x08000000                . = ALIGN (0x4)
 *(.isr_vector)
 .isr_vector    0x08000000      0x194 startup/startup_stm32f401xe.o
                0x08000000                g_pfnVectors
                0x08000194                . = ALIGN (0x4)

.text           0x08000194     0x1054
                0x08000194                . = ALIGN (0x4)
 *(.text)
 .text          0x08000194       0x40 c:/ac6/systemworkbench/plugins/fr.ac6.mcu.externaltools.arm-none.win32_1.17.0.201812190825/tools/compiler/bin/../lib/gcc/arm-none-eabi/7.3.1/thumb/v7e-m/fpv4-sp/hard/crtbegin.o
 *(.text*)
 .text.LL_ADC_CommonInit
                0x080001d4       0x24 Drivers/STM32F4xx_HAL_Driver/Src/stm32f4xx_ll_adc.o
                0x080001d4                LL_ADC_CommonInit
 .text.LL_ADC_Init
                0x080001f8       0x36 Drivers/STM32F4xx_HAL_Driver/Src/stm32f4xx_ll_adc.o
                0x080001f8                LL_ADC_Init
 *fill*         0x0800022e        0x2 
 .text.LL_ADC_REG_Init
                0x08000230       0x5c Drivers/STM32F4xx_HAL_Driver/Src/stm32f4xx_ll_adc.o
                0x08000230                LL_ADC_REG_Init
 .text.LL_EXTI_Init
                0x0800028c       0xdc Drivers/STM32F4xx_HAL_Driver/Src/stm32f4xx_ll_exti.o
                0x0800028c                LL_EXTI_Init
 .text.LL_GPIO_Init
                0x08000368      0x132 Drivers/STM32F4xx_HAL_Driver/Src/stm32f4xx_ll_gpio.o
                0x08000368                LL_GPIO_Init
 *fill*         0x0800049a        0x2 
 .text.RCC_GetHCLKClockFreq
                0x0800049c       0x18 Drivers/STM32F4xx_HAL_Driver/Src/stm32f4xx_ll_rcc.o
                0x0800049c                RCC_GetHCLKClockFreq
 .text.RCC_GetPCLK1ClockFreq
                0x080004b4       0x18 Drivers/STM32F4xx_HAL_Driver/Src/stm32f4xx_ll_rcc.o
                0x080004b4                RCC_GetPCLK1ClockFreq
 .text.RCC_GetPCLK2ClockFreq
                0x080004cc       0x18 Drivers/STM32F4xx_HAL_Driver/Src/stm32f4xx_ll_rcc.o
                0x080004cc                RCC_GetPCLK2ClockFreq
 .text.RCC_PLL_GetFreqDomain_SYS
                0x080004e4       0x4c Drivers/STM32F4xx_HAL_Driver/Src/stm32f4xx_ll_rcc.o
                0x080004e4                RCC_PLL_GetFreqDomain_SYS
 .text.RCC_GetSystemClockFreq
                0x08000530       0x30 Drivers/STM32F4xx_HAL_Driver/Src/stm32f4xx_ll_rcc.o
                0x08000530                RCC_GetSystemClockFreq
 .text.LL_RCC_GetSystemClocksFreq
                0x08000560       0x20 Drivers/STM32F4xx_HAL_Driver/Src/stm32f4xx_ll_rcc.o
                0x08000560                LL_RCC_GetSystemClocksFreq
 .text.OC1Config
                0x08000580       0x6c Drivers/STM32F4xx_HAL_Driver/Src/stm32f4xx_ll_tim.o
 .text.OC2Config
                0x080005ec       0x74 Drivers/STM32F4xx_HAL_Driver/Src/stm32f4xx_ll_tim.o
 .text.OC3Config
                0x08000660       0x70 Drivers/STM32F4xx_HAL_Driver/Src/stm32f4xx_ll_tim.o
 .text.OC4Config
                0x080006d0       0x54 Drivers/STM32F4xx_HAL_Driver/Src/stm32f4xx_ll_tim.o
 .text.LL_TIM_Init
                0x08000724       0x98 Drivers/STM32F4xx_HAL_Driver/Src/stm32f4xx_ll_tim.o
                0x08000724                LL_TIM_Init
 .text.LL_TIM_OC_Init
                0x080007bc       0x3c Drivers/STM32F4xx_HAL_Driver/Src/stm32f4xx_ll_tim.o
                0x080007bc                LL_TIM_OC_Init
 .text.LL_USART_Init
                0x080007f8      0x120 Drivers/STM32F4xx_HAL_Driver/Src/stm32f4xx_ll_usart.o
                0x080007f8                LL_USART_Init
 .text.LL_Init1msTick
                0x08000918       0x20 Drivers/STM32F4xx_HAL_Driver/Src/stm32f4xx_ll_utils.o
                0x08000918                LL_Init1msTick
 .text.LL_SetSystemCoreClock
                0x08000938        0xc Drivers/STM32F4xx_HAL_Driver/Src/stm32f4xx_ll_utils.o
                0x08000938                LL_SetSystemCoreClock
 .text.MX_GPIO_Init
                0x08000944      0x110 Src/main.o
 .text.MX_ADC1_Init
                0x08000a54      0x12c Src/main.o
 .text.MX_TIM2_Init
                0x08000b80       0xb4 Src/main.o
 .text.MX_TIM3_Init
                0x08000c34      0x158 Src/main.o
 .text.MX_USART2_UART_Init
                0x08000d8c       0x9c Src/main.o
 .text.SystemClock_Config
                0x08000e28       0xe8 Src/main.o
                0x08000e28                SystemClock_Config
 .text.main     0x08000f10       0xa8 Src/main.o
                0x08000f10                main
 .text.NMI_Handler
                0x08000fb8        0x2 Src/stm32f4xx_it.o
                0x08000fb8                NMI_Handler
 .text.HardFault_Handler
                0x08000fba        0x2 Src/stm32f4xx_it.o
                0x08000fba                HardFault_Handler
 .text.MemManage_Handler
                0x08000fbc        0x2 Src/stm32f4xx_it.o
                0x08000fbc                MemManage_Handler
 .text.BusFault_Handler
                0x08000fbe        0x2 Src/stm32f4xx_it.o
                0x08000fbe                BusFault_Handler
 .text.UsageFault_Handler
                0x08000fc0        0x2 Src/stm32f4xx_it.o
                0x08000fc0                UsageFault_Handler
 .text.SVC_Handler
                0x08000fc2        0x2 Src/stm32f4xx_it.o
                0x08000fc2                SVC_Handler
 .text.DebugMon_Handler
                0x08000fc4        0x2 Src/stm32f4xx_it.o
                0x08000fc4                DebugMon_Handler
 .text.PendSV_Handler
                0x08000fc6        0x2 Src/stm32f4xx_it.o
                0x08000fc6                PendSV_Handler
 .text.SysTick_Handler
                0x08000fc8        0x2 Src/stm32f4xx_it.o
                0x08000fc8                SysTick_Handler
 *fill*         0x08000fca        0x2 
 .text.ADC_IRQHandler
                0x08000fcc       0x18 Src/stm32f4xx_it.o
                0x08000fcc                ADC_IRQHandler
 .text.TIM2_IRQHandler
                0x08000fe4       0x34 Src/stm32f4xx_it.o
                0x08000fe4                TIM2_IRQHandler
 .text.TIM3_IRQHandler
                0x08001018       0x98 Src/stm32f4xx_it.o
                0x08001018                TIM3_IRQHandler
 .text.EXTI15_10_IRQHandler
                0x080010b0       0x28 Src/stm32f4xx_it.o
                0x080010b0                EXTI15_10_IRQHandler
 .text.SystemInit
                0x080010d8       0x4c Src/system_stm32f4xx.o
                0x080010d8                SystemInit
 .text.Reset_Handler
                0x08001124       0x50 startup/startup_stm32f401xe.o
                0x08001124                Reset_Handler
 .text.Default_Handler
                0x08001174        0x2 startup/startup_stm32f401xe.o
                0x08001174                RTC_Alarm_IRQHandler
                0x08001174                EXTI2_IRQHandler
                0x08001174                SPI4_IRQHandler
                0x08001174                TIM1_CC_IRQHandler
                0x08001174                DMA2_Stream5_IRQHandler
                0x08001174                DMA1_Stream5_IRQHandler
                0x08001174                PVD_IRQHandler
                0x08001174                SDIO_IRQHandler
                0x08001174                TAMP_STAMP_IRQHandler
                0x08001174                EXTI3_IRQHandler
                0x08001174                TIM1_UP_TIM10_IRQHandler
                0x08001174                I2C3_ER_IRQHandler
                0x08001174                EXTI0_IRQHandler
                0x08001174                I2C2_EV_IRQHandler
                0x08001174                DMA1_Stream2_IRQHandler
                0x08001174                FPU_IRQHandler
                0x08001174                DMA2_Stream2_IRQHandler
                0x08001174                SPI1_IRQHandler
                0x08001174                TIM1_BRK_TIM9_IRQHandler
                0x08001174                DMA2_Stream3_IRQHandler
                0x08001174                USART6_IRQHandler
                0x08001174                DMA2_Stream0_IRQHandler
                0x08001174                TIM4_IRQHandler
                0x08001174                I2C1_EV_IRQHandler
                0x08001174                DMA1_Stream6_IRQHandler
                0x08001174                DMA1_Stream1_IRQHandler
                0x08001174                RCC_IRQHandler
                0x08001174                Default_Handler
                0x08001174                DMA1_Stream7_IRQHandler
                0x08001174                TIM5_IRQHandler
                0x08001174                DMA2_Stream7_IRQHandler
                0x08001174                I2C3_EV_IRQHandler
                0x08001174                EXTI9_5_IRQHandler
                0x08001174                RTC_WKUP_IRQHandler
                0x08001174                SPI2_IRQHandler
                0x08001174                DMA1_Stream0_IRQHandler
                0x08001174                EXTI4_IRQHandler
                0x08001174                WWDG_IRQHandler
                0x08001174                OTG_FS_WKUP_IRQHandler
                0x08001174                TIM1_TRG_COM_TIM11_IRQHandler
                0x08001174                EXTI1_IRQHandler
                0x08001174                USART2_IRQHandler
                0x08001174                I2C2_ER_IRQHandler
                0x08001174                DMA2_Stream1_IRQHandler
                0x08001174                FLASH_IRQHandler
                0x08001174                DMA2_Stream4_IRQHandler
                0x08001174                USART1_IRQHandler
                0x08001174                OTG_FS_IRQHandler
                0x08001174                SPI3_IRQHandler
                0x08001174                DMA1_Stream4_IRQHandler
                0x08001174                I2C1_ER_IRQHandler
                0x08001174                DMA2_Stream6_IRQHandler
                0x08001174                DMA1_Stream3_IRQHandler
 *fill*         0x08001176        0x2 
 .text.__libc_init_array
                0x08001178       0x48 c:/ac6/systemworkbench/plugins/fr.ac6.mcu.externaltools.arm-none.win32_1.17.0.201812190825/tools/compiler/bin/../lib/gcc/arm-none-eabi/7.3.1/../../../../arm-none-eabi/lib/thumb/v7e-m/fpv4-sp/hard\libc_nano.a(lib_a-init.o)
                0x08001178                __libc_init_array
 .text.memset   0x080011c0       0x10 c:/ac6/systemworkbench/plugins/fr.ac6.mcu.externaltools.arm-none.win32_1.17.0.201812190825/tools/compiler/bin/../lib/gcc/arm-none-eabi/7.3.1/../../../../arm-none-eabi/lib/thumb/v7e-m/fpv4-sp/hard\libc_nano.a(lib_a-memset.o)
                0x080011c0                memset
 *(.glue_7)
 .glue_7        0x080011d0        0x0 linker stubs
 *(.glue_7t)
 .glue_7t       0x080011d0        0x0 linker stubs
 *(.eh_frame)
 .eh_frame      0x080011d0        0x0 c:/ac6/systemworkbench/plugins/fr.ac6.mcu.externaltools.arm-none.win32_1.17.0.201812190825/tools/compiler/bin/../lib/gcc/arm-none-eabi/7.3.1/thumb/v7e-m/fpv4-sp/hard/crtbegin.o
 *(.init)
 .init          0x080011d0        0x4 c:/ac6/systemworkbench/plugins/fr.ac6.mcu.externaltools.arm-none.win32_1.17.0.201812190825/tools/compiler/bin/../lib/gcc/arm-none-eabi/7.3.1/thumb/v7e-m/fpv4-sp/hard/crti.o
                0x080011d0                _init
 .init          0x080011d4        0x8 c:/ac6/systemworkbench/plugins/fr.ac6.mcu.externaltools.arm-none.win32_1.17.0.201812190825/tools/compiler/bin/../lib/gcc/arm-none-eabi/7.3.1/thumb/v7e-m/fpv4-sp/hard/crtn.o
 *(.fini)
 .fini          0x080011dc        0x4 c:/ac6/systemworkbench/plugins/fr.ac6.mcu.externaltools.arm-none.win32_1.17.0.201812190825/tools/compiler/bin/../lib/gcc/arm-none-eabi/7.3.1/thumb/v7e-m/fpv4-sp/hard/crti.o
                0x080011dc                _fini
 .fini          0x080011e0        0x8 c:/ac6/systemworkbench/plugins/fr.ac6.mcu.externaltools.arm-none.win32_1.17.0.201812190825/tools/compiler/bin/../lib/gcc/arm-none-eabi/7.3.1/thumb/v7e-m/fpv4-sp/hard/crtn.o
                0x080011e8                . = ALIGN (0x4)
                0x080011e8                _etext = .

.vfp11_veneer   0x080011e8        0x0
 .vfp11_veneer  0x080011e8        0x0 linker stubs

.v4_bx          0x080011e8        0x0
 .v4_bx         0x080011e8        0x0 linker stubs

.iplt           0x080011e8        0x0
 .iplt          0x080011e8        0x0 c:/ac6/systemworkbench/plugins/fr.ac6.mcu.externaltools.arm-none.win32_1.17.0.201812190825/tools/compiler/bin/../lib/gcc/arm-none-eabi/7.3.1/thumb/v7e-m/fpv4-sp/hard/crtbegin.o

.rodata         0x080011e8       0x18
                0x080011e8                . = ALIGN (0x4)
 *(.rodata)
 .rodata        0x080011e8       0x18 Src/system_stm32f4xx.o
                0x080011e8                AHBPrescTable
                0x080011f8                APBPrescTable
 *(.rodata*)
                0x08001200                . = ALIGN (0x4)

.rel.dyn        0x08001200        0x0
 .rel.iplt      0x08001200        0x0 c:/ac6/systemworkbench/plugins/fr.ac6.mcu.externaltools.arm-none.win32_1.17.0.201812190825/tools/compiler/bin/../lib/gcc/arm-none-eabi/7.3.1/thumb/v7e-m/fpv4-sp/hard/crtbegin.o

.ARM.extab
 *(.ARM.extab* .gnu.linkonce.armextab.*)

.ARM            0x08001200        0x0
                0x08001200                __exidx_start = .
 *(.ARM.exidx*)
                0x08001200                __exidx_end = .

.preinit_array  0x08001200        0x0
                0x08001200                PROVIDE (__preinit_array_start = .)
 *(.preinit_array*)
                0x08001200                PROVIDE (__preinit_array_end = .)

.init_array     0x08001200        0x4
                0x08001200                PROVIDE (__init_array_start = .)
 *(SORT_BY_NAME(.init_array.*))
 *(.init_array*)
 .init_array    0x08001200        0x4 c:/ac6/systemworkbench/plugins/fr.ac6.mcu.externaltools.arm-none.win32_1.17.0.201812190825/tools/compiler/bin/../lib/gcc/arm-none-eabi/7.3.1/thumb/v7e-m/fpv4-sp/hard/crtbegin.o
                0x08001204                PROVIDE (__init_array_end = .)

.fini_array     0x08001204        0x4
                [!provide]                PROVIDE (__fini_array_start = .)
 *(SORT_BY_NAME(.fini_array.*))
 *(.fini_array*)
 .fini_array    0x08001204        0x4 c:/ac6/systemworkbench/plugins/fr.ac6.mcu.externaltools.arm-none.win32_1.17.0.201812190825/tools/compiler/bin/../lib/gcc/arm-none-eabi/7.3.1/thumb/v7e-m/fpv4-sp/hard/crtbegin.o
                [!provide]                PROVIDE (__fini_array_end = .)
                0x08001208                _sidata = LOADADDR (.data)

.data           0x20000000       0x24 load address 0x08001208
                0x20000000                . = ALIGN (0x4)
                0x20000000                _sdata = .
 *(.data)
 .data          0x20000000       0x20 Src/stm32f4xx_it.o
                0x20000000                OCtime2
                0x20000004                OCmin1
                0x20000008                OCmax1
                0x2000000c                ADCmax
                0x20000010                OCmin2
                0x20000014                OCmax2
                0x20000018                OCmin3
                0x2000001c                OCmax3
 .data          0x20000020        0x4 Src/system_stm32f4xx.o
                0x20000020                SystemCoreClock
 *(.data*)
                0x20000024                . = ALIGN (0x4)
                0x20000024                _edata = .

.igot.plt       0x20000024        0x0 load address 0x0800122c
 .igot.plt      0x20000024        0x0 c:/ac6/systemworkbench/plugins/fr.ac6.mcu.externaltools.arm-none.win32_1.17.0.201812190825/tools/compiler/bin/../lib/gcc/arm-none-eabi/7.3.1/thumb/v7e-m/fpv4-sp/hard/crtbegin.o
                0x20000024                . = ALIGN (0x4)

.bss            0x20000024       0x1c load address 0x0800122c
                0x20000024                _sbss = .
                0x20000024                __bss_start__ = _sbss
 *(.bss)
 .bss           0x20000024       0x1c c:/ac6/systemworkbench/plugins/fr.ac6.mcu.externaltools.arm-none.win32_1.17.0.201812190825/tools/compiler/bin/../lib/gcc/arm-none-eabi/7.3.1/thumb/v7e-m/fpv4-sp/hard/crtbegin.o
 *(.bss*)
 *(COMMON)
                0x20000040                . = ALIGN (0x4)
                0x20000040                _ebss = .
                0x20000040                __bss_end__ = _ebss

._user_heap_stack
                0x20000040      0x600 load address 0x0800122c
                0x20000040                . = ALIGN (0x8)
                0x20000040                PROVIDE (end = .)
                [!provide]                PROVIDE (_end = .)
                0x20000240                . = (. + _Min_Heap_Size)
 *fill*         0x20000040      0x200 
                0x20000640                . = (. + _Min_Stack_Size)
 *fill*         0x20000240      0x400 
                0x20000640                . = ALIGN (0x8)

/DISCARD/
 libc.a(*)
 libm.a(*)
 libgcc.a(*)

.ARM.attributes
                0x00000000       0x30
 *(.ARM.attributes)
 .ARM.attributes
                0x00000000       0x22 c:/ac6/systemworkbench/plugins/fr.ac6.mcu.externaltools.arm-none.win32_1.17.0.201812190825/tools/compiler/bin/../lib/gcc/arm-none-eabi/7.3.1/thumb/v7e-m/fpv4-sp/hard/crti.o
 .ARM.attributes
                0x00000022       0x34 c:/ac6/systemworkbench/plugins/fr.ac6.mcu.externaltools.arm-none.win32_1.17.0.201812190825/tools/compiler/bin/../lib/gcc/arm-none-eabi/7.3.1/thumb/v7e-m/fpv4-sp/hard/crtbegin.o
 .ARM.attributes
                0x00000056       0x39 Drivers/STM32F4xx_HAL_Driver/Src/stm32f4xx_ll_adc.o
 .ARM.attributes
                0x0000008f       0x39 Drivers/STM32F4xx_HAL_Driver/Src/stm32f4xx_ll_exti.o
 .ARM.attributes
                0x000000c8       0x39 Drivers/STM32F4xx_HAL_Driver/Src/stm32f4xx_ll_gpio.o
 .ARM.attributes
                0x00000101       0x39 Drivers/STM32F4xx_HAL_Driver/Src/stm32f4xx_ll_rcc.o
 .ARM.attributes
                0x0000013a       0x39 Drivers/STM32F4xx_HAL_Driver/Src/stm32f4xx_ll_tim.o
 .ARM.attributes
                0x00000173       0x39 Drivers/STM32F4xx_HAL_Driver/Src/stm32f4xx_ll_usart.o
 .ARM.attributes
                0x000001ac       0x39 Drivers/STM32F4xx_HAL_Driver/Src/stm32f4xx_ll_utils.o
 .ARM.attributes
                0x000001e5       0x39 Src/main.o
 .ARM.attributes
                0x0000021e       0x39 Src/stm32f4xx_it.o
 .ARM.attributes
                0x00000257       0x39 Src/system_stm32f4xx.o
 .ARM.attributes
                0x00000290       0x21 startup/startup_stm32f401xe.o
 .ARM.attributes
                0x000002b1       0x34 c:/ac6/systemworkbench/plugins/fr.ac6.mcu.externaltools.arm-none.win32_1.17.0.201812190825/tools/compiler/bin/../lib/gcc/arm-none-eabi/7.3.1/../../../../arm-none-eabi/lib/thumb/v7e-m/fpv4-sp/hard\libc_nano.a(lib_a-init.o)
 .ARM.attributes
                0x000002e5       0x34 c:/ac6/systemworkbench/plugins/fr.ac6.mcu.externaltools.arm-none.win32_1.17.0.201812190825/tools/compiler/bin/../lib/gcc/arm-none-eabi/7.3.1/../../../../arm-none-eabi/lib/thumb/v7e-m/fpv4-sp/hard\libc_nano.a(lib_a-memset.o)
 .ARM.attributes
                0x00000319       0x22 c:/ac6/systemworkbench/plugins/fr.ac6.mcu.externaltools.arm-none.win32_1.17.0.201812190825/tools/compiler/bin/../lib/gcc/arm-none-eabi/7.3.1/thumb/v7e-m/fpv4-sp/hard/crtn.o
OUTPUT(9.2.3.elf elf32-littlearm)

.debug_info     0x00000000     0x7b57
 .debug_info    0x00000000      0xa4d Drivers/STM32F4xx_HAL_Driver/Src/stm32f4xx_ll_adc.o
 .debug_info    0x00000a4d      0x4da Drivers/STM32F4xx_HAL_Driver/Src/stm32f4xx_ll_exti.o
 .debug_info    0x00000f27      0xac1 Drivers/STM32F4xx_HAL_Driver/Src/stm32f4xx_ll_gpio.o
 .debug_info    0x000019e8      0x8de Drivers/STM32F4xx_HAL_Driver/Src/stm32f4xx_ll_rcc.o
 .debug_info    0x000022c6     0x1280 Drivers/STM32F4xx_HAL_Driver/Src/stm32f4xx_ll_tim.o
 .debug_info    0x00003546      0x895 Drivers/STM32F4xx_HAL_Driver/Src/stm32f4xx_ll_usart.o
 .debug_info    0x00003ddb      0xb33 Drivers/STM32F4xx_HAL_Driver/Src/stm32f4xx_ll_utils.o
 .debug_info    0x0000490e     0x23f8 Src/main.o
 .debug_info    0x00006d06      0x905 Src/stm32f4xx_it.o
 .debug_info    0x0000760b      0x52a Src/system_stm32f4xx.o
 .debug_info    0x00007b35       0x22 startup/startup_stm32f401xe.o

.debug_abbrev   0x00000000     0x1575
 .debug_abbrev  0x00000000      0x1dd Drivers/STM32F4xx_HAL_Driver/Src/stm32f4xx_ll_adc.o
 .debug_abbrev  0x000001dd      0x1c8 Drivers/STM32F4xx_HAL_Driver/Src/stm32f4xx_ll_exti.o
 .debug_abbrev  0x000003a5      0x219 Drivers/STM32F4xx_HAL_Driver/Src/stm32f4xx_ll_gpio.o
 .debug_abbrev  0x000005be      0x237 Drivers/STM32F4xx_HAL_Driver/Src/stm32f4xx_ll_rcc.o
 .debug_abbrev  0x000007f5      0x265 Drivers/STM32F4xx_HAL_Driver/Src/stm32f4xx_ll_tim.o
 .debug_abbrev  0x00000a5a      0x25b Drivers/STM32F4xx_HAL_Driver/Src/stm32f4xx_ll_usart.o
 .debug_abbrev  0x00000cb5      0x233 Drivers/STM32F4xx_HAL_Driver/Src/stm32f4xx_ll_utils.o
 .debug_abbrev  0x00000ee8      0x359 Src/main.o
 .debug_abbrev  0x00001241      0x211 Src/stm32f4xx_it.o
 .debug_abbrev  0x00001452      0x111 Src/system_stm32f4xx.o
 .debug_abbrev  0x00001563       0x12 startup/startup_stm32f401xe.o

.debug_loc      0x00000000     0x32ec
 .debug_loc     0x00000000      0x39c Drivers/STM32F4xx_HAL_Driver/Src/stm32f4xx_ll_adc.o
 .debug_loc     0x0000039c      0x2ba Drivers/STM32F4xx_HAL_Driver/Src/stm32f4xx_ll_exti.o
 .debug_loc     0x00000656      0x4aa Drivers/STM32F4xx_HAL_Driver/Src/stm32f4xx_ll_gpio.o
 .debug_loc     0x00000b00      0x3db Drivers/STM32F4xx_HAL_Driver/Src/stm32f4xx_ll_rcc.o
 .debug_loc     0x00000edb      0xf3d Drivers/STM32F4xx_HAL_Driver/Src/stm32f4xx_ll_tim.o
 .debug_loc     0x00001e18      0x486 Drivers/STM32F4xx_HAL_Driver/Src/stm32f4xx_ll_usart.o
 .debug_loc     0x0000229e      0x59f Drivers/STM32F4xx_HAL_Driver/Src/stm32f4xx_ll_utils.o
 .debug_loc     0x0000283d      0x7e1 Src/main.o
 .debug_loc     0x0000301e      0x190 Src/stm32f4xx_it.o
 .debug_loc     0x000031ae      0x13e Src/system_stm32f4xx.o

.debug_aranges  0x00000000      0x3c8
 .debug_aranges
                0x00000000       0x68 Drivers/STM32F4xx_HAL_Driver/Src/stm32f4xx_ll_adc.o
 .debug_aranges
                0x00000068       0x30 Drivers/STM32F4xx_HAL_Driver/Src/stm32f4xx_ll_exti.o
 .debug_aranges
                0x00000098       0x30 Drivers/STM32F4xx_HAL_Driver/Src/stm32f4xx_ll_gpio.o
 .debug_aranges
                0x000000c8       0x78 Drivers/STM32F4xx_HAL_Driver/Src/stm32f4xx_ll_rcc.o
 .debug_aranges
                0x00000140       0xc0 Drivers/STM32F4xx_HAL_Driver/Src/stm32f4xx_ll_tim.o
 .debug_aranges
                0x00000200       0x40 Drivers/STM32F4xx_HAL_Driver/Src/stm32f4xx_ll_usart.o
 .debug_aranges
                0x00000240       0x60 Drivers/STM32F4xx_HAL_Driver/Src/stm32f4xx_ll_utils.o
 .debug_aranges
                0x000002a0       0x58 Src/main.o
 .debug_aranges
                0x000002f8       0x80 Src/stm32f4xx_it.o
 .debug_aranges
                0x00000378       0x28 Src/system_stm32f4xx.o
 .debug_aranges
                0x000003a0       0x28 startup/startup_stm32f401xe.o

.debug_ranges   0x00000000      0x338
 .debug_ranges  0x00000000       0x58 Drivers/STM32F4xx_HAL_Driver/Src/stm32f4xx_ll_adc.o
 .debug_ranges  0x00000058       0x20 Drivers/STM32F4xx_HAL_Driver/Src/stm32f4xx_ll_exti.o
 .debug_ranges  0x00000078       0x20 Drivers/STM32F4xx_HAL_Driver/Src/stm32f4xx_ll_gpio.o
 .debug_ranges  0x00000098       0x68 Drivers/STM32F4xx_HAL_Driver/Src/stm32f4xx_ll_rcc.o
 .debug_ranges  0x00000100       0xb0 Drivers/STM32F4xx_HAL_Driver/Src/stm32f4xx_ll_tim.o
 .debug_ranges  0x000001b0       0x48 Drivers/STM32F4xx_HAL_Driver/Src/stm32f4xx_ll_usart.o
 .debug_ranges  0x000001f8       0x50 Drivers/STM32F4xx_HAL_Driver/Src/stm32f4xx_ll_utils.o
 .debug_ranges  0x00000248       0x48 Src/main.o
 .debug_ranges  0x00000290       0x70 Src/stm32f4xx_it.o
 .debug_ranges  0x00000300       0x18 Src/system_stm32f4xx.o
 .debug_ranges  0x00000318       0x20 startup/startup_stm32f401xe.o

.debug_macro    0x00000000    0x11ad5
 .debug_macro   0x00000000      0x152 Drivers/STM32F4xx_HAL_Driver/Src/stm32f4xx_ll_adc.o
 .debug_macro   0x00000152      0xaa2 Drivers/STM32F4xx_HAL_Driver/Src/stm32f4xx_ll_adc.o
 .debug_macro   0x00000bf4       0x32 Drivers/STM32F4xx_HAL_Driver/Src/stm32f4xx_ll_adc.o
 .debug_macro   0x00000c26       0x28 Drivers/STM32F4xx_HAL_Driver/Src/stm32f4xx_ll_adc.o
 .debug_macro   0x00000c4e       0x22 Drivers/STM32F4xx_HAL_Driver/Src/stm32f4xx_ll_adc.o
 .debug_macro   0x00000c70       0x8e Drivers/STM32F4xx_HAL_Driver/Src/stm32f4xx_ll_adc.o
 .debug_macro   0x00000cfe       0x51 Drivers/STM32F4xx_HAL_Driver/Src/stm32f4xx_ll_adc.o
 .debug_macro   0x00000d4f       0xef Drivers/STM32F4xx_HAL_Driver/Src/stm32f4xx_ll_adc.o
 .debug_macro   0x00000e3e       0x6a Drivers/STM32F4xx_HAL_Driver/Src/stm32f4xx_ll_adc.o
 .debug_macro   0x00000ea8      0x1df Drivers/STM32F4xx_HAL_Driver/Src/stm32f4xx_ll_adc.o
 .debug_macro   0x00001087       0x1c Drivers/STM32F4xx_HAL_Driver/Src/stm32f4xx_ll_adc.o
 .debug_macro   0x000010a3       0x22 Drivers/STM32F4xx_HAL_Driver/Src/stm32f4xx_ll_adc.o
 .debug_macro   0x000010c5       0xdf Drivers/STM32F4xx_HAL_Driver/Src/stm32f4xx_ll_adc.o
 .debug_macro   0x000011a4     0x102d Drivers/STM32F4xx_HAL_Driver/Src/stm32f4xx_ll_adc.o
 .debug_macro   0x000021d1      0x11f Drivers/STM32F4xx_HAL_Driver/Src/stm32f4xx_ll_adc.o
 .debug_macro   0x000022f0     0xb857 Drivers/STM32F4xx_HAL_Driver/Src/stm32f4xx_ll_adc.o
 .debug_macro   0x0000db47       0x43 Drivers/STM32F4xx_HAL_Driver/Src/stm32f4xx_ll_adc.o
 .debug_macro   0x0000db8a      0x9d4 Drivers/STM32F4xx_HAL_Driver/Src/stm32f4xx_ll_adc.o
 .debug_macro   0x0000e55e      0x116 Drivers/STM32F4xx_HAL_Driver/Src/stm32f4xx_ll_adc.o
 .debug_macro   0x0000e674       0xf5 Drivers/STM32F4xx_HAL_Driver/Src/stm32f4xx_ll_exti.o
 .debug_macro   0x0000e769       0xe2 Drivers/STM32F4xx_HAL_Driver/Src/stm32f4xx_ll_exti.o
 .debug_macro   0x0000e84b      0x110 Drivers/STM32F4xx_HAL_Driver/Src/stm32f4xx_ll_gpio.o
 .debug_macro   0x0000e95b      0x143 Drivers/STM32F4xx_HAL_Driver/Src/stm32f4xx_ll_gpio.o
 .debug_macro   0x0000ea9e       0xf5 Drivers/STM32F4xx_HAL_Driver/Src/stm32f4xx_ll_rcc.o
 .debug_macro   0x0000eb93      0x782 Drivers/STM32F4xx_HAL_Driver/Src/stm32f4xx_ll_rcc.o
 .debug_macro   0x0000f315      0x159 Drivers/STM32F4xx_HAL_Driver/Src/stm32f4xx_ll_tim.o
 .debug_macro   0x0000f46e      0x5e6 Drivers/STM32F4xx_HAL_Driver/Src/stm32f4xx_ll_tim.o
 .debug_macro   0x0000fa54      0x143 Drivers/STM32F4xx_HAL_Driver/Src/stm32f4xx_ll_usart.o
 .debug_macro   0x0000fb97      0x1b5 Drivers/STM32F4xx_HAL_Driver/Src/stm32f4xx_ll_usart.o
 .debug_macro   0x0000fd4c      0x788 Drivers/STM32F4xx_HAL_Driver/Src/stm32f4xx_ll_usart.o
 .debug_macro   0x000104d4      0x191 Drivers/STM32F4xx_HAL_Driver/Src/stm32f4xx_ll_utils.o
 .debug_macro   0x00010665       0x5b Drivers/STM32F4xx_HAL_Driver/Src/stm32f4xx_ll_utils.o
 .debug_macro   0x000106c0      0x1ab Drivers/STM32F4xx_HAL_Driver/Src/stm32f4xx_ll_utils.o
 .debug_macro   0x0001086b       0xbd Drivers/STM32F4xx_HAL_Driver/Src/stm32f4xx_ll_utils.o
 .debug_macro   0x00010928      0x14f Src/main.o
 .debug_macro   0x00010a77       0xe8 Src/main.o
 .debug_macro   0x00010b5f      0x1a8 Src/main.o
 .debug_macro   0x00010d07       0x61 Src/main.o
 .debug_macro   0x00010d68      0x1e6 Src/main.o
 .debug_macro   0x00010f4e      0x5ec Src/main.o
 .debug_macro   0x0001153a      0x1bb Src/main.o
 .debug_macro   0x000116f5      0x149 Src/main.o
 .debug_macro   0x0001183e       0x6a Src/main.o
 .debug_macro   0x000118a8      0x159 Src/stm32f4xx_it.o
 .debug_macro   0x00011a01       0xd4 Src/system_stm32f4xx.o

.debug_line     0x00000000     0x407e
 .debug_line    0x00000000      0x609 Drivers/STM32F4xx_HAL_Driver/Src/stm32f4xx_ll_adc.o
 .debug_line    0x00000609      0x560 Drivers/STM32F4xx_HAL_Driver/Src/stm32f4xx_ll_exti.o
 .debug_line    0x00000b69      0x5f3 Drivers/STM32F4xx_HAL_Driver/Src/stm32f4xx_ll_gpio.o
 .debug_line    0x0000115c      0x6a7 Drivers/STM32F4xx_HAL_Driver/Src/stm32f4xx_ll_rcc.o
 .debug_line    0x00001803      0x7fe Drivers/STM32F4xx_HAL_Driver/Src/stm32f4xx_ll_tim.o
 .debug_line    0x00002001      0x5bf Drivers/STM32F4xx_HAL_Driver/Src/stm32f4xx_ll_usart.o
 .debug_line    0x000025c0      0x697 Drivers/STM32F4xx_HAL_Driver/Src/stm32f4xx_ll_utils.o
 .debug_line    0x00002c57      0x8b2 Src/main.o
 .debug_line    0x00003509      0x6d3 Src/stm32f4xx_it.o
 .debug_line    0x00003bdc      0x423 Src/system_stm32f4xx.o
 .debug_line    0x00003fff       0x7f startup/startup_stm32f401xe.o

.debug_str      0x00000000    0x692c2
 .debug_str     0x00000000    0x58333 Drivers/STM32F4xx_HAL_Driver/Src/stm32f4xx_ll_adc.o
                              0x584e6 (size before relaxing)
 .debug_str     0x00058333      0x839 Drivers/STM32F4xx_HAL_Driver/Src/stm32f4xx_ll_exti.o
                              0x4f924 (size before relaxing)
 .debug_str     0x00058b6c      0xe4c Drivers/STM32F4xx_HAL_Driver/Src/stm32f4xx_ll_gpio.o
                              0x50769 (size before relaxing)
 .debug_str     0x000599b8     0x4542 Drivers/STM32F4xx_HAL_Driver/Src/stm32f4xx_ll_rcc.o
                              0x5373f (size before relaxing)
 .debug_str     0x0005defa     0x44aa Drivers/STM32F4xx_HAL_Driver/Src/stm32f4xx_ll_tim.o
                              0x53e1c (size before relaxing)
 .debug_str     0x000623a4     0x1679 Drivers/STM32F4xx_HAL_Driver/Src/stm32f4xx_ll_usart.o
                              0x550bf (size before relaxing)
 .debug_str     0x00063a1d     0x2939 Drivers/STM32F4xx_HAL_Driver/Src/stm32f4xx_ll_utils.o
                              0x55c34 (size before relaxing)
 .debug_str     0x00066356     0x2c9d Src/main.o
                              0x63a95 (size before relaxing)
 .debug_str     0x00068ff3      0x23f Src/stm32f4xx_it.o
                              0x62e14 (size before relaxing)
 .debug_str     0x00069232       0x61 Src/system_stm32f4xx.o
                              0x4f274 (size before relaxing)
 .debug_str     0x00069293       0x2f startup/startup_stm32f401xe.o
                                 0x61 (size before relaxing)

.comment        0x00000000       0x7f
 .comment       0x00000000       0x7f Drivers/STM32F4xx_HAL_Driver/Src/stm32f4xx_ll_adc.o
                                 0x80 (size before relaxing)
 .comment       0x0000007f       0x80 Drivers/STM32F4xx_HAL_Driver/Src/stm32f4xx_ll_exti.o
 .comment       0x0000007f       0x80 Drivers/STM32F4xx_HAL_Driver/Src/stm32f4xx_ll_gpio.o
 .comment       0x0000007f       0x80 Drivers/STM32F4xx_HAL_Driver/Src/stm32f4xx_ll_rcc.o
 .comment       0x0000007f       0x80 Drivers/STM32F4xx_HAL_Driver/Src/stm32f4xx_ll_tim.o
 .comment       0x0000007f       0x80 Drivers/STM32F4xx_HAL_Driver/Src/stm32f4xx_ll_usart.o
 .comment       0x0000007f       0x80 Drivers/STM32F4xx_HAL_Driver/Src/stm32f4xx_ll_utils.o
 .comment       0x0000007f       0x80 Src/main.o
 .comment       0x0000007f       0x80 Src/stm32f4xx_it.o
 .comment       0x0000007f       0x80 Src/system_stm32f4xx.o

.debug_frame    0x00000000      0x838
 .debug_frame   0x00000000       0xdc Drivers/STM32F4xx_HAL_Driver/Src/stm32f4xx_ll_adc.o
 .debug_frame   0x000000dc       0x54 Drivers/STM32F4xx_HAL_Driver/Src/stm32f4xx_ll_exti.o
 .debug_frame   0x00000130       0x58 Drivers/STM32F4xx_HAL_Driver/Src/stm32f4xx_ll_gpio.o
 .debug_frame   0x00000188       0xf8 Drivers/STM32F4xx_HAL_Driver/Src/stm32f4xx_ll_rcc.o
 .debug_frame   0x00000280      0x1fc Drivers/STM32F4xx_HAL_Driver/Src/stm32f4xx_ll_tim.o
 .debug_frame   0x0000047c       0x80 Drivers/STM32F4xx_HAL_Driver/Src/stm32f4xx_ll_usart.o
 .debug_frame   0x000004fc       0xd4 Drivers/STM32F4xx_HAL_Driver/Src/stm32f4xx_ll_utils.o
 .debug_frame   0x000005d0       0xfc Src/main.o
 .debug_frame   0x000006cc       0xf0 Src/stm32f4xx_it.o
 .debug_frame   0x000007bc       0x30 Src/system_stm32f4xx.o
 .debug_frame   0x000007ec       0x2c c:/ac6/systemworkbench/plugins/fr.ac6.mcu.externaltools.arm-none.win32_1.17.0.201812190825/tools/compiler/bin/../lib/gcc/arm-none-eabi/7.3.1/../../../../arm-none-eabi/lib/thumb/v7e-m/fpv4-sp/hard\libc_nano.a(lib_a-init.o)
 .debug_frame   0x00000818       0x20 c:/ac6/systemworkbench/plugins/fr.ac6.mcu.externaltools.arm-none.win32_1.17.0.201812190825/tools/compiler/bin/../lib/gcc/arm-none-eabi/7.3.1/../../../../arm-none-eabi/lib/thumb/v7e-m/fpv4-sp/hard\libc_nano.a(lib_a-memset.o)
